[0;32m[TEST][0m Starting Omarchy Ubuntu compatibility test...
[0;32m[TEST][0m Note: Running in Docker environment - some systemd services may fail
[0;32m[TEST][0m === Running Installation Scripts ===
[0;32m[TEST][0m Running: Package manager setup

WARNING: apt does not have a stable CLI interface. Use with caution in scripts.

Get:1 http://security.ubuntu.com/ubuntu plucky-security InRelease [126 kB]
Get:2 http://archive.ubuntu.com/ubuntu plucky InRelease [265 kB]
Get:3 http://security.ubuntu.com/ubuntu plucky-security/restricted amd64 Packages [163 kB]
Get:4 http://security.ubuntu.com/ubuntu plucky-security/main amd64 Packages [217 kB]
Get:5 http://security.ubuntu.com/ubuntu plucky-security/universe amd64 Packages [129 kB]
Get:6 http://security.ubuntu.com/ubuntu plucky-security/multiverse amd64 Packages [18.8 kB]
Get:7 http://archive.ubuntu.com/ubuntu plucky-updates InRelease [126 kB]
Get:8 http://archive.ubuntu.com/ubuntu plucky-backports InRelease [126 kB]
Get:9 http://archive.ubuntu.com/ubuntu plucky/multiverse amd64 Packages [322 kB]
Get:10 http://archive.ubuntu.com/ubuntu plucky/restricted amd64 Packages [66.2 kB]
Get:11 http://archive.ubuntu.com/ubuntu plucky/universe amd64 Packages [20.3 MB]
Get:12 http://archive.ubuntu.com/ubuntu plucky/main amd64 Packages [1862 kB]
Get:13 http://archive.ubuntu.com/ubuntu plucky-updates/multiverse amd64 Packages [34.8 kB]
Get:14 http://archive.ubuntu.com/ubuntu plucky-updates/restricted amd64 Packages [181 kB]
Get:15 http://archive.ubuntu.com/ubuntu plucky-updates/universe amd64 Packages [231 kB]
Get:16 http://archive.ubuntu.com/ubuntu plucky-updates/main amd64 Packages [334 kB]
Fetched 24.5 MB in 4s (6203 kB/s)
Reading package lists...
Building dependency tree...
Reading state information...
All packages are up to date.

WARNING: apt does not have a stable CLI interface. Use with caution in scripts.

Reading package lists...
Building dependency tree...
Reading state information...
git is already the newest version (1:2.48.1-0ubuntu1.1).
curl is already the newest version (8.12.1-3ubuntu1).
wget is already the newest version (1.24.5-2ubuntu1).
Installing:
  build-essential  cmake  pkg-config  software-properties-common

Installing dependencies:
  appstream                  libpackagekit-glib2-18
  binutils                   libpam-cap
  binutils-common            libpam-systemd
  binutils-x86-64-linux-gnu  libpkgconf3
  bzip2                      libpolkit-agent-1-0
  cmake-data                 libpolkit-gobject-1-0
  cpp                        libpython3-stdlib
  cpp-14                     libpython3.13-minimal
  cpp-14-x86-64-linux-gnu    libpython3.13-stdlib
  cpp-x86-64-linux-gnu       libquadmath0
  dbus                       libreadline8t64
  dbus-bin                   librhash1
  dbus-daemon                libsframe1
  dbus-session-bus-common    libsqlite3-0
  dbus-system-bus-common     libstdc++-14-dev
  dbus-user-session          libstemmer0d
  dirmngr                    libsystemd-shared
  distro-info-data           libtext-charwidth-perl
  dmsetup                    libtext-wrapi18n-perl
  dpkg-dev                   libtsan2
  fakeroot                   libubsan1
  g++                        libuv1t64
  g++-14                     libxml2
  g++-14-x86-64-linux-gnu    libxmlb2
  g++-x86-64-linux-gnu       libyaml-0-2
  gcc                        linux-libc-dev
  gcc-14                     linux-sysctl-defaults
  gcc-14-x86-64-linux-gnu    lsb-release
  gcc-x86-64-linux-gnu       lto-disabled-list
  gir1.2-girepository-2.0    make
  gir1.2-glib-2.0            manpages
  gir1.2-packagekitglib-1.0  manpages-dev
  gnupg                      media-types
  gnupg-l10n                 networkd-dispatcher
  gnupg-utils                packagekit
  gpg                        packagekit-tools
  gpg-agent                  pinentry-curses
  gpg-wks-client             pkgconf
  gpgconf                    pkgconf-bin
  gpgsm                      polkitd
  iso-codes                  python-apt-common
  keyboxd                    python3
  libalgorithm-diff-perl     python3-apt
  libalgorithm-diff-xs-perl  python3-autocommand
  libalgorithm-merge-perl    python3-bcrypt
  libappstream5              python3-blinker
  libarchive13t64            python3-cffi-backend
  libasan8                   python3-cryptography
  libatomic1                 python3-dbus
  libbinutils                python3-distro
  libc-dev-bin               python3-distro-info
  libc6-dev                  python3-gi
  libcap2-bin                python3-httplib2
  libcc1-0                   python3-inflect
  libcrypt-dev               python3-jaraco.context
  libcryptsetup12            python3-jaraco.functools
  libctf-nobfd0              python3-jwt
  libctf0                    python3-launchpadlib
  libdbus-1-3                python3-lazr.restfulclient
  libdevmapper1.02.1         python3-lazr.uri
  libdpkg-perl               python3-minimal
  libduktape207              python3-more-itertools
  libelf1t64                 python3-oauthlib
  libfakeroot                python3-pkg-resources
  libfile-fcntllock-perl     python3-pyparsing
  libgcc-14-dev              python3-software-properties
  libgirepository-1.0-1      python3-typeguard
  libglib2.0-0t64            python3-typing-extensions
  libglib2.0-bin             python3-wadllib
  libglib2.0-data            python3.13
  libgomp1                   python3.13-minimal
  libgprofng0                readline-common
  libgstreamer1.0-0          rpcsvc-proto
  libhwasan0                 sgml-base
  libisl23                   shared-mime-info
  libitm1                    systemd
  libjansson4                systemd-cryptsetup
  libjson-c5                 systemd-resolved
  libjsoncpp26               systemd-sysv
  libkmod2                   systemd-timesyncd
  libksba8                   tzdata
  liblocale-gettext-perl     ucf
  liblsan0                   unattended-upgrades
  libmpc3                    xdg-user-dirs
  libmpfr6                   xml-core
  libnss-systemd             xz-utils

Suggested packages:
  apt-config-icons      parcimonie          python-cryptography-doc
  binutils-doc          xloadimage          python3-cryptography-vectors
  gprofng-gui           gpg-wks-server      python-dbus-doc
  binutils-gold         scdaemon            python-jwt-doc
  bzip2-doc             isoquery            python3-crypto
  cmake-doc             lrzip               python3-keyring
  cmake-format          libc-devtools       python3-testresources
  elpa-cmake-mode       glibc-doc           python3-setuptools
  ninja-build           bzr                 python-pyparsing-doc
  cpp-doc               low-memory-monitor  python3.13-venv
  gcc-14-locales        gstreamer1.0-tools  python3.13-doc
  cpp-14-doc            libtss2-rc0t64      binfmt-support
  pinentry-gnome3       libstdc++-14-doc    readline-doc
  tor                   libbpf1             sgml-base-doc
  debian-keyring        libdw1t64           systemd-container
  g++-multilib          libip4tc2           systemd-homed
  g++-14-multilib       libpwquality1       systemd-userdbd
  gcc-14-doc            libqrencode4        systemd-boot
  gcc-multilib          make-doc            systemd-repart
  autoconf              man-browser         libtss2-tcti-device0
  automake              iw                  bsd-mailx
  libtool               | wireless-tools    default-mta
  flex                  pinentry-doc        | mail-transport-agent
  bison                 python3-doc         needrestart
  gdb                   python3-tk          powermgmt-base
  gcc-doc               python3-venv        debhelper
  gcc-14-multilib       python-apt-doc
  gdb-x86-64-linux-gnu  python-blinker-doc

Summary:
  Upgrading: 0, Installing: 176, Removing: 0, Not Upgrading: 0
  Download size: 125 MB
  Space needed: 445 MB / 920 GB available

Get:1 http://archive.ubuntu.com/ubuntu plucky/main amd64 liblocale-gettext-perl amd64 1.07-7build1 [15.8 kB]
Get:2 http://archive.ubuntu.com/ubuntu plucky-updates/main amd64 libpython3.13-minimal amd64 3.13.3-1ubuntu0.2 [885 kB]
Get:3 http://archive.ubuntu.com/ubuntu plucky-updates/main amd64 python3.13-minimal amd64 3.13.3-1ubuntu0.2 [2370 kB]
Get:4 http://archive.ubuntu.com/ubuntu plucky/main amd64 python3-minimal amd64 3.13.3-1 [27.8 kB]
Get:5 http://archive.ubuntu.com/ubuntu plucky/main amd64 media-types all 13.0.0 [29.9 kB]
Get:6 http://archive.ubuntu.com/ubuntu plucky-updates/main amd64 tzdata all 2025b-1ubuntu1.1 [198 kB]
Get:7 http://archive.ubuntu.com/ubuntu plucky/main amd64 readline-common all 8.2-6 [56.5 kB]
Get:8 http://archive.ubuntu.com/ubuntu plucky/main amd64 libreadline8t64 amd64 8.2-6 [162 kB]
Get:9 http://archive.ubuntu.com/ubuntu plucky-updates/main amd64 libsqlite3-0 amd64 3.46.1-3ubuntu0.2 [715 kB]
Get:10 http://archive.ubuntu.com/ubuntu plucky-updates/main amd64 libpython3.13-stdlib amd64 3.13.3-1ubuntu0.2 [2072 kB]
Get:11 http://archive.ubuntu.com/ubuntu plucky-updates/main amd64 python3.13 amd64 3.13.3-1ubuntu0.2 [740 kB]
Get:12 http://archive.ubuntu.com/ubuntu plucky/main amd64 libpython3-stdlib amd64 3.13.3-1 [10.5 kB]
Get:13 http://archive.ubuntu.com/ubuntu plucky/main amd64 python3 amd64 3.13.3-1 [24.0 kB]
Get:14 http://archive.ubuntu.com/ubuntu plucky-updates/main amd64 libsystemd-shared amd64 257.4-1ubuntu3.1 [2371 kB]
Get:15 http://archive.ubuntu.com/ubuntu plucky-updates/main amd64 systemd amd64 257.4-1ubuntu3.1 [3053 kB]
Get:16 http://archive.ubuntu.com/ubuntu plucky-updates/main amd64 systemd-sysv amd64 257.4-1ubuntu3.1 [11.9 kB]
Get:17 http://archive.ubuntu.com/ubuntu plucky/main amd64 sgml-base all 1.31 [11.4 kB]
Get:18 http://archive.ubuntu.com/ubuntu plucky/main amd64 libdbus-1-3 amd64 1.16.2-2ubuntu1 [195 kB]
Get:19 http://archive.ubuntu.com/ubuntu plucky/main amd64 dbus-bin amd64 1.16.2-2ubuntu1 [46.5 kB]
Get:20 http://archive.ubuntu.com/ubuntu plucky/main amd64 dbus-session-bus-common all 1.16.2-2ubuntu1 [54.2 kB]
Get:21 http://archive.ubuntu.com/ubuntu plucky/main amd64 dbus-daemon amd64 1.16.2-2ubuntu1 [123 kB]
Get:22 http://archive.ubuntu.com/ubuntu plucky/main amd64 dbus-system-bus-common all 1.16.2-2ubuntu1 [55.7 kB]
Get:23 http://archive.ubuntu.com/ubuntu plucky/main amd64 dbus amd64 1.16.2-2ubuntu1 [24.8 kB]
Get:24 http://archive.ubuntu.com/ubuntu plucky-updates/main amd64 libpam-systemd amd64 257.4-1ubuntu3.1 [302 kB]
Get:25 http://archive.ubuntu.com/ubuntu plucky/main amd64 dbus-user-session amd64 1.16.2-2ubuntu1 [9692 B]
Get:26 http://archive.ubuntu.com/ubuntu plucky-updates/main amd64 distro-info-data all 0.63ubuntu0.1 [6704 B]
Get:27 http://archive.ubuntu.com/ubuntu plucky/main amd64 libatomic1 amd64 15-20250404-0ubuntu1 [10.4 kB]
Get:28 http://archive.ubuntu.com/ubuntu plucky-updates/main amd64 libglib2.0-0t64 amd64 2.84.1-1ubuntu0.1 [1670 kB]
Get:29 http://archive.ubuntu.com/ubuntu plucky-updates/main amd64 gir1.2-glib-2.0 amd64 2.84.1-1ubuntu0.1 [184 kB]
Get:30 http://archive.ubuntu.com/ubuntu plucky/main amd64 libgirepository-1.0-1 amd64 1.84.0-1 [89.5 kB]
Get:31 http://archive.ubuntu.com/ubuntu plucky/main amd64 gir1.2-girepository-2.0 amd64 1.84.0-1 [25.3 kB]
Get:32 http://archive.ubuntu.com/ubuntu plucky/main amd64 iso-codes all 4.17.0-1 [3612 kB]
Get:33 http://archive.ubuntu.com/ubuntu plucky/main amd64 libcap2-bin amd64 1:2.73-4ubuntu1 [34.9 kB]
Get:34 http://archive.ubuntu.com/ubuntu plucky/main amd64 libelf1t64 amd64 0.192-4ubuntu1 [58.6 kB]
Get:35 http://archive.ubuntu.com/ubuntu plucky-updates/main amd64 libglib2.0-data all 2.84.1-1ubuntu0.1 [53.3 kB]
Get:36 http://archive.ubuntu.com/ubuntu plucky/main amd64 libjson-c5 amd64 0.18+ds-1 [38.4 kB]
Get:37 http://archive.ubuntu.com/ubuntu plucky/main amd64 libkmod2 amd64 33+20240816-2ubuntu1 [56.6 kB]
Get:38 http://archive.ubuntu.com/ubuntu plucky-updates/main amd64 libnss-systemd amd64 257.4-1ubuntu3.1 [199 kB]
Get:39 http://archive.ubuntu.com/ubuntu plucky/main amd64 libpam-cap amd64 1:2.73-4ubuntu1 [12.7 kB]
Get:40 http://archive.ubuntu.com/ubuntu plucky/main amd64 libtext-charwidth-perl amd64 0.04-11build4 [9530 B]
Get:41 http://archive.ubuntu.com/ubuntu plucky/main amd64 libtext-wrapi18n-perl all 0.06-10 [7694 B]
Get:42 http://archive.ubuntu.com/ubuntu plucky-updates/main amd64 libxml2 amd64 2.12.7+dfsg+really2.9.14-0.4ubuntu0.1 [772 kB]
Get:43 http://archive.ubuntu.com/ubuntu plucky/main amd64 libyaml-0-2 amd64 0.2.5-2 [54.1 kB]
Get:44 http://archive.ubuntu.com/ubuntu plucky/main amd64 lsb-release all 12.1-1 [5910 B]
Get:45 http://archive.ubuntu.com/ubuntu plucky/main amd64 python3-dbus amd64 1.3.2-5build5 [102 kB]
Get:46 http://archive.ubuntu.com/ubuntu plucky/main amd64 python3-gi amd64 3.50.0-4build1 [252 kB]
Get:47 http://archive.ubuntu.com/ubuntu plucky/main amd64 networkd-dispatcher all 2.2.4-1.1 [15.6 kB]
Get:48 http://archive.ubuntu.com/ubuntu plucky/main amd64 python-apt-common all 3.0.0 [21.3 kB]
Get:49 http://archive.ubuntu.com/ubuntu plucky/main amd64 python3-apt amd64 3.0.0 [172 kB]
Get:50 http://archive.ubuntu.com/ubuntu plucky/main amd64 python3-cffi-backend amd64 1.17.1-2build2 [96.6 kB]
Get:51 http://archive.ubuntu.com/ubuntu plucky/main amd64 shared-mime-info amd64 2.4-5build1 [480 kB]
Get:52 http://archive.ubuntu.com/ubuntu plucky-updates/main amd64 systemd-resolved amd64 257.4-1ubuntu3.1 [345 kB]
Get:53 http://archive.ubuntu.com/ubuntu plucky-updates/main amd64 systemd-timesyncd amd64 257.4-1ubuntu3.1 [42.1 kB]
Get:54 http://archive.ubuntu.com/ubuntu plucky/main amd64 ucf all 3.0050 [43.5 kB]
Get:55 http://archive.ubuntu.com/ubuntu plucky/main amd64 xdg-user-dirs amd64 0.18-2 [18.5 kB]
Get:56 http://archive.ubuntu.com/ubuntu plucky/main amd64 libdevmapper1.02.1 amd64 2:1.02.201-1ubuntu1 [170 kB]
Get:57 http://archive.ubuntu.com/ubuntu plucky/main amd64 dmsetup amd64 2:1.02.201-1ubuntu1 [88.1 kB]
Get:58 http://archive.ubuntu.com/ubuntu plucky/main amd64 libjansson4 amd64 2.14-2build2 [32.8 kB]
Get:59 http://archive.ubuntu.com/ubuntu plucky/main amd64 libuv1t64 amd64 1.50.0-2ubuntu1 [109 kB]
Get:60 http://archive.ubuntu.com/ubuntu plucky/main amd64 manpages all 6.9.1-1 [1385 kB]
Get:61 http://archive.ubuntu.com/ubuntu plucky/main amd64 python3-distro-info all 1.13 [7798 B]
Get:62 http://archive.ubuntu.com/ubuntu plucky/main amd64 xz-utils amd64 5.6.4-1ubuntu1 [278 kB]
Get:63 http://archive.ubuntu.com/ubuntu plucky/main amd64 libstemmer0d amd64 2.2.0-4build1 [161 kB]
Get:64 http://archive.ubuntu.com/ubuntu plucky/main amd64 libxmlb2 amd64 0.3.22-1 [74.8 kB]
Get:65 http://archive.ubuntu.com/ubuntu plucky/main amd64 libappstream5 amd64 1.0.4-1 [247 kB]
Get:66 http://archive.ubuntu.com/ubuntu plucky/main amd64 appstream amd64 1.0.4-1 [74.8 kB]
Get:67 http://archive.ubuntu.com/ubuntu plucky/main amd64 libsframe1 amd64 2.44-3ubuntu1 [14.8 kB]
Get:68 http://archive.ubuntu.com/ubuntu plucky/main amd64 binutils-common amd64 2.44-3ubuntu1 [215 kB]
Get:69 http://archive.ubuntu.com/ubuntu plucky/main amd64 libbinutils amd64 2.44-3ubuntu1 [585 kB]
Get:70 http://archive.ubuntu.com/ubuntu plucky/main amd64 libgprofng0 amd64 2.44-3ubuntu1 [886 kB]
Get:71 http://archive.ubuntu.com/ubuntu plucky/main amd64 libctf-nobfd0 amd64 2.44-3ubuntu1 [98.9 kB]
Get:72 http://archive.ubuntu.com/ubuntu plucky/main amd64 libctf0 amd64 2.44-3ubuntu1 [96.5 kB]
Get:73 http://archive.ubuntu.com/ubuntu plucky/main amd64 binutils-x86-64-linux-gnu amd64 2.44-3ubuntu1 [1108 kB]
Get:74 http://archive.ubuntu.com/ubuntu plucky/main amd64 binutils amd64 2.44-3ubuntu1 [208 kB]
Get:75 http://archive.ubuntu.com/ubuntu plucky-updates/main amd64 libc-dev-bin amd64 2.41-6ubuntu1.1 [23.4 kB]
Get:76 http://archive.ubuntu.com/ubuntu plucky-updates/main amd64 linux-libc-dev amd64 6.14.0-27.27 [1777 kB]
Get:77 http://archive.ubuntu.com/ubuntu plucky/main amd64 libcrypt-dev amd64 1:4.4.38-1 [120 kB]
Get:78 http://archive.ubuntu.com/ubuntu plucky/main amd64 rpcsvc-proto amd64 1.4.2-0ubuntu7 [67.4 kB]
Get:79 http://archive.ubuntu.com/ubuntu plucky-updates/main amd64 libc6-dev amd64 2.41-6ubuntu1.1 [2182 kB]
Get:80 http://archive.ubuntu.com/ubuntu plucky/main amd64 libisl23 amd64 0.27-1 [685 kB]
Get:81 http://archive.ubuntu.com/ubuntu plucky/main amd64 libmpfr6 amd64 4.2.2-1 [361 kB]
Get:82 http://archive.ubuntu.com/ubuntu plucky/main amd64 libmpc3 amd64 1.3.1-1build2 [55.3 kB]
Get:83 http://archive.ubuntu.com/ubuntu plucky/main amd64 cpp-14-x86-64-linux-gnu amd64 14.2.0-19ubuntu2 [11.9 MB]
Get:84 http://archive.ubuntu.com/ubuntu plucky/main amd64 cpp-14 amd64 14.2.0-19ubuntu2 [1030 B]
Get:85 http://archive.ubuntu.com/ubuntu plucky/main amd64 cpp-x86-64-linux-gnu amd64 4:14.2.0-1ubuntu1 [5586 B]
Get:86 http://archive.ubuntu.com/ubuntu plucky/main amd64 cpp amd64 4:14.2.0-1ubuntu1 [22.4 kB]
Get:87 http://archive.ubuntu.com/ubuntu plucky/main amd64 libcc1-0 amd64 15-20250404-0ubuntu1 [47.1 kB]
Get:88 http://archive.ubuntu.com/ubuntu plucky/main amd64 libgomp1 amd64 15-20250404-0ubuntu1 [151 kB]
Get:89 http://archive.ubuntu.com/ubuntu plucky/main amd64 libitm1 amd64 15-20250404-0ubuntu1 [29.5 kB]
Get:90 http://archive.ubuntu.com/ubuntu plucky/main amd64 libasan8 amd64 15-20250404-0ubuntu1 [3076 kB]
Get:91 http://archive.ubuntu.com/ubuntu plucky/main amd64 liblsan0 amd64 15-20250404-0ubuntu1 [1362 kB]
Get:92 http://archive.ubuntu.com/ubuntu plucky/main amd64 libtsan2 amd64 15-20250404-0ubuntu1 [2760 kB]
Get:93 http://archive.ubuntu.com/ubuntu plucky/main amd64 libubsan1 amd64 15-20250404-0ubuntu1 [1211 kB]
Get:94 http://archive.ubuntu.com/ubuntu plucky/main amd64 libhwasan0 amd64 15-20250404-0ubuntu1 [1687 kB]
Get:95 http://archive.ubuntu.com/ubuntu plucky/main amd64 libquadmath0 amd64 15-20250404-0ubuntu1 [153 kB]
Get:96 http://archive.ubuntu.com/ubuntu plucky/main amd64 libgcc-14-dev amd64 14.2.0-19ubuntu2 [2815 kB]
Get:97 http://archive.ubuntu.com/ubuntu plucky/main amd64 gcc-14-x86-64-linux-gnu amd64 14.2.0-19ubuntu2 [23.3 MB]
Get:98 http://archive.ubuntu.com/ubuntu plucky/main amd64 gcc-14 amd64 14.2.0-19ubuntu2 [540 kB]
Get:99 http://archive.ubuntu.com/ubuntu plucky/main amd64 gcc-x86-64-linux-gnu amd64 4:14.2.0-1ubuntu1 [1208 B]
Get:100 http://archive.ubuntu.com/ubuntu plucky/main amd64 gcc amd64 4:14.2.0-1ubuntu1 [5004 B]
Get:101 http://archive.ubuntu.com/ubuntu plucky/main amd64 libstdc++-14-dev amd64 14.2.0-19ubuntu2 [2510 kB]
Get:102 http://archive.ubuntu.com/ubuntu plucky/main amd64 g++-14-x86-64-linux-gnu amd64 14.2.0-19ubuntu2 [13.4 MB]
Get:103 http://archive.ubuntu.com/ubuntu plucky/main amd64 g++-14 amd64 14.2.0-19ubuntu2 [23.0 kB]
Get:104 http://archive.ubuntu.com/ubuntu plucky/main amd64 g++-x86-64-linux-gnu amd64 4:14.2.0-1ubuntu1 [968 B]
Get:105 http://archive.ubuntu.com/ubuntu plucky/main amd64 g++ amd64 4:14.2.0-1ubuntu1 [1100 B]
Get:106 http://archive.ubuntu.com/ubuntu plucky/main amd64 make amd64 4.4.1-1 [218 kB]
Get:107 http://archive.ubuntu.com/ubuntu plucky/main amd64 libdpkg-perl all 1.22.18ubuntu2 [281 kB]
Get:108 http://archive.ubuntu.com/ubuntu plucky/main amd64 bzip2 amd64 1.0.8-6 [34.6 kB]
Get:109 http://archive.ubuntu.com/ubuntu plucky/main amd64 lto-disabled-list all 57 [12.4 kB]
Get:110 http://archive.ubuntu.com/ubuntu plucky/main amd64 dpkg-dev all 1.22.18ubuntu2 [1089 kB]
Get:111 http://archive.ubuntu.com/ubuntu plucky/main amd64 build-essential amd64 12.12ubuntu1 [5080 B]
Get:112 http://archive.ubuntu.com/ubuntu plucky/main amd64 cmake-data all 3.31.6-1ubuntu1 [2294 kB]
Get:113 http://archive.ubuntu.com/ubuntu plucky-updates/main amd64 libarchive13t64 amd64 3.7.7-0ubuntu2.3 [461 kB]
Get:114 http://archive.ubuntu.com/ubuntu plucky/main amd64 libjsoncpp26 amd64 1.9.6-3 [90.0 kB]
Get:115 http://archive.ubuntu.com/ubuntu plucky/main amd64 librhash1 amd64 1.4.5-1 [132 kB]
Get:116 http://archive.ubuntu.com/ubuntu plucky/main amd64 cmake amd64 3.31.6-1ubuntu1 [12.6 MB]
Get:117 http://archive.ubuntu.com/ubuntu plucky-updates/main amd64 gpgconf amd64 2.4.4-2ubuntu23.1 [107 kB]
Get:118 http://archive.ubuntu.com/ubuntu plucky/main amd64 libksba8 amd64 1.6.7-2 [122 kB]
Get:119 http://archive.ubuntu.com/ubuntu plucky-updates/main amd64 dirmngr amd64 2.4.4-2ubuntu23.1 [353 kB]
Get:120 http://archive.ubuntu.com/ubuntu plucky/main amd64 libfakeroot amd64 1.37.1-1 [33.9 kB]
Get:121 http://archive.ubuntu.com/ubuntu plucky/main amd64 fakeroot amd64 1.37.1-1 [68.1 kB]
Get:122 http://archive.ubuntu.com/ubuntu plucky/main amd64 libpackagekit-glib2-18 amd64 1.3.0-3build1 [120 kB]
Get:123 http://archive.ubuntu.com/ubuntu plucky/main amd64 gir1.2-packagekitglib-1.0 amd64 1.3.0-3build1 [25.5 kB]
Get:124 http://archive.ubuntu.com/ubuntu plucky-updates/main amd64 gnupg-utils amd64 2.4.4-2ubuntu23.1 [115 kB]
Get:125 http://archive.ubuntu.com/ubuntu plucky-updates/main amd64 gpg amd64 2.4.4-2ubuntu23.1 [652 kB]
Get:126 http://archive.ubuntu.com/ubuntu plucky/main amd64 pinentry-curses amd64 1.3.1-2ubuntu3 [42.3 kB]
Get:127 http://archive.ubuntu.com/ubuntu plucky-updates/main amd64 gpg-agent amd64 2.4.4-2ubuntu23.1 [247 kB]
Get:128 http://archive.ubuntu.com/ubuntu plucky-updates/main amd64 gpgsm amd64 2.4.4-2ubuntu23.1 [263 kB]
Get:129 http://archive.ubuntu.com/ubuntu plucky-updates/main amd64 keyboxd amd64 2.4.4-2ubuntu23.1 [86.3 kB]
Get:130 http://archive.ubuntu.com/ubuntu plucky-updates/main amd64 gnupg all 2.4.4-2ubuntu23.1 [359 kB]
Get:131 http://archive.ubuntu.com/ubuntu plucky-updates/main amd64 gnupg-l10n all 2.4.4-2ubuntu23.1 [66.9 kB]
Get:132 http://archive.ubuntu.com/ubuntu plucky-updates/main amd64 gpg-wks-client amd64 2.4.4-2ubuntu23.1 [73.8 kB]
Get:133 http://archive.ubuntu.com/ubuntu plucky/main amd64 libalgorithm-diff-perl all 1.201-1 [41.8 kB]
Get:134 http://archive.ubuntu.com/ubuntu plucky/main amd64 libalgorithm-diff-xs-perl amd64 0.04-9 [11.5 kB]
Get:135 http://archive.ubuntu.com/ubuntu plucky/main amd64 libalgorithm-merge-perl all 0.08-5 [11.4 kB]
Get:136 http://archive.ubuntu.com/ubuntu plucky/main amd64 libcryptsetup12 amd64 2:2.7.5-1ubuntu2 [321 kB]
Get:137 http://archive.ubuntu.com/ubuntu plucky/main amd64 libduktape207 amd64 2.7.0+tests-0ubuntu3 [143 kB]
Get:138 http://archive.ubuntu.com/ubuntu plucky/main amd64 libfile-fcntllock-perl amd64 0.22-4ubuntu6 [32.8 kB]
Get:139 http://archive.ubuntu.com/ubuntu plucky-updates/main amd64 libglib2.0-bin amd64 2.84.1-1ubuntu0.1 [103 kB]
Get:140 http://archive.ubuntu.com/ubuntu plucky/main amd64 libgstreamer1.0-0 amd64 1.26.0-3 [1227 kB]
Get:141 http://archive.ubuntu.com/ubuntu plucky/main amd64 libpkgconf3 amd64 1.8.1-4 [32.3 kB]
Get:142 http://archive.ubuntu.com/ubuntu plucky/main amd64 libpolkit-gobject-1-0 amd64 126-2 [49.9 kB]
Get:143 http://archive.ubuntu.com/ubuntu plucky/main amd64 libpolkit-agent-1-0 amd64 126-2 [18.2 kB]
Get:144 http://archive.ubuntu.com/ubuntu plucky/main amd64 linux-sysctl-defaults all 4.10.1ubuntu2 [5470 B]
Get:145 http://archive.ubuntu.com/ubuntu plucky/main amd64 manpages-dev all 6.9.1-1 [2108 kB]
Get:146 http://archive.ubuntu.com/ubuntu plucky/main amd64 xml-core all 0.19 [20.3 kB]
Get:147 http://archive.ubuntu.com/ubuntu plucky/main amd64 polkitd amd64 126-2 [98.2 kB]
Get:148 http://archive.ubuntu.com/ubuntu plucky/main amd64 packagekit amd64 1.3.0-3build1 [472 kB]
Get:149 http://archive.ubuntu.com/ubuntu plucky/main amd64 packagekit-tools amd64 1.3.0-3build1 [28.6 kB]
Get:150 http://archive.ubuntu.com/ubuntu plucky/main amd64 pkgconf-bin amd64 1.8.1-4 [21.6 kB]
Get:151 http://archive.ubuntu.com/ubuntu plucky/main amd64 pkgconf amd64 1.8.1-4 [16.8 kB]
Get:152 http://archive.ubuntu.com/ubuntu plucky/main amd64 pkg-config amd64 1.8.1-4 [7362 B]
Get:153 http://archive.ubuntu.com/ubuntu plucky/main amd64 python3-autocommand all 2.2.2-3 [13.8 kB]
Get:154 http://archive.ubuntu.com/ubuntu plucky/main amd64 python3-blinker all 1.9.0-1 [10.7 kB]
Get:155 http://archive.ubuntu.com/ubuntu plucky/main amd64 python3-bcrypt amd64 4.2.0-2.1build1 [221 kB]
Get:156 http://archive.ubuntu.com/ubuntu plucky/main amd64 python3-cryptography amd64 43.0.0-1ubuntu1 [976 kB]
Get:157 http://archive.ubuntu.com/ubuntu plucky/main amd64 python3-pyparsing all 3.1.2-1 [86.4 kB]
Get:158 http://archive.ubuntu.com/ubuntu plucky/main amd64 python3-httplib2 all 0.22.0-1 [30.4 kB]
Get:159 http://archive.ubuntu.com/ubuntu plucky/main amd64 python3-more-itertools all 10.6.0-1 [57.7 kB]
Get:160 http://archive.ubuntu.com/ubuntu plucky/main amd64 python3-typing-extensions all 4.12.2-2 [66.0 kB]
Get:161 http://archive.ubuntu.com/ubuntu plucky/main amd64 python3-typeguard all 4.4.2-1 [29.2 kB]
Get:162 http://archive.ubuntu.com/ubuntu plucky/main amd64 python3-inflect all 7.3.1-2 [33.3 kB]
Get:163 http://archive.ubuntu.com/ubuntu plucky/main amd64 python3-jaraco.context all 6.0.1-1 [8272 B]
Get:164 http://archive.ubuntu.com/ubuntu plucky/main amd64 python3-jaraco.functools all 4.1.0-1 [11.8 kB]
Get:165 http://archive.ubuntu.com/ubuntu plucky/main amd64 python3-jwt all 2.10.1-2 [21.0 kB]
Get:166 http://archive.ubuntu.com/ubuntu plucky/main amd64 python3-lazr.uri all 1.0.6-6 [13.7 kB]
Get:167 http://archive.ubuntu.com/ubuntu plucky/main amd64 python3-wadllib all 2.0.0-2 [36.2 kB]
Get:168 http://archive.ubuntu.com/ubuntu plucky/main amd64 python3-distro all 1.9.0-1 [19.0 kB]
Get:169 http://archive.ubuntu.com/ubuntu plucky/main amd64 python3-oauthlib all 3.2.2-3 [89.9 kB]
Get:170 http://archive.ubuntu.com/ubuntu plucky-updates/main amd64 python3-pkg-resources all 75.8.0-1ubuntu1 [144 kB]
Get:171 http://archive.ubuntu.com/ubuntu plucky/main amd64 python3-lazr.restfulclient all 0.14.6-2 [50.9 kB]
Get:172 http://archive.ubuntu.com/ubuntu plucky/main amd64 python3-launchpadlib all 2.1.0-1 [126 kB]
Get:173 http://archive.ubuntu.com/ubuntu plucky/main amd64 python3-software-properties all 0.111 [31.1 kB]
Get:174 http://archive.ubuntu.com/ubuntu plucky/main amd64 software-properties-common all 0.111 [16.5 kB]
Get:175 http://archive.ubuntu.com/ubuntu plucky-updates/main amd64 systemd-cryptsetup amd64 257.4-1ubuntu3.1 [124 kB]
Get:176 http://archive.ubuntu.com/ubuntu plucky/main amd64 unattended-upgrades all 2.12ubuntu4 [58.5 kB]
debconf: unable to initialize frontend: Dialog
debconf: (Dialog frontend will not work on a dumb terminal, an emacs shell buffer, or without a controlling terminal.)
debconf: falling back to frontend: Readline
debconf: unable to initialize frontend: Readline
debconf: (This frontend requires a controlling tty.)
debconf: falling back to frontend: Teletype
dpkg-preconfigure: unable to re-open stdin: 
Fetched 125 MB in 8s (15.8 MB/s)
Selecting previously unselected package liblocale-gettext-perl.
(Reading database ... (Reading database ... 5%(Reading database ... 10%(Reading database ... 15%(Reading database ... 20%(Reading database ... 25%(Reading database ... 30%(Reading database ... 35%(Reading database ... 40%(Reading database ... 45%(Reading database ... 50%(Reading database ... 55%(Reading database ... 60%(Reading database ... 65%(Reading database ... 70%(Reading database ... 75%(Reading database ... 80%(Reading database ... 85%(Reading database ... 90%(Reading database ... 95%(Reading database ... 100%(Reading database ... 8814 files and directories currently installed.)
Preparing to unpack .../liblocale-gettext-perl_1.07-7build1_amd64.deb ...
Unpacking liblocale-gettext-perl (1.07-7build1) ...
Selecting previously unselected package libpython3.13-minimal:amd64.
Preparing to unpack .../libpython3.13-minimal_3.13.3-1ubuntu0.2_amd64.deb ...
Unpacking libpython3.13-minimal:amd64 (3.13.3-1ubuntu0.2) ...
Selecting previously unselected package python3.13-minimal.
Preparing to unpack .../python3.13-minimal_3.13.3-1ubuntu0.2_amd64.deb ...
Unpacking python3.13-minimal (3.13.3-1ubuntu0.2) ...
Setting up libpython3.13-minimal:amd64 (3.13.3-1ubuntu0.2) ...
Setting up python3.13-minimal (3.13.3-1ubuntu0.2) ...
Selecting previously unselected package python3-minimal.
(Reading database ... (Reading database ... 5%(Reading database ... 10%(Reading database ... 15%(Reading database ... 20%(Reading database ... 25%(Reading database ... 30%(Reading database ... 35%(Reading database ... 40%(Reading database ... 45%(Reading database ... 50%(Reading database ... 55%(Reading database ... 60%(Reading database ... 65%(Reading database ... 70%(Reading database ... 75%(Reading database ... 80%(Reading database ... 85%(Reading database ... 90%(Reading database ... 95%(Reading database ... 100%(Reading database ... 9153 files and directories currently installed.)
Preparing to unpack .../0-python3-minimal_3.13.3-1_amd64.deb ...
Unpacking python3-minimal (3.13.3-1) ...
Selecting previously unselected package media-types.
Preparing to unpack .../1-media-types_13.0.0_all.deb ...
Unpacking media-types (13.0.0) ...
Selecting previously unselected package tzdata.
Preparing to unpack .../2-tzdata_2025b-1ubuntu1.1_all.deb ...
Unpacking tzdata (2025b-1ubuntu1.1) ...
Selecting previously unselected package readline-common.
Preparing to unpack .../3-readline-common_8.2-6_all.deb ...
Unpacking readline-common (8.2-6) ...
Selecting previously unselected package libreadline8t64:amd64.
Preparing to unpack .../4-libreadline8t64_8.2-6_amd64.deb ...
Adding 'diversion of /lib/x86_64-linux-gnu/libhistory.so.8 to /lib/x86_64-linux-gnu/libhistory.so.8.usr-is-merged by libreadline8t64'
Adding 'diversion of /lib/x86_64-linux-gnu/libhistory.so.8.2 to /lib/x86_64-linux-gnu/libhistory.so.8.2.usr-is-merged by libreadline8t64'
Adding 'diversion of /lib/x86_64-linux-gnu/libreadline.so.8 to /lib/x86_64-linux-gnu/libreadline.so.8.usr-is-merged by libreadline8t64'
Adding 'diversion of /lib/x86_64-linux-gnu/libreadline.so.8.2 to /lib/x86_64-linux-gnu/libreadline.so.8.2.usr-is-merged by libreadline8t64'
Unpacking libreadline8t64:amd64 (8.2-6) ...
Selecting previously unselected package libsqlite3-0:amd64.
Preparing to unpack .../5-libsqlite3-0_3.46.1-3ubuntu0.2_amd64.deb ...
Unpacking libsqlite3-0:amd64 (3.46.1-3ubuntu0.2) ...
Selecting previously unselected package libpython3.13-stdlib:amd64.
Preparing to unpack .../6-libpython3.13-stdlib_3.13.3-1ubuntu0.2_amd64.deb ...
Unpacking libpython3.13-stdlib:amd64 (3.13.3-1ubuntu0.2) ...
Selecting previously unselected package python3.13.
Preparing to unpack .../7-python3.13_3.13.3-1ubuntu0.2_amd64.deb ...
Unpacking python3.13 (3.13.3-1ubuntu0.2) ...
Selecting previously unselected package libpython3-stdlib:amd64.
Preparing to unpack .../8-libpython3-stdlib_3.13.3-1_amd64.deb ...
Unpacking libpython3-stdlib:amd64 (3.13.3-1) ...
Setting up python3-minimal (3.13.3-1) ...
Selecting previously unselected package python3.
(Reading database ... (Reading database ... 5%(Reading database ... 10%(Reading database ... 15%(Reading database ... 20%(Reading database ... 25%(Reading database ... 30%(Reading database ... 35%(Reading database ... 40%(Reading database ... 45%(Reading database ... 50%(Reading database ... 55%(Reading database ... 60%(Reading database ... 65%(Reading database ... 70%(Reading database ... 75%(Reading database ... 80%(Reading database ... 85%(Reading database ... 90%(Reading database ... 95%(Reading database ... 100%(Reading database ... 10156 files and directories currently installed.)
Preparing to unpack .../python3_3.13.3-1_amd64.deb ...
Unpacking python3 (3.13.3-1) ...
Selecting previously unselected package libsystemd-shared:amd64.
Preparing to unpack .../libsystemd-shared_257.4-1ubuntu3.1_amd64.deb ...
Unpacking libsystemd-shared:amd64 (257.4-1ubuntu3.1) ...
Setting up libsystemd-shared:amd64 (257.4-1ubuntu3.1) ...
Selecting previously unselected package systemd.
(Reading database ... (Reading database ... 5%(Reading database ... 10%(Reading database ... 15%(Reading database ... 20%(Reading database ... 25%(Reading database ... 30%(Reading database ... 35%(Reading database ... 40%(Reading database ... 45%(Reading database ... 50%(Reading database ... 55%(Reading database ... 60%(Reading database ... 65%(Reading database ... 70%(Reading database ... 75%(Reading database ... 80%(Reading database ... 85%(Reading database ... 90%(Reading database ... 95%(Reading database ... 100%(Reading database ... 10185 files and directories currently installed.)
Preparing to unpack .../systemd_257.4-1ubuntu3.1_amd64.deb ...
Unpacking systemd (257.4-1ubuntu3.1) ...
Setting up systemd (257.4-1ubuntu3.1) ...
Created symlink '/etc/systemd/system/getty.target.wants/getty@tty1.service' → '/usr/lib/systemd/system/getty@.service'.
Created symlink '/etc/systemd/system/multi-user.target.wants/remote-fs.target' → '/usr/lib/systemd/system/remote-fs.target'.
Created symlink '/etc/systemd/system/sysinit.target.wants/systemd-pstore.service' → '/usr/lib/systemd/system/systemd-pstore.service'.
Initializing machine ID from random generator.
[0;1;39m/usr/lib/tmpfiles.d/legacy.conf:14: Duplicate line for path "/run/lock", ignoring.[0m
[0;1;31m/usr/lib/tmpfiles.d/systemd-network.conf:10: Failed to resolve user 'systemd-network': No such process[0m
[0;1;31m/usr/lib/tmpfiles.d/systemd-network.conf:11: Failed to resolve user 'systemd-network': No such process[0m
[0;1;31m/usr/lib/tmpfiles.d/systemd-network.conf:12: Failed to resolve user 'systemd-network': No such process[0m
[0;1;31m/usr/lib/tmpfiles.d/systemd-network.conf:13: Failed to resolve user 'systemd-network': No such process[0m
[0;1;31m/usr/lib/tmpfiles.d/systemd.conf:21: Failed to resolve group 'systemd-journal': No such process[0m
[0;1;31m/usr/lib/tmpfiles.d/systemd.conf:22: Failed to resolve group 'systemd-journal': No such process[0m
[0;1;31m/usr/lib/tmpfiles.d/systemd.conf:26: Failed to resolve group 'systemd-journal': No such process[0m
[0;1;31m/usr/lib/tmpfiles.d/systemd.conf:27: Failed to resolve group 'systemd-journal': No such process[0m
[0;1;31m/usr/lib/tmpfiles.d/systemd.conf:28: Failed to resolve group 'systemd-journal': No such process[0m
Creating group 'systemd-journal' with GID 999.
Creating group 'systemd-network' with GID 998.
Creating user 'systemd-network' (systemd Network Management) with UID 998 and GID 998.
[0;1;39m/usr/lib/tmpfiles.d/legacy.conf:14: Duplicate line for path "/run/lock", ignoring.[0m
Selecting previously unselected package systemd-sysv.
(Reading database ... (Reading database ... 5%(Reading database ... 10%(Reading database ... 15%(Reading database ... 20%(Reading database ... 25%(Reading database ... 30%(Reading database ... 35%(Reading database ... 40%(Reading database ... 45%(Reading database ... 50%(Reading database ... 55%(Reading database ... 60%(Reading database ... 65%(Reading database ... 70%(Reading database ... 75%(Reading database ... 80%(Reading database ... 85%(Reading database ... 90%(Reading database ... 95%(Reading database ... 100%(Reading database ... 11089 files and directories currently installed.)
Preparing to unpack .../000-systemd-sysv_257.4-1ubuntu3.1_amd64.deb ...
Unpacking systemd-sysv (257.4-1ubuntu3.1) ...
Selecting previously unselected package sgml-base.
Preparing to unpack .../001-sgml-base_1.31_all.deb ...
Unpacking sgml-base (1.31) ...
Selecting previously unselected package libdbus-1-3:amd64.
Preparing to unpack .../002-libdbus-1-3_1.16.2-2ubuntu1_amd64.deb ...
Unpacking libdbus-1-3:amd64 (1.16.2-2ubuntu1) ...
Selecting previously unselected package dbus-bin.
Preparing to unpack .../003-dbus-bin_1.16.2-2ubuntu1_amd64.deb ...
Unpacking dbus-bin (1.16.2-2ubuntu1) ...
Selecting previously unselected package dbus-session-bus-common.
Preparing to unpack .../004-dbus-session-bus-common_1.16.2-2ubuntu1_all.deb ...
Unpacking dbus-session-bus-common (1.16.2-2ubuntu1) ...
Selecting previously unselected package dbus-daemon.
Preparing to unpack .../005-dbus-daemon_1.16.2-2ubuntu1_amd64.deb ...
Unpacking dbus-daemon (1.16.2-2ubuntu1) ...
Selecting previously unselected package dbus-system-bus-common.
Preparing to unpack .../006-dbus-system-bus-common_1.16.2-2ubuntu1_all.deb ...
Unpacking dbus-system-bus-common (1.16.2-2ubuntu1) ...
Selecting previously unselected package dbus.
Preparing to unpack .../007-dbus_1.16.2-2ubuntu1_amd64.deb ...
Unpacking dbus (1.16.2-2ubuntu1) ...
Selecting previously unselected package libpam-systemd:amd64.
Preparing to unpack .../008-libpam-systemd_257.4-1ubuntu3.1_amd64.deb ...
Unpacking libpam-systemd:amd64 (257.4-1ubuntu3.1) ...
Selecting previously unselected package dbus-user-session.
Preparing to unpack .../009-dbus-user-session_1.16.2-2ubuntu1_amd64.deb ...
Unpacking dbus-user-session (1.16.2-2ubuntu1) ...
Selecting previously unselected package distro-info-data.
Preparing to unpack .../010-distro-info-data_0.63ubuntu0.1_all.deb ...
Unpacking distro-info-data (0.63ubuntu0.1) ...
Selecting previously unselected package libatomic1:amd64.
Preparing to unpack .../011-libatomic1_15-20250404-0ubuntu1_amd64.deb ...
Unpacking libatomic1:amd64 (15-20250404-0ubuntu1) ...
Selecting previously unselected package libglib2.0-0t64:amd64.
Preparing to unpack .../012-libglib2.0-0t64_2.84.1-1ubuntu0.1_amd64.deb ...
Unpacking libglib2.0-0t64:amd64 (2.84.1-1ubuntu0.1) ...
Selecting previously unselected package gir1.2-glib-2.0:amd64.
Preparing to unpack .../013-gir1.2-glib-2.0_2.84.1-1ubuntu0.1_amd64.deb ...
Unpacking gir1.2-glib-2.0:amd64 (2.84.1-1ubuntu0.1) ...
Selecting previously unselected package libgirepository-1.0-1:amd64.
Preparing to unpack .../014-libgirepository-1.0-1_1.84.0-1_amd64.deb ...
Unpacking libgirepository-1.0-1:amd64 (1.84.0-1) ...
Selecting previously unselected package gir1.2-girepository-2.0:amd64.
Preparing to unpack .../015-gir1.2-girepository-2.0_1.84.0-1_amd64.deb ...
Unpacking gir1.2-girepository-2.0:amd64 (1.84.0-1) ...
Selecting previously unselected package iso-codes.
Preparing to unpack .../016-iso-codes_4.17.0-1_all.deb ...
Unpacking iso-codes (4.17.0-1) ...
Selecting previously unselected package libcap2-bin.
Preparing to unpack .../017-libcap2-bin_1%3a2.73-4ubuntu1_amd64.deb ...
Unpacking libcap2-bin (1:2.73-4ubuntu1) ...
Selecting previously unselected package libelf1t64:amd64.
Preparing to unpack .../018-libelf1t64_0.192-4ubuntu1_amd64.deb ...
Unpacking libelf1t64:amd64 (0.192-4ubuntu1) ...
Selecting previously unselected package libglib2.0-data.
Preparing to unpack .../019-libglib2.0-data_2.84.1-1ubuntu0.1_all.deb ...
Unpacking libglib2.0-data (2.84.1-1ubuntu0.1) ...
Selecting previously unselected package libjson-c5:amd64.
Preparing to unpack .../020-libjson-c5_0.18+ds-1_amd64.deb ...
Unpacking libjson-c5:amd64 (0.18+ds-1) ...
Selecting previously unselected package libkmod2:amd64.
Preparing to unpack .../021-libkmod2_33+20240816-2ubuntu1_amd64.deb ...
Unpacking libkmod2:amd64 (33+20240816-2ubuntu1) ...
Selecting previously unselected package libnss-systemd:amd64.
Preparing to unpack .../022-libnss-systemd_257.4-1ubuntu3.1_amd64.deb ...
Unpacking libnss-systemd:amd64 (257.4-1ubuntu3.1) ...
Selecting previously unselected package libpam-cap:amd64.
Preparing to unpack .../023-libpam-cap_1%3a2.73-4ubuntu1_amd64.deb ...
Unpacking libpam-cap:amd64 (1:2.73-4ubuntu1) ...
Selecting previously unselected package libtext-charwidth-perl:amd64.
Preparing to unpack .../024-libtext-charwidth-perl_0.04-11build4_amd64.deb ...
Unpacking libtext-charwidth-perl:amd64 (0.04-11build4) ...
Selecting previously unselected package libtext-wrapi18n-perl.
Preparing to unpack .../025-libtext-wrapi18n-perl_0.06-10_all.deb ...
Unpacking libtext-wrapi18n-perl (0.06-10) ...
Selecting previously unselected package libxml2:amd64.
Preparing to unpack .../026-libxml2_2.12.7+dfsg+really2.9.14-0.4ubuntu0.1_amd64.deb ...
Unpacking libxml2:amd64 (2.12.7+dfsg+really2.9.14-0.4ubuntu0.1) ...
Selecting previously unselected package libyaml-0-2:amd64.
Preparing to unpack .../027-libyaml-0-2_0.2.5-2_amd64.deb ...
Unpacking libyaml-0-2:amd64 (0.2.5-2) ...
Selecting previously unselected package lsb-release.
Preparing to unpack .../028-lsb-release_12.1-1_all.deb ...
Unpacking lsb-release (12.1-1) ...
Selecting previously unselected package python3-dbus.
Preparing to unpack .../029-python3-dbus_1.3.2-5build5_amd64.deb ...
Unpacking python3-dbus (1.3.2-5build5) ...
Selecting previously unselected package python3-gi.
Preparing to unpack .../030-python3-gi_3.50.0-4build1_amd64.deb ...
Unpacking python3-gi (3.50.0-4build1) ...
Selecting previously unselected package networkd-dispatcher.
Preparing to unpack .../031-networkd-dispatcher_2.2.4-1.1_all.deb ...
Unpacking networkd-dispatcher (2.2.4-1.1) ...
Selecting previously unselected package python-apt-common.
Preparing to unpack .../032-python-apt-common_3.0.0_all.deb ...
Unpacking python-apt-common (3.0.0) ...
Selecting previously unselected package python3-apt.
Preparing to unpack .../033-python3-apt_3.0.0_amd64.deb ...
Unpacking python3-apt (3.0.0) ...
Selecting previously unselected package python3-cffi-backend:amd64.
Preparing to unpack .../034-python3-cffi-backend_1.17.1-2build2_amd64.deb ...
Unpacking python3-cffi-backend:amd64 (1.17.1-2build2) ...
Selecting previously unselected package shared-mime-info.
Preparing to unpack .../035-shared-mime-info_2.4-5build1_amd64.deb ...
Unpacking shared-mime-info (2.4-5build1) ...
Selecting previously unselected package systemd-resolved.
Preparing to unpack .../036-systemd-resolved_257.4-1ubuntu3.1_amd64.deb ...
Unpacking systemd-resolved (257.4-1ubuntu3.1) ...
Selecting previously unselected package systemd-timesyncd.
Preparing to unpack .../037-systemd-timesyncd_257.4-1ubuntu3.1_amd64.deb ...
Unpacking systemd-timesyncd (257.4-1ubuntu3.1) ...
Selecting previously unselected package ucf.
Preparing to unpack .../038-ucf_3.0050_all.deb ...
Moving old data out of the way
Unpacking ucf (3.0050) ...
Selecting previously unselected package xdg-user-dirs.
Preparing to unpack .../039-xdg-user-dirs_0.18-2_amd64.deb ...
Unpacking xdg-user-dirs (0.18-2) ...
Selecting previously unselected package libdevmapper1.02.1:amd64.
Preparing to unpack .../040-libdevmapper1.02.1_2%3a1.02.201-1ubuntu1_amd64.deb ...
Unpacking libdevmapper1.02.1:amd64 (2:1.02.201-1ubuntu1) ...
Selecting previously unselected package dmsetup.
Preparing to unpack .../041-dmsetup_2%3a1.02.201-1ubuntu1_amd64.deb ...
Unpacking dmsetup (2:1.02.201-1ubuntu1) ...
Selecting previously unselected package libjansson4:amd64.
Preparing to unpack .../042-libjansson4_2.14-2build2_amd64.deb ...
Unpacking libjansson4:amd64 (2.14-2build2) ...
Selecting previously unselected package libuv1t64:amd64.
Preparing to unpack .../043-libuv1t64_1.50.0-2ubuntu1_amd64.deb ...
Unpacking libuv1t64:amd64 (1.50.0-2ubuntu1) ...
Selecting previously unselected package manpages.
Preparing to unpack .../044-manpages_6.9.1-1_all.deb ...
Unpacking manpages (6.9.1-1) ...
Selecting previously unselected package python3-distro-info.
Preparing to unpack .../045-python3-distro-info_1.13_all.deb ...
Unpacking python3-distro-info (1.13) ...
Selecting previously unselected package xz-utils.
Preparing to unpack .../046-xz-utils_5.6.4-1ubuntu1_amd64.deb ...
Unpacking xz-utils (5.6.4-1ubuntu1) ...
Selecting previously unselected package libstemmer0d:amd64.
Preparing to unpack .../047-libstemmer0d_2.2.0-4build1_amd64.deb ...
Unpacking libstemmer0d:amd64 (2.2.0-4build1) ...
Selecting previously unselected package libxmlb2:amd64.
Preparing to unpack .../048-libxmlb2_0.3.22-1_amd64.deb ...
Unpacking libxmlb2:amd64 (0.3.22-1) ...
Selecting previously unselected package libappstream5:amd64.
Preparing to unpack .../049-libappstream5_1.0.4-1_amd64.deb ...
Unpacking libappstream5:amd64 (1.0.4-1) ...
Selecting previously unselected package appstream.
Preparing to unpack .../050-appstream_1.0.4-1_amd64.deb ...
Unpacking appstream (1.0.4-1) ...
Selecting previously unselected package libsframe1:amd64.
Preparing to unpack .../051-libsframe1_2.44-3ubuntu1_amd64.deb ...
Unpacking libsframe1:amd64 (2.44-3ubuntu1) ...
Selecting previously unselected package binutils-common:amd64.
Preparing to unpack .../052-binutils-common_2.44-3ubuntu1_amd64.deb ...
Unpacking binutils-common:amd64 (2.44-3ubuntu1) ...
Selecting previously unselected package libbinutils:amd64.
Preparing to unpack .../053-libbinutils_2.44-3ubuntu1_amd64.deb ...
Unpacking libbinutils:amd64 (2.44-3ubuntu1) ...
Selecting previously unselected package libgprofng0:amd64.
Preparing to unpack .../054-libgprofng0_2.44-3ubuntu1_amd64.deb ...
Unpacking libgprofng0:amd64 (2.44-3ubuntu1) ...
Selecting previously unselected package libctf-nobfd0:amd64.
Preparing to unpack .../055-libctf-nobfd0_2.44-3ubuntu1_amd64.deb ...
Unpacking libctf-nobfd0:amd64 (2.44-3ubuntu1) ...
Selecting previously unselected package libctf0:amd64.
Preparing to unpack .../056-libctf0_2.44-3ubuntu1_amd64.deb ...
Unpacking libctf0:amd64 (2.44-3ubuntu1) ...
Selecting previously unselected package binutils-x86-64-linux-gnu.
Preparing to unpack .../057-binutils-x86-64-linux-gnu_2.44-3ubuntu1_amd64.deb ...
Unpacking binutils-x86-64-linux-gnu (2.44-3ubuntu1) ...
Selecting previously unselected package binutils.
Preparing to unpack .../058-binutils_2.44-3ubuntu1_amd64.deb ...
Unpacking binutils (2.44-3ubuntu1) ...
Selecting previously unselected package libc-dev-bin.
Preparing to unpack .../059-libc-dev-bin_2.41-6ubuntu1.1_amd64.deb ...
Unpacking libc-dev-bin (2.41-6ubuntu1.1) ...
Selecting previously unselected package linux-libc-dev:amd64.
Preparing to unpack .../060-linux-libc-dev_6.14.0-27.27_amd64.deb ...
Unpacking linux-libc-dev:amd64 (6.14.0-27.27) ...
Selecting previously unselected package libcrypt-dev:amd64.
Preparing to unpack .../061-libcrypt-dev_1%3a4.4.38-1_amd64.deb ...
Unpacking libcrypt-dev:amd64 (1:4.4.38-1) ...
Selecting previously unselected package rpcsvc-proto.
Preparing to unpack .../062-rpcsvc-proto_1.4.2-0ubuntu7_amd64.deb ...
Unpacking rpcsvc-proto (1.4.2-0ubuntu7) ...
Selecting previously unselected package libc6-dev:amd64.
Preparing to unpack .../063-libc6-dev_2.41-6ubuntu1.1_amd64.deb ...
Unpacking libc6-dev:amd64 (2.41-6ubuntu1.1) ...
Selecting previously unselected package libisl23:amd64.
Preparing to unpack .../064-libisl23_0.27-1_amd64.deb ...
Unpacking libisl23:amd64 (0.27-1) ...
Selecting previously unselected package libmpfr6:amd64.
Preparing to unpack .../065-libmpfr6_4.2.2-1_amd64.deb ...
Unpacking libmpfr6:amd64 (4.2.2-1) ...
Selecting previously unselected package libmpc3:amd64.
Preparing to unpack .../066-libmpc3_1.3.1-1build2_amd64.deb ...
Unpacking libmpc3:amd64 (1.3.1-1build2) ...
Selecting previously unselected package cpp-14-x86-64-linux-gnu.
Preparing to unpack .../067-cpp-14-x86-64-linux-gnu_14.2.0-19ubuntu2_amd64.deb ...
Unpacking cpp-14-x86-64-linux-gnu (14.2.0-19ubuntu2) ...
Selecting previously unselected package cpp-14.
Preparing to unpack .../068-cpp-14_14.2.0-19ubuntu2_amd64.deb ...
Unpacking cpp-14 (14.2.0-19ubuntu2) ...
Selecting previously unselected package cpp-x86-64-linux-gnu.
Preparing to unpack .../069-cpp-x86-64-linux-gnu_4%3a14.2.0-1ubuntu1_amd64.deb ...
Unpacking cpp-x86-64-linux-gnu (4:14.2.0-1ubuntu1) ...
Selecting previously unselected package cpp.
Preparing to unpack .../070-cpp_4%3a14.2.0-1ubuntu1_amd64.deb ...
Unpacking cpp (4:14.2.0-1ubuntu1) ...
Selecting previously unselected package libcc1-0:amd64.
Preparing to unpack .../071-libcc1-0_15-20250404-0ubuntu1_amd64.deb ...
Unpacking libcc1-0:amd64 (15-20250404-0ubuntu1) ...
Selecting previously unselected package libgomp1:amd64.
Preparing to unpack .../072-libgomp1_15-20250404-0ubuntu1_amd64.deb ...
Unpacking libgomp1:amd64 (15-20250404-0ubuntu1) ...
Selecting previously unselected package libitm1:amd64.
Preparing to unpack .../073-libitm1_15-20250404-0ubuntu1_amd64.deb ...
Unpacking libitm1:amd64 (15-20250404-0ubuntu1) ...
Selecting previously unselected package libasan8:amd64.
Preparing to unpack .../074-libasan8_15-20250404-0ubuntu1_amd64.deb ...
Unpacking libasan8:amd64 (15-20250404-0ubuntu1) ...
Selecting previously unselected package liblsan0:amd64.
Preparing to unpack .../075-liblsan0_15-20250404-0ubuntu1_amd64.deb ...
Unpacking liblsan0:amd64 (15-20250404-0ubuntu1) ...
Selecting previously unselected package libtsan2:amd64.
Preparing to unpack .../076-libtsan2_15-20250404-0ubuntu1_amd64.deb ...
Unpacking libtsan2:amd64 (15-20250404-0ubuntu1) ...
Selecting previously unselected package libubsan1:amd64.
Preparing to unpack .../077-libubsan1_15-20250404-0ubuntu1_amd64.deb ...
Unpacking libubsan1:amd64 (15-20250404-0ubuntu1) ...
Selecting previously unselected package libhwasan0:amd64.
Preparing to unpack .../078-libhwasan0_15-20250404-0ubuntu1_amd64.deb ...
Unpacking libhwasan0:amd64 (15-20250404-0ubuntu1) ...
Selecting previously unselected package libquadmath0:amd64.
Preparing to unpack .../079-libquadmath0_15-20250404-0ubuntu1_amd64.deb ...
Unpacking libquadmath0:amd64 (15-20250404-0ubuntu1) ...
Selecting previously unselected package libgcc-14-dev:amd64.
Preparing to unpack .../080-libgcc-14-dev_14.2.0-19ubuntu2_amd64.deb ...
Unpacking libgcc-14-dev:amd64 (14.2.0-19ubuntu2) ...
Selecting previously unselected package gcc-14-x86-64-linux-gnu.
Preparing to unpack .../081-gcc-14-x86-64-linux-gnu_14.2.0-19ubuntu2_amd64.deb ...
Unpacking gcc-14-x86-64-linux-gnu (14.2.0-19ubuntu2) ...
Selecting previously unselected package gcc-14.
Preparing to unpack .../082-gcc-14_14.2.0-19ubuntu2_amd64.deb ...
Unpacking gcc-14 (14.2.0-19ubuntu2) ...
Selecting previously unselected package gcc-x86-64-linux-gnu.
Preparing to unpack .../083-gcc-x86-64-linux-gnu_4%3a14.2.0-1ubuntu1_amd64.deb ...
Unpacking gcc-x86-64-linux-gnu (4:14.2.0-1ubuntu1) ...
Selecting previously unselected package gcc.
Preparing to unpack .../084-gcc_4%3a14.2.0-1ubuntu1_amd64.deb ...
Unpacking gcc (4:14.2.0-1ubuntu1) ...
Selecting previously unselected package libstdc++-14-dev:amd64.
Preparing to unpack .../085-libstdc++-14-dev_14.2.0-19ubuntu2_amd64.deb ...
Unpacking libstdc++-14-dev:amd64 (14.2.0-19ubuntu2) ...
Selecting previously unselected package g++-14-x86-64-linux-gnu.
Preparing to unpack .../086-g++-14-x86-64-linux-gnu_14.2.0-19ubuntu2_amd64.deb ...
Unpacking g++-14-x86-64-linux-gnu (14.2.0-19ubuntu2) ...
Selecting previously unselected package g++-14.
Preparing to unpack .../087-g++-14_14.2.0-19ubuntu2_amd64.deb ...
Unpacking g++-14 (14.2.0-19ubuntu2) ...
Selecting previously unselected package g++-x86-64-linux-gnu.
Preparing to unpack .../088-g++-x86-64-linux-gnu_4%3a14.2.0-1ubuntu1_amd64.deb ...
Unpacking g++-x86-64-linux-gnu (4:14.2.0-1ubuntu1) ...
Selecting previously unselected package g++.
Preparing to unpack .../089-g++_4%3a14.2.0-1ubuntu1_amd64.deb ...
Unpacking g++ (4:14.2.0-1ubuntu1) ...
Selecting previously unselected package make.
Preparing to unpack .../090-make_4.4.1-1_amd64.deb ...
Unpacking make (4.4.1-1) ...
Selecting previously unselected package libdpkg-perl.
Preparing to unpack .../091-libdpkg-perl_1.22.18ubuntu2_all.deb ...
Unpacking libdpkg-perl (1.22.18ubuntu2) ...
Selecting previously unselected package bzip2.
Preparing to unpack .../092-bzip2_1.0.8-6_amd64.deb ...
Unpacking bzip2 (1.0.8-6) ...
Selecting previously unselected package lto-disabled-list.
Preparing to unpack .../093-lto-disabled-list_57_all.deb ...
Unpacking lto-disabled-list (57) ...
Selecting previously unselected package dpkg-dev.
Preparing to unpack .../094-dpkg-dev_1.22.18ubuntu2_all.deb ...
Unpacking dpkg-dev (1.22.18ubuntu2) ...
Selecting previously unselected package build-essential.
Preparing to unpack .../095-build-essential_12.12ubuntu1_amd64.deb ...
Unpacking build-essential (12.12ubuntu1) ...
Selecting previously unselected package cmake-data.
Preparing to unpack .../096-cmake-data_3.31.6-1ubuntu1_all.deb ...
Unpacking cmake-data (3.31.6-1ubuntu1) ...
Selecting previously unselected package libarchive13t64:amd64.
Preparing to unpack .../097-libarchive13t64_3.7.7-0ubuntu2.3_amd64.deb ...
Unpacking libarchive13t64:amd64 (3.7.7-0ubuntu2.3) ...
Selecting previously unselected package libjsoncpp26:amd64.
Preparing to unpack .../098-libjsoncpp26_1.9.6-3_amd64.deb ...
Unpacking libjsoncpp26:amd64 (1.9.6-3) ...
Selecting previously unselected package librhash1:amd64.
Preparing to unpack .../099-librhash1_1.4.5-1_amd64.deb ...
Unpacking librhash1:amd64 (1.4.5-1) ...
Selecting previously unselected package cmake.
Preparing to unpack .../100-cmake_3.31.6-1ubuntu1_amd64.deb ...
Unpacking cmake (3.31.6-1ubuntu1) ...
Selecting previously unselected package gpgconf.
Preparing to unpack .../101-gpgconf_2.4.4-2ubuntu23.1_amd64.deb ...
Unpacking gpgconf (2.4.4-2ubuntu23.1) ...
Selecting previously unselected package libksba8:amd64.
Preparing to unpack .../102-libksba8_1.6.7-2_amd64.deb ...
Unpacking libksba8:amd64 (1.6.7-2) ...
Selecting previously unselected package dirmngr.
Preparing to unpack .../103-dirmngr_2.4.4-2ubuntu23.1_amd64.deb ...
Unpacking dirmngr (2.4.4-2ubuntu23.1) ...
Selecting previously unselected package libfakeroot:amd64.
Preparing to unpack .../104-libfakeroot_1.37.1-1_amd64.deb ...
Unpacking libfakeroot:amd64 (1.37.1-1) ...
Selecting previously unselected package fakeroot.
Preparing to unpack .../105-fakeroot_1.37.1-1_amd64.deb ...
Unpacking fakeroot (1.37.1-1) ...
Selecting previously unselected package libpackagekit-glib2-18:amd64.
Preparing to unpack .../106-libpackagekit-glib2-18_1.3.0-3build1_amd64.deb ...
Unpacking libpackagekit-glib2-18:amd64 (1.3.0-3build1) ...
Selecting previously unselected package gir1.2-packagekitglib-1.0.
Preparing to unpack .../107-gir1.2-packagekitglib-1.0_1.3.0-3build1_amd64.deb ...
Unpacking gir1.2-packagekitglib-1.0 (1.3.0-3build1) ...
Selecting previously unselected package gnupg-utils.
Preparing to unpack .../108-gnupg-utils_2.4.4-2ubuntu23.1_amd64.deb ...
Unpacking gnupg-utils (2.4.4-2ubuntu23.1) ...
Selecting previously unselected package gpg.
Preparing to unpack .../109-gpg_2.4.4-2ubuntu23.1_amd64.deb ...
Unpacking gpg (2.4.4-2ubuntu23.1) ...
Selecting previously unselected package pinentry-curses.
Preparing to unpack .../110-pinentry-curses_1.3.1-2ubuntu3_amd64.deb ...
Unpacking pinentry-curses (1.3.1-2ubuntu3) ...
Selecting previously unselected package gpg-agent.
Preparing to unpack .../111-gpg-agent_2.4.4-2ubuntu23.1_amd64.deb ...
Unpacking gpg-agent (2.4.4-2ubuntu23.1) ...
Selecting previously unselected package gpgsm.
Preparing to unpack .../112-gpgsm_2.4.4-2ubuntu23.1_amd64.deb ...
Unpacking gpgsm (2.4.4-2ubuntu23.1) ...
Selecting previously unselected package keyboxd.
Preparing to unpack .../113-keyboxd_2.4.4-2ubuntu23.1_amd64.deb ...
Unpacking keyboxd (2.4.4-2ubuntu23.1) ...
Selecting previously unselected package gnupg.
Preparing to unpack .../114-gnupg_2.4.4-2ubuntu23.1_all.deb ...
Unpacking gnupg (2.4.4-2ubuntu23.1) ...
Selecting previously unselected package gnupg-l10n.
Preparing to unpack .../115-gnupg-l10n_2.4.4-2ubuntu23.1_all.deb ...
Unpacking gnupg-l10n (2.4.4-2ubuntu23.1) ...
Selecting previously unselected package gpg-wks-client.
Preparing to unpack .../116-gpg-wks-client_2.4.4-2ubuntu23.1_amd64.deb ...
Unpacking gpg-wks-client (2.4.4-2ubuntu23.1) ...
Selecting previously unselected package libalgorithm-diff-perl.
Preparing to unpack .../117-libalgorithm-diff-perl_1.201-1_all.deb ...
Unpacking libalgorithm-diff-perl (1.201-1) ...
Selecting previously unselected package libalgorithm-diff-xs-perl.
Preparing to unpack .../118-libalgorithm-diff-xs-perl_0.04-9_amd64.deb ...
Unpacking libalgorithm-diff-xs-perl (0.04-9) ...
Selecting previously unselected package libalgorithm-merge-perl.
Preparing to unpack .../119-libalgorithm-merge-perl_0.08-5_all.deb ...
Unpacking libalgorithm-merge-perl (0.08-5) ...
Selecting previously unselected package libcryptsetup12:amd64.
Preparing to unpack .../120-libcryptsetup12_2%3a2.7.5-1ubuntu2_amd64.deb ...
Unpacking libcryptsetup12:amd64 (2:2.7.5-1ubuntu2) ...
Selecting previously unselected package libduktape207:amd64.
Preparing to unpack .../121-libduktape207_2.7.0+tests-0ubuntu3_amd64.deb ...
Unpacking libduktape207:amd64 (2.7.0+tests-0ubuntu3) ...
Selecting previously unselected package libfile-fcntllock-perl.
Preparing to unpack .../122-libfile-fcntllock-perl_0.22-4ubuntu6_amd64.deb ...
Unpacking libfile-fcntllock-perl (0.22-4ubuntu6) ...
Selecting previously unselected package libglib2.0-bin.
Preparing to unpack .../123-libglib2.0-bin_2.84.1-1ubuntu0.1_amd64.deb ...
Unpacking libglib2.0-bin (2.84.1-1ubuntu0.1) ...
Selecting previously unselected package libgstreamer1.0-0:amd64.
Preparing to unpack .../124-libgstreamer1.0-0_1.26.0-3_amd64.deb ...
Unpacking libgstreamer1.0-0:amd64 (1.26.0-3) ...
Selecting previously unselected package libpkgconf3:amd64.
Preparing to unpack .../125-libpkgconf3_1.8.1-4_amd64.deb ...
Unpacking libpkgconf3:amd64 (1.8.1-4) ...
Selecting previously unselected package libpolkit-gobject-1-0:amd64.
Preparing to unpack .../126-libpolkit-gobject-1-0_126-2_amd64.deb ...
Unpacking libpolkit-gobject-1-0:amd64 (126-2) ...
Selecting previously unselected package libpolkit-agent-1-0:amd64.
Preparing to unpack .../127-libpolkit-agent-1-0_126-2_amd64.deb ...
Unpacking libpolkit-agent-1-0:amd64 (126-2) ...
Selecting previously unselected package linux-sysctl-defaults.
Preparing to unpack .../128-linux-sysctl-defaults_4.10.1ubuntu2_all.deb ...
Unpacking linux-sysctl-defaults (4.10.1ubuntu2) ...
Selecting previously unselected package manpages-dev.
Preparing to unpack .../129-manpages-dev_6.9.1-1_all.deb ...
Unpacking manpages-dev (6.9.1-1) ...
Selecting previously unselected package xml-core.
Preparing to unpack .../130-xml-core_0.19_all.deb ...
Unpacking xml-core (0.19) ...
Selecting previously unselected package polkitd.
Preparing to unpack .../131-polkitd_126-2_amd64.deb ...
Unpacking polkitd (126-2) ...
Selecting previously unselected package packagekit.
Preparing to unpack .../132-packagekit_1.3.0-3build1_amd64.deb ...
Unpacking packagekit (1.3.0-3build1) ...
Selecting previously unselected package packagekit-tools.
Preparing to unpack .../133-packagekit-tools_1.3.0-3build1_amd64.deb ...
Unpacking packagekit-tools (1.3.0-3build1) ...
Selecting previously unselected package pkgconf-bin.
Preparing to unpack .../134-pkgconf-bin_1.8.1-4_amd64.deb ...
Unpacking pkgconf-bin (1.8.1-4) ...
Selecting previously unselected package pkgconf:amd64.
Preparing to unpack .../135-pkgconf_1.8.1-4_amd64.deb ...
Unpacking pkgconf:amd64 (1.8.1-4) ...
Selecting previously unselected package pkg-config:amd64.
Preparing to unpack .../136-pkg-config_1.8.1-4_amd64.deb ...
Unpacking pkg-config:amd64 (1.8.1-4) ...
Selecting previously unselected package python3-autocommand.
Preparing to unpack .../137-python3-autocommand_2.2.2-3_all.deb ...
Unpacking python3-autocommand (2.2.2-3) ...
Selecting previously unselected package python3-blinker.
Preparing to unpack .../138-python3-blinker_1.9.0-1_all.deb ...
Unpacking python3-blinker (1.9.0-1) ...
Selecting previously unselected package python3-bcrypt.
Preparing to unpack .../139-python3-bcrypt_4.2.0-2.1build1_amd64.deb ...
Unpacking python3-bcrypt (4.2.0-2.1build1) ...
Selecting previously unselected package python3-cryptography.
Preparing to unpack .../140-python3-cryptography_43.0.0-1ubuntu1_amd64.deb ...
Unpacking python3-cryptography (43.0.0-1ubuntu1) ...
Selecting previously unselected package python3-pyparsing.
Preparing to unpack .../141-python3-pyparsing_3.1.2-1_all.deb ...
Unpacking python3-pyparsing (3.1.2-1) ...
Selecting previously unselected package python3-httplib2.
Preparing to unpack .../142-python3-httplib2_0.22.0-1_all.deb ...
Unpacking python3-httplib2 (0.22.0-1) ...
Selecting previously unselected package python3-more-itertools.
Preparing to unpack .../143-python3-more-itertools_10.6.0-1_all.deb ...
Unpacking python3-more-itertools (10.6.0-1) ...
Selecting previously unselected package python3-typing-extensions.
Preparing to unpack .../144-python3-typing-extensions_4.12.2-2_all.deb ...
Unpacking python3-typing-extensions (4.12.2-2) ...
Selecting previously unselected package python3-typeguard.
Preparing to unpack .../145-python3-typeguard_4.4.2-1_all.deb ...
Unpacking python3-typeguard (4.4.2-1) ...
Selecting previously unselected package python3-inflect.
Preparing to unpack .../146-python3-inflect_7.3.1-2_all.deb ...
Unpacking python3-inflect (7.3.1-2) ...
Selecting previously unselected package python3-jaraco.context.
Preparing to unpack .../147-python3-jaraco.context_6.0.1-1_all.deb ...
Unpacking python3-jaraco.context (6.0.1-1) ...
Selecting previously unselected package python3-jaraco.functools.
Preparing to unpack .../148-python3-jaraco.functools_4.1.0-1_all.deb ...
Unpacking python3-jaraco.functools (4.1.0-1) ...
Selecting previously unselected package python3-jwt.
Preparing to unpack .../149-python3-jwt_2.10.1-2_all.deb ...
Unpacking python3-jwt (2.10.1-2) ...
Selecting previously unselected package python3-lazr.uri.
Preparing to unpack .../150-python3-lazr.uri_1.0.6-6_all.deb ...
Unpacking python3-lazr.uri (1.0.6-6) ...
Selecting previously unselected package python3-wadllib.
Preparing to unpack .../151-python3-wadllib_2.0.0-2_all.deb ...
Unpacking python3-wadllib (2.0.0-2) ...
Selecting previously unselected package python3-distro.
Preparing to unpack .../152-python3-distro_1.9.0-1_all.deb ...
Unpacking python3-distro (1.9.0-1) ...
Selecting previously unselected package python3-oauthlib.
Preparing to unpack .../153-python3-oauthlib_3.2.2-3_all.deb ...
Unpacking python3-oauthlib (3.2.2-3) ...
Selecting previously unselected package python3-pkg-resources.
Preparing to unpack .../154-python3-pkg-resources_75.8.0-1ubuntu1_all.deb ...
Unpacking python3-pkg-resources (75.8.0-1ubuntu1) ...
Selecting previously unselected package python3-lazr.restfulclient.
Preparing to unpack .../155-python3-lazr.restfulclient_0.14.6-2_all.deb ...
Unpacking python3-lazr.restfulclient (0.14.6-2) ...
Selecting previously unselected package python3-launchpadlib.
Preparing to unpack .../156-python3-launchpadlib_2.1.0-1_all.deb ...
Unpacking python3-launchpadlib (2.1.0-1) ...
Selecting previously unselected package python3-software-properties.
Preparing to unpack .../157-python3-software-properties_0.111_all.deb ...
Unpacking python3-software-properties (0.111) ...
Selecting previously unselected package software-properties-common.
Preparing to unpack .../158-software-properties-common_0.111_all.deb ...
Unpacking software-properties-common (0.111) ...
Selecting previously unselected package systemd-cryptsetup.
Preparing to unpack .../159-systemd-cryptsetup_257.4-1ubuntu3.1_amd64.deb ...
Unpacking systemd-cryptsetup (257.4-1ubuntu3.1) ...
Selecting previously unselected package unattended-upgrades.
Preparing to unpack .../160-unattended-upgrades_2.12ubuntu4_all.deb ...
Unpacking unattended-upgrades (2.12ubuntu4) ...
Setting up libksba8:amd64 (1.6.7-2) ...
Setting up pinentry-curses (1.3.1-2ubuntu3) ...
Setting up media-types (13.0.0) ...
Setting up libtext-charwidth-perl:amd64 (0.04-11build4) ...
Setting up systemd-sysv (257.4-1ubuntu3.1) ...
Setting up lto-disabled-list (57) ...
Setting up xdg-user-dirs (0.18-2) ...
Setting up libfile-fcntllock-perl (0.22-4ubuntu6) ...
Setting up libalgorithm-diff-perl (1.201-1) ...
Setting up libyaml-0-2:amd64 (0.2.5-2) ...
Setting up distro-info-data (0.63ubuntu0.1) ...
Setting up manpages (6.9.1-1) ...
Setting up libsqlite3-0:amd64 (3.46.1-3ubuntu0.2) ...
Setting up libuv1t64:amd64 (1.50.0-2ubuntu1) ...
Setting up binutils-common:amd64 (2.44-3ubuntu1) ...
Setting up linux-libc-dev:amd64 (6.14.0-27.27) ...
Setting up libctf-nobfd0:amd64 (2.44-3ubuntu1) ...
Setting up libnss-systemd:amd64 (257.4-1ubuntu3.1) ...
Setting up libgomp1:amd64 (15-20250404-0ubuntu1) ...
Setting up bzip2 (1.0.8-6) ...
Setting up libtext-wrapi18n-perl (0.06-10) ...
Setting up libsframe1:amd64 (2.44-3ubuntu1) ...
Setting up libfakeroot:amd64 (1.37.1-1) ...
Setting up libelf1t64:amd64 (0.192-4ubuntu1) ...
Setting up libjansson4:amd64 (2.14-2build2) ...
Setting up tzdata (2025b-1ubuntu1.1) ...
debconf: unable to initialize frontend: Dialog
debconf: (Dialog frontend will not work on a dumb terminal, an emacs shell buffer, or without a controlling terminal.)
debconf: falling back to frontend: Readline
debconf: unable to initialize frontend: Readline
debconf: (This frontend requires a controlling tty.)
debconf: falling back to frontend: Teletype
Configuring tzdata
------------------

Please select the geographic area in which you live. Subsequent configuration 
questions will narrow this down by presenting a list of cities, representing the
time zones in which they are located.

  1. Africa   3. Antarctica  5. Asia      7. Australia  9. Indian    11. Etc
  2. America  4. Arctic      6. Atlantic  8. Europe     10. Pacific

Geographic area: 
Use of uninitialized value $_[1] in join or string at /usr/share/perl5/Debconf/DbDriver/Stack.pm line 112.

Current default time zone: '/UTC'
Local time is now:      Sun Aug  3 14:46:02 UTC 2025.
Universal Time is now:  Sun Aug  3 14:46:02 UTC 2025.
Run 'dpkg-reconfigure tzdata' if you wish to change it.

Use of uninitialized value $val in substitution (s///) at /usr/share/perl5/Debconf/Format/822.pm line 84, <GEN6> line 4.
Use of uninitialized value $val in concatenation (.) or string at /usr/share/perl5/Debconf/Format/822.pm line 85, <GEN6> line 4.
Setting up libcap2-bin (1:2.73-4ubuntu1) ...
Setting up fakeroot (1.37.1-1) ...
update-alternatives: using /usr/bin/fakeroot-sysv to provide /usr/bin/fakeroot (fakeroot) in auto mode
update-alternatives: warning: skip creation of /usr/share/man/man1/fakeroot.1.gz because associated file /usr/share/man/man1/fakeroot-sysv.1.gz (of link group fakeroot) doesn't exist
update-alternatives: warning: skip creation of /usr/share/man/man1/faked.1.gz because associated file /usr/share/man/man1/faked-sysv.1.gz (of link group fakeroot) doesn't exist
update-alternatives: warning: skip creation of /usr/share/man/es/man1/fakeroot.1.gz because associated file /usr/share/man/es/man1/fakeroot-sysv.1.gz (of link group fakeroot) doesn't exist
update-alternatives: warning: skip creation of /usr/share/man/es/man1/faked.1.gz because associated file /usr/share/man/es/man1/faked-sysv.1.gz (of link group fakeroot) doesn't exist
update-alternatives: warning: skip creation of /usr/share/man/fr/man1/fakeroot.1.gz because associated file /usr/share/man/fr/man1/fakeroot-sysv.1.gz (of link group fakeroot) doesn't exist
update-alternatives: warning: skip creation of /usr/share/man/fr/man1/faked.1.gz because associated file /usr/share/man/fr/man1/faked-sysv.1.gz (of link group fakeroot) doesn't exist
update-alternatives: warning: skip creation of /usr/share/man/sv/man1/fakeroot.1.gz because associated file /usr/share/man/sv/man1/fakeroot-sysv.1.gz (of link group fakeroot) doesn't exist
update-alternatives: warning: skip creation of /usr/share/man/sv/man1/faked.1.gz because associated file /usr/share/man/sv/man1/faked-sysv.1.gz (of link group fakeroot) doesn't exist
Setting up libglib2.0-data (2.84.1-1ubuntu0.1) ...
Setting up libpkgconf3:amd64 (1.8.1-4) ...
Setting up rpcsvc-proto (1.4.2-0ubuntu7) ...
Setting up linux-sysctl-defaults (4.10.1ubuntu2) ...
Setting up make (4.4.1-1) ...
Setting up libmpfr6:amd64 (4.2.2-1) ...
Setting up gnupg-l10n (2.4.4-2ubuntu23.1) ...
Setting up libjsoncpp26:amd64 (1.9.6-3) ...
Setting up libdbus-1-3:amd64 (1.16.2-2ubuntu1) ...
Setting up xz-utils (5.6.4-1ubuntu1) ...
update-alternatives: using /usr/bin/xz to provide /usr/bin/lzma (lzma) in auto mode
update-alternatives: warning: skip creation of /usr/share/man/man1/lzma.1.gz because associated file /usr/share/man/man1/xz.1.gz (of link group lzma) doesn't exist
update-alternatives: warning: skip creation of /usr/share/man/man1/unlzma.1.gz because associated file /usr/share/man/man1/unxz.1.gz (of link group lzma) doesn't exist
update-alternatives: warning: skip creation of /usr/share/man/man1/lzcat.1.gz because associated file /usr/share/man/man1/xzcat.1.gz (of link group lzma) doesn't exist
update-alternatives: warning: skip creation of /usr/share/man/man1/lzmore.1.gz because associated file /usr/share/man/man1/xzmore.1.gz (of link group lzma) doesn't exist
update-alternatives: warning: skip creation of /usr/share/man/man1/lzless.1.gz because associated file /usr/share/man/man1/xzless.1.gz (of link group lzma) doesn't exist
update-alternatives: warning: skip creation of /usr/share/man/man1/lzdiff.1.gz because associated file /usr/share/man/man1/xzdiff.1.gz (of link group lzma) doesn't exist
update-alternatives: warning: skip creation of /usr/share/man/man1/lzcmp.1.gz because associated file /usr/share/man/man1/xzcmp.1.gz (of link group lzma) doesn't exist
update-alternatives: warning: skip creation of /usr/share/man/man1/lzgrep.1.gz because associated file /usr/share/man/man1/xzgrep.1.gz (of link group lzma) doesn't exist
update-alternatives: warning: skip creation of /usr/share/man/man1/lzegrep.1.gz because associated file /usr/share/man/man1/xzegrep.1.gz (of link group lzma) doesn't exist
update-alternatives: warning: skip creation of /usr/share/man/man1/lzfgrep.1.gz because associated file /usr/share/man/man1/xzfgrep.1.gz (of link group lzma) doesn't exist
Setting up libquadmath0:amd64 (15-20250404-0ubuntu1) ...
Setting up libmpc3:amd64 (1.3.1-1build2) ...
Setting up systemd-timesyncd (257.4-1ubuntu3.1) ...
Creating group 'systemd-timesync' with GID 997.
Creating user 'systemd-timesync' (systemd Time Synchronization) with UID 997 and GID 997.
Created symlink '/etc/systemd/system/dbus-org.freedesktop.timesync1.service' → '/usr/lib/systemd/system/systemd-timesyncd.service'.
Created symlink '/etc/systemd/system/sysinit.target.wants/systemd-timesyncd.service' → '/usr/lib/systemd/system/systemd-timesyncd.service'.
Setting up libatomic1:amd64 (15-20250404-0ubuntu1) ...
Setting up ucf (3.0050) ...
Setting up pkgconf-bin (1.8.1-4) ...
Setting up libdpkg-perl (1.22.18ubuntu2) ...
Setting up libubsan1:amd64 (15-20250404-0ubuntu1) ...
Setting up libdevmapper1.02.1:amd64 (2:1.02.201-1ubuntu1) ...
Setting up python-apt-common (3.0.0) ...
Setting up dmsetup (2:1.02.201-1ubuntu1) ...
Setting up libduktape207:amd64 (2.7.0+tests-0ubuntu3) ...
Setting up libhwasan0:amd64 (15-20250404-0ubuntu1) ...
Setting up libcrypt-dev:amd64 (1:4.4.38-1) ...
Setting up dbus-session-bus-common (1.16.2-2ubuntu1) ...
Setting up libasan8:amd64 (15-20250404-0ubuntu1) ...
Setting up sgml-base (1.31) ...
Setting up cmake-data (3.31.6-1ubuntu1) ...
Setting up librhash1:amd64 (1.4.5-1) ...
Setting up libstemmer0d:amd64 (2.2.0-4build1) ...
Setting up libtsan2:amd64 (15-20250404-0ubuntu1) ...
Setting up libbinutils:amd64 (2.44-3ubuntu1) ...
Setting up lsb-release (12.1-1) ...
Setting up dbus-system-bus-common (1.16.2-2ubuntu1) ...
Creating group 'messagebus' with GID 996.
Creating user 'messagebus' (System Message Bus) with UID 996 and GID 996.
Setting up libisl23:amd64 (0.27-1) ...
Setting up libc-dev-bin (2.41-6ubuntu1.1) ...
Setting up libpam-cap:amd64 (1:2.73-4ubuntu1) ...
debconf: unable to initialize frontend: Dialog
debconf: (Dialog frontend will not work on a dumb terminal, an emacs shell buffer, or without a controlling terminal.)
debconf: falling back to frontend: Readline
debconf: unable to initialize frontend: Readline
debconf: (This frontend requires a controlling tty.)
debconf: falling back to frontend: Teletype
Setting up libalgorithm-diff-xs-perl (0.04-9) ...
Setting up libjson-c5:amd64 (0.18+ds-1) ...
Setting up readline-common (8.2-6) ...
Setting up libxml2:amd64 (2.12.7+dfsg+really2.9.14-0.4ubuntu0.1) ...
Setting up libcc1-0:amd64 (15-20250404-0ubuntu1) ...
Setting up iso-codes (4.17.0-1) ...
Setting up dbus-bin (1.16.2-2ubuntu1) ...
Setting up liblocale-gettext-perl (1.07-7build1) ...
Setting up liblsan0:amd64 (15-20250404-0ubuntu1) ...
Setting up libitm1:amd64 (15-20250404-0ubuntu1) ...
Setting up libkmod2:amd64 (33+20240816-2ubuntu1) ...
Setting up libalgorithm-merge-perl (0.08-5) ...
Setting up gnupg-utils (2.4.4-2ubuntu23.1) ...
Setting up libctf0:amd64 (2.44-3ubuntu1) ...
Setting up manpages-dev (6.9.1-1) ...
Setting up dbus-daemon (1.16.2-2ubuntu1) ...
Setting up pkgconf:amd64 (1.8.1-4) ...
Setting up libglib2.0-0t64:amd64 (2.84.1-1ubuntu0.1) ...
No schema files found: doing nothing.
Setting up libgprofng0:amd64 (2.44-3ubuntu1) ...
Setting up dbus (1.16.2-2ubuntu1) ...
Setting up shared-mime-info (2.4-5build1) ...
Setting up pkg-config:amd64 (1.8.1-4) ...
Setting up cpp-14-x86-64-linux-gnu (14.2.0-19ubuntu2) ...
Setting up gir1.2-glib-2.0:amd64 (2.84.1-1ubuntu0.1) ...
Setting up cpp-14 (14.2.0-19ubuntu2) ...
Setting up libreadline8t64:amd64 (8.2-6) ...
Setting up xml-core (0.19) ...
Setting up gpgconf (2.4.4-2ubuntu23.1) ...
Setting up libpam-systemd:amd64 (257.4-1ubuntu3.1) ...
debconf: unable to initialize frontend: Dialog
debconf: (Dialog frontend will not work on a dumb terminal, an emacs shell buffer, or without a controlling terminal.)
debconf: falling back to frontend: Readline
debconf: unable to initialize frontend: Readline
debconf: (This frontend requires a controlling tty.)
debconf: falling back to frontend: Teletype
Setting up libc6-dev:amd64 (2.41-6ubuntu1.1) ...
Setting up libcryptsetup12:amd64 (2:2.7.5-1ubuntu2) ...
Setting up libgirepository-1.0-1:amd64 (1.84.0-1) ...
Setting up libgcc-14-dev:amd64 (14.2.0-19ubuntu2) ...
Setting up libstdc++-14-dev:amd64 (14.2.0-19ubuntu2) ...
Setting up libarchive13t64:amd64 (3.7.7-0ubuntu2.3) ...
Setting up libpython3.13-stdlib:amd64 (3.13.3-1ubuntu0.2) ...
Setting up gpg (2.4.4-2ubuntu23.1) ...
Setting up libpolkit-gobject-1-0:amd64 (126-2) ...
Setting up libgstreamer1.0-0:amd64 (1.26.0-3) ...
Setcap worked! gst-ptp-helper is not suid!
Setting up libpython3-stdlib:amd64 (3.13.3-1) ...
Setting up systemd-resolved (257.4-1ubuntu3.1) ...
Converting /etc/resolv.conf to a symlink to /run/systemd/resolve/stub-resolv.conf...
mv: cannot move '/etc/resolv.conf' to '/etc/.resolv.conf.systemd-resolved.bak': Device or resource busy
Cannot take a backup of /etc/resolv.conf.
ln: failed to create symbolic link '/etc/resolv.conf': Device or resource busy
Cannot install symlink from /etc/resolv.conf to ../run/systemd/resolve/stub-resolv.conf
Creating group 'systemd-resolve' with GID 995.
Creating user 'systemd-resolve' (systemd Resolver) with UID 995 and GID 995.
Created symlink '/etc/systemd/system/dbus-org.freedesktop.resolve1.service' → '/usr/lib/systemd/system/systemd-resolved.service'.
Created symlink '/etc/systemd/system/sysinit.target.wants/systemd-resolved.service' → '/usr/lib/systemd/system/systemd-resolved.service'.
Setting up binutils-x86-64-linux-gnu (2.44-3ubuntu1) ...
Setting up cpp-x86-64-linux-gnu (4:14.2.0-1ubuntu1) ...
Setting up gpg-agent (2.4.4-2ubuntu23.1) ...
Created symlink '/etc/systemd/user/sockets.target.wants/gpg-agent.socket' → '/usr/lib/systemd/user/gpg-agent.socket'.
Created symlink '/etc/systemd/user/sockets.target.wants/gpg-agent-ssh.socket' → '/usr/lib/systemd/user/gpg-agent-ssh.socket'.
Created symlink '/etc/systemd/user/sockets.target.wants/gpg-agent-extra.socket' → '/usr/lib/systemd/user/gpg-agent-extra.socket'.
Created symlink '/etc/systemd/user/sockets.target.wants/gpg-agent-browser.socket' → '/usr/lib/systemd/user/gpg-agent-browser.socket'.
Setting up python3.13 (3.13.3-1ubuntu0.2) ...
Setting up libxmlb2:amd64 (0.3.22-1) ...
Setting up gpgsm (2.4.4-2ubuntu23.1) ...
Setting up libglib2.0-bin (2.84.1-1ubuntu0.1) ...
Setting up libpackagekit-glib2-18:amd64 (1.3.0-3build1) ...
Setting up libappstream5:amd64 (1.0.4-1) ...
Setting up python3 (3.13.3-1) ...
running python rtupdate hooks for python3.13...
running python post-rtupdate hooks for python3.13...
Setting up binutils (2.44-3ubuntu1) ...
Setting up python3-autocommand (2.2.2-3) ...
Setting up dpkg-dev (1.22.18ubuntu2) ...
Setting up dirmngr (2.4.4-2ubuntu23.1) ...
Created symlink '/etc/systemd/user/sockets.target.wants/dirmngr.socket' → '/usr/lib/systemd/user/dirmngr.socket'.
Setting up gir1.2-packagekitglib-1.0 (1.3.0-3build1) ...
Setting up dbus-user-session (1.16.2-2ubuntu1) ...
Setting up python3-pyparsing (3.1.2-1) ...
Setting up appstream (1.0.4-1) ...
✔ Metadata cache was updated successfully.
Setting up systemd-cryptsetup (257.4-1ubuntu3.1) ...
Setting up gir1.2-girepository-2.0:amd64 (1.84.0-1) ...
Setting up python3-gi (3.50.0-4build1) ...
Setting up keyboxd (2.4.4-2ubuntu23.1) ...
Created symlink '/etc/systemd/user/sockets.target.wants/keyboxd.socket' → '/usr/lib/systemd/user/keyboxd.socket'.
Setting up python3-typing-extensions (4.12.2-2) ...
Setting up cpp (4:14.2.0-1ubuntu1) ...
Setting up gnupg (2.4.4-2ubuntu23.1) ...
Setting up python3-httplib2 (0.22.0-1) ...
Setting up cmake (3.31.6-1ubuntu1) ...
Setting up libpolkit-agent-1-0:amd64 (126-2) ...
Setting up gcc-14-x86-64-linux-gnu (14.2.0-19ubuntu2) ...
Setting up python3-distro-info (1.13) ...
Setting up python3-cffi-backend:amd64 (1.17.1-2build2) ...
Setting up python3-blinker (1.9.0-1) ...
Setting up python3-more-itertools (10.6.0-1) ...
Setting up python3-dbus (1.3.2-5build5) ...
Setting up python3-jaraco.functools (4.1.0-1) ...
Setting up python3-distro (1.9.0-1) ...
Setting up gcc-x86-64-linux-gnu (4:14.2.0-1ubuntu1) ...
Setting up gpg-wks-client (2.4.4-2ubuntu23.1) ...
Setting up python3-jaraco.context (6.0.1-1) ...
Setting up python3-jwt (2.10.1-2) ...
Setting up python3-apt (3.0.0) ...
Setting up python3-bcrypt (4.2.0-2.1build1) ...
Setting up python3-typeguard (4.4.2-1) ...
Setting up python3-lazr.uri (1.0.6-6) ...
Setting up gcc-14 (14.2.0-19ubuntu2) ...
Setting up python3-inflect (7.3.1-2) ...
Setting up unattended-upgrades (2.12ubuntu4) ...
debconf: unable to initialize frontend: Dialog
debconf: (Dialog frontend will not work on a dumb terminal, an emacs shell buffer, or without a controlling terminal.)
debconf: falling back to frontend: Readline
debconf: unable to initialize frontend: Readline
debconf: (This frontend requires a controlling tty.)
debconf: falling back to frontend: Teletype
Creating config file /etc/apt/apt.conf.d/20auto-upgrades with new version
Creating config file /etc/apt/apt.conf.d/50unattended-upgrades with new version
Created symlink '/etc/systemd/system/multi-user.target.wants/unattended-upgrades.service' → '/usr/lib/systemd/system/unattended-upgrades.service'.
Setting up python3-cryptography (43.0.0-1ubuntu1) ...
Setting up python3-wadllib (2.0.0-2) ...
Setting up g++-14-x86-64-linux-gnu (14.2.0-19ubuntu2) ...
Setting up g++-x86-64-linux-gnu (4:14.2.0-1ubuntu1) ...
Setting up g++-14 (14.2.0-19ubuntu2) ...
Setting up python3-pkg-resources (75.8.0-1ubuntu1) ...
Setting up networkd-dispatcher (2.2.4-1.1) ...
Created symlink '/etc/systemd/system/multi-user.target.wants/networkd-dispatcher.service' → '/usr/lib/systemd/system/networkd-dispatcher.service'.
Setting up gcc (4:14.2.0-1ubuntu1) ...
Setting up python3-oauthlib (3.2.2-3) ...
Setting up g++ (4:14.2.0-1ubuntu1) ...
update-alternatives: using /usr/bin/g++ to provide /usr/bin/c++ (c++) in auto mode
update-alternatives: warning: skip creation of /usr/share/man/man1/c++.1.gz because associated file /usr/share/man/man1/g++.1.gz (of link group c++) doesn't exist
Setting up build-essential (12.12ubuntu1) ...
Setting up python3-lazr.restfulclient (0.14.6-2) ...
Setting up python3-launchpadlib (2.1.0-1) ...
Created symlink '/etc/systemd/user/timers.target.wants/launchpadlib-cache-clean.timer' → '/usr/lib/systemd/user/launchpadlib-cache-clean.timer'.
Setting up python3-software-properties (0.111) ...
Processing triggers for libc-bin (2.41-6ubuntu1.1) ...
Processing triggers for systemd (257.4-1ubuntu3.1) ...
Processing triggers for procps (2:4.0.4-7ubuntu1) ...
grep: /proc/1/environ: Permission denied
procps: Applying updated sysctl configuration
sysctl: setting key "kernel.printk", ignoring: Read-only file system
sysctl: setting key "kernel.core_pattern", ignoring: Read-only file system
sysctl: setting key "net.ipv6.conf.all.use_tempaddr", ignoring: Read-only file system
sysctl: setting key "net.ipv6.conf.default.use_tempaddr", ignoring: Read-only file system
sysctl: setting key "kernel.kptr_restrict", ignoring: Read-only file system
sysctl: setting key "kernel.sysrq", ignoring: Read-only file system
sysctl: setting key "vm.max_map_count", ignoring: Read-only file system
sysctl: setting key "net.ipv4.conf.default.rp_filter", ignoring: Read-only file system
sysctl: setting key "net.ipv4.conf.all.rp_filter", ignoring: Read-only file system
sysctl: setting key "kernel.yama.ptrace_scope", ignoring: Read-only file system
sysctl: setting key "vm.mmap_min_addr", ignoring: Read-only file system
sysctl: setting key "kernel.sysrq", ignoring: Read-only file system
sysctl: setting key "kernel.core_uses_pid", ignoring: Read-only file system
sysctl: setting key "net.ipv4.conf.default.rp_filter", ignoring: Read-only file system
sysctl: setting key "net.ipv4.conf.eth0.rp_filter", ignoring: Read-only file system
sysctl: setting key "net.ipv4.conf.lo.rp_filter", ignoring: Read-only file system
sysctl: setting key "net.ipv4.conf.default.accept_source_route", ignoring: Read-only file system
sysctl: setting key "net.ipv4.conf.eth0.accept_source_route", ignoring: Read-only file system
sysctl: setting key "net.ipv4.conf.lo.accept_source_route", ignoring: Read-only file system
sysctl: setting key "net.ipv4.conf.default.promote_secondaries", ignoring: Read-only file system
sysctl: setting key "net.ipv4.conf.eth0.promote_secondaries", ignoring: Read-only file system
sysctl: setting key "net.ipv4.conf.lo.promote_secondaries", ignoring: Read-only file system
sysctl: setting key "net.ipv4.ping_group_range", ignoring: Read-only file system
sysctl: setting key "fs.protected_hardlinks", ignoring: Read-only file system
sysctl: setting key "fs.protected_symlinks", ignoring: Read-only file system
sysctl: setting key "fs.protected_regular", ignoring: Read-only file system
sysctl: setting key "fs.protected_fifos", ignoring: Read-only file system
sysctl: setting key "kernel.pid_max", ignoring: Read-only file system
Processing triggers for sgml-base (1.31) ...
Setting up polkitd (126-2) ...
Creating group 'polkitd' with GID 994.
Creating user 'polkitd' (User for polkitd) with UID 994 and GID 994.
invoke-rc.d: could not determine current runlevel
invoke-rc.d: policy-rc.d denied execution of reload.
Setting up packagekit (1.3.0-3build1) ...
invoke-rc.d: could not determine current runlevel
invoke-rc.d: policy-rc.d denied execution of force-reload.
Failed to open connection to "system" message bus: Failed to connect to socket /run/dbus/system_bus_socket: No such file or directory
Created symlink '/etc/systemd/user/sockets.target.wants/pk-debconf-helper.socket' → '/usr/lib/systemd/user/pk-debconf-helper.socket'.
Setting up packagekit-tools (1.3.0-3build1) ...
Setting up software-properties-common (0.111) ...
Processing triggers for dbus (1.16.2-2ubuntu1) ...
Hit:1 http://security.ubuntu.com/ubuntu plucky-security InRelease
Get:2 http://security.ubuntu.com/ubuntu plucky-security/main amd64 Components [16.7 kB]
Hit:3 http://archive.ubuntu.com/ubuntu plucky InRelease
Get:4 http://security.ubuntu.com/ubuntu plucky-security/universe amd64 Components [1622 B]
Get:5 http://security.ubuntu.com/ubuntu plucky-security/restricted amd64 Components [157 B]
Get:6 http://security.ubuntu.com/ubuntu plucky-security/multiverse amd64 Components [159 B]
Hit:7 http://archive.ubuntu.com/ubuntu plucky-updates InRelease
Hit:8 http://archive.ubuntu.com/ubuntu plucky-backports InRelease
Get:9 http://archive.ubuntu.com/ubuntu plucky/main amd64 Components [588 kB]
Get:10 http://archive.ubuntu.com/ubuntu plucky/universe amd64 Components [6691 kB]
Get:11 http://archive.ubuntu.com/ubuntu plucky/restricted amd64 Components [491 B]
Get:12 http://archive.ubuntu.com/ubuntu plucky/multiverse amd64 Components [55.2 kB]
Get:13 http://archive.ubuntu.com/ubuntu plucky-updates/main amd64 Components [36.3 kB]
Get:14 http://archive.ubuntu.com/ubuntu plucky-updates/universe amd64 Components [10.2 kB]
Get:15 http://archive.ubuntu.com/ubuntu plucky-updates/restricted amd64 Components [159 B]
Get:16 http://archive.ubuntu.com/ubuntu plucky-updates/multiverse amd64 Components [161 B]
Get:17 http://archive.ubuntu.com/ubuntu plucky-backports/main amd64 Components [159 B]
Get:18 http://archive.ubuntu.com/ubuntu plucky-backports/universe amd64 Components [162 B]
Get:19 http://archive.ubuntu.com/ubuntu plucky-backports/restricted amd64 Components [162 B]
Get:20 http://archive.ubuntu.com/ubuntu plucky-backports/multiverse amd64 Components [163 B]
Fetched 7401 kB in 2s (2975 kB/s)
Reading package lists...
Adding component(s) 'universe' to all repositories.

WARNING: apt does not have a stable CLI interface. Use with caution in scripts.

Reading package lists...
Building dependency tree...
Reading state information...
ca-certificates is already the newest version (20241223).
ca-certificates set to manually installed.
gnupg is already the newest version (2.4.4-2ubuntu23.1).
gnupg set to manually installed.
lsb-release is already the newest version (12.1-1).
lsb-release set to manually installed.
Installing:
  apt-transport-https

Summary:
  Upgrading: 0, Installing: 1, Removing: 0, Not Upgrading: 0
  Download size: 3932 B
  Space needed: 49.2 kB / 919 GB available

Get:1 http://archive.ubuntu.com/ubuntu plucky/universe amd64 apt-transport-https all 3.0.0 [3932 B]
debconf: unable to initialize frontend: Dialog
debconf: (Dialog frontend will not work on a dumb terminal, an emacs shell buffer, or without a controlling terminal.)
debconf: falling back to frontend: Readline
debconf: unable to initialize frontend: Readline
debconf: (This frontend requires a controlling tty.)
debconf: falling back to frontend: Teletype
dpkg-preconfigure: unable to re-open stdin: 
Fetched 3932 B in 0s (23.1 kB/s)
Selecting previously unselected package apt-transport-https.
(Reading database ... (Reading database ... 5%(Reading database ... 10%(Reading database ... 15%(Reading database ... 20%(Reading database ... 25%(Reading database ... 30%(Reading database ... 35%(Reading database ... 40%(Reading database ... 45%(Reading database ... 50%(Reading database ... 55%(Reading database ... 60%(Reading database ... 65%(Reading database ... 70%(Reading database ... 75%(Reading database ... 80%(Reading database ... 85%(Reading database ... 90%(Reading database ... 95%(Reading database ... 100%(Reading database ... 25090 files and directories currently installed.)
Preparing to unpack .../apt-transport-https_3.0.0_all.deb ...
Unpacking apt-transport-https (3.0.0) ...
Setting up apt-transport-https (3.0.0) ...
info: downloading installer
info: profile set to 'default'
info: default host triple is x86_64-unknown-linux-gnu
info: syncing channel updates for 'stable-x86_64-unknown-linux-gnu'
info: latest update on 2025-06-26, rust version 1.88.0 (6b00bc388 2025-06-23)
info: downloading component 'cargo'
info: downloading component 'clippy'
info: downloading component 'rust-docs'
info: downloading component 'rust-std'
info: downloading component 'rustc'
info: downloading component 'rustfmt'
info: installing component 'cargo'
info: installing component 'clippy'
info: installing component 'rust-docs'
info: installing component 'rust-std'
info: installing component 'rustc'
info: installing component 'rustfmt'
info: default toolchain set to 'stable-x86_64-unknown-linux-gnu'

  stable-x86_64-unknown-linux-gnu installed - rustc 1.88.0 (6b00bc388 2025-06-23)


Rust is installed now. Great!

To get started you may need to restart your current shell.
This would reload your PATH environment variable to include
Cargo's bin directory ($HOME/.cargo/bin).

To configure your current shell, you need to source
the corresponding env file under $HOME/.cargo.

This is usually done by running one of the following (note the leading DOT):
. "$HOME/.cargo/env"            # For sh/bash/zsh/ash/dash/pdksh
source "$HOME/.cargo/env.fish"  # For fish
source $"($nu.home-path)/.cargo/env.nu"  # For nushell

WARNING: apt does not have a stable CLI interface. Use with caution in scripts.

Reading package lists...
Building dependency tree...
Reading state information...
Installing:
  pipx

Installing dependencies:
  python3-argcomplete  python3-platformdirs    python3-venv
  python3-click        python3-psutil          python3.13-venv
  python3-packaging    python3-setuptools-whl
  python3-pip-whl      python3-userpath

Summary:
  Upgrading: 0, Installing: 11, Removing: 0, Not Upgrading: 0
  Download size: 3831 kB
  Space needed: 8846 kB / 918 GB available

Get:1 http://archive.ubuntu.com/ubuntu plucky-updates/universe amd64 python3-pip-whl all 25.0+dfsg-1ubuntu0.1 [1446 kB]
Get:2 http://archive.ubuntu.com/ubuntu plucky-updates/universe amd64 python3-setuptools-whl all 75.8.0-1ubuntu1 [1153 kB]
Get:3 http://archive.ubuntu.com/ubuntu plucky-updates/universe amd64 python3.13-venv amd64 3.13.3-1ubuntu0.2 [5360 B]
Get:4 http://archive.ubuntu.com/ubuntu plucky/universe amd64 python3-venv amd64 3.13.3-1 [1022 B]
Get:5 http://archive.ubuntu.com/ubuntu plucky/universe amd64 python3-argcomplete all 3.5.3-1 [35.6 kB]
Get:6 http://archive.ubuntu.com/ubuntu plucky/main amd64 python3-packaging all 24.2-1 [51.5 kB]
Get:7 http://archive.ubuntu.com/ubuntu plucky/main amd64 python3-platformdirs all 4.3.6-1 [16.8 kB]
Get:8 http://archive.ubuntu.com/ubuntu plucky/main amd64 python3-click all 8.2.0+0.really.8.1.8-1 [80.0 kB]
Get:9 http://archive.ubuntu.com/ubuntu plucky/universe amd64 python3-userpath all 1.9.2-1 [9466 B]
Get:10 http://archive.ubuntu.com/ubuntu plucky/universe amd64 pipx all 1.7.1-1 [836 kB]
Get:11 http://archive.ubuntu.com/ubuntu plucky/main amd64 python3-psutil amd64 5.9.8-2build3 [196 kB]
debconf: unable to initialize frontend: Dialog
debconf: (Dialog frontend will not work on a dumb terminal, an emacs shell buffer, or without a controlling terminal.)
debconf: falling back to frontend: Readline
debconf: unable to initialize frontend: Readline
debconf: (This frontend requires a controlling tty.)
debconf: falling back to frontend: Teletype
dpkg-preconfigure: unable to re-open stdin: 
Fetched 3831 kB in 2s (2070 kB/s)
Selecting previously unselected package python3-pip-whl.
(Reading database ... (Reading database ... 5%(Reading database ... 10%(Reading database ... 15%(Reading database ... 20%(Reading database ... 25%(Reading database ... 30%(Reading database ... 35%(Reading database ... 40%(Reading database ... 45%(Reading database ... 50%(Reading database ... 55%(Reading database ... 60%(Reading database ... 65%(Reading database ... 70%(Reading database ... 75%(Reading database ... 80%(Reading database ... 85%(Reading database ... 90%(Reading database ... 95%(Reading database ... 100%(Reading database ... 25094 files and directories currently installed.)
Preparing to unpack .../00-python3-pip-whl_25.0+dfsg-1ubuntu0.1_all.deb ...
Unpacking python3-pip-whl (25.0+dfsg-1ubuntu0.1) ...
Selecting previously unselected package python3-setuptools-whl.
Preparing to unpack .../01-python3-setuptools-whl_75.8.0-1ubuntu1_all.deb ...
Unpacking python3-setuptools-whl (75.8.0-1ubuntu1) ...
Selecting previously unselected package python3.13-venv.
Preparing to unpack .../02-python3.13-venv_3.13.3-1ubuntu0.2_amd64.deb ...
Unpacking python3.13-venv (3.13.3-1ubuntu0.2) ...
Selecting previously unselected package python3-venv.
Preparing to unpack .../03-python3-venv_3.13.3-1_amd64.deb ...
Unpacking python3-venv (3.13.3-1) ...
Selecting previously unselected package python3-argcomplete.
Preparing to unpack .../04-python3-argcomplete_3.5.3-1_all.deb ...
Unpacking python3-argcomplete (3.5.3-1) ...
Selecting previously unselected package python3-packaging.
Preparing to unpack .../05-python3-packaging_24.2-1_all.deb ...
Unpacking python3-packaging (24.2-1) ...
Selecting previously unselected package python3-platformdirs.
Preparing to unpack .../06-python3-platformdirs_4.3.6-1_all.deb ...
Unpacking python3-platformdirs (4.3.6-1) ...
Selecting previously unselected package python3-click.
Preparing to unpack .../07-python3-click_8.2.0+0.really.8.1.8-1_all.deb ...
Unpacking python3-click (8.2.0+0.really.8.1.8-1) ...
Selecting previously unselected package python3-userpath.
Preparing to unpack .../08-python3-userpath_1.9.2-1_all.deb ...
Unpacking python3-userpath (1.9.2-1) ...
Selecting previously unselected package pipx.
Preparing to unpack .../09-pipx_1.7.1-1_all.deb ...
Unpacking pipx (1.7.1-1) ...
Selecting previously unselected package python3-psutil.
Preparing to unpack .../10-python3-psutil_5.9.8-2build3_amd64.deb ...
Unpacking python3-psutil (5.9.8-2build3) ...
Setting up python3-setuptools-whl (75.8.0-1ubuntu1) ...
Setting up python3-pip-whl (25.0+dfsg-1ubuntu0.1) ...
Setting up python3-click (8.2.0+0.really.8.1.8-1) ...
Setting up python3.13-venv (3.13.3-1ubuntu0.2) ...
Setting up python3-platformdirs (4.3.6-1) ...
Setting up python3-psutil (5.9.8-2build3) ...
Setting up python3-packaging (24.2-1) ...
Setting up python3-venv (3.13.3-1) ...
Setting up python3-argcomplete (3.5.3-1) ...
Setting up python3-userpath (1.9.2-1) ...
Setting up pipx (1.7.1-1) ...

WARNING: apt does not have a stable CLI interface. Use with caution in scripts.

Reading package lists...
Building dependency tree...
Reading state information...
Installing:
  snapd

Installing dependencies:
  apparmor  libfuse3-3  squashfs-tools    udev
  fuse3     liblzo2-2   systemd-hwe-hwdb

Suggested packages:
  apparmor-profiles-extra  apparmor-utils  zenity  | kdialog

Summary:
  Upgrading: 0, Installing: 8, Removing: 0, Not Upgrading: 0
  Download size: 34.4 MB
  Space needed: 136 MB / 918 GB available

Get:1 http://archive.ubuntu.com/ubuntu plucky-updates/main amd64 udev amd64 257.4-1ubuntu3.1 [1403 kB]
Get:2 http://archive.ubuntu.com/ubuntu plucky/main amd64 systemd-hwe-hwdb all 256.4.1 [2984 B]
Get:3 http://archive.ubuntu.com/ubuntu plucky/main amd64 apparmor amd64 4.1.0~beta5-0ubuntu14 [703 kB]
Get:4 http://archive.ubuntu.com/ubuntu plucky/main amd64 libfuse3-3 amd64 3.14.0-10 [92.0 kB]
Get:5 http://archive.ubuntu.com/ubuntu plucky/main amd64 fuse3 amd64 3.14.0-10 [25.7 kB]
Get:6 http://archive.ubuntu.com/ubuntu plucky/main amd64 liblzo2-2 amd64 2.10-3 [54.2 kB]
Get:7 http://archive.ubuntu.com/ubuntu plucky/main amd64 squashfs-tools amd64 1:4.6.1-1build1 [189 kB]
Get:8 http://archive.ubuntu.com/ubuntu plucky/main amd64 snapd amd64 2.67.1+25.04 [31.9 MB]
debconf: unable to initialize frontend: Dialog
debconf: (Dialog frontend will not work on a dumb terminal, an emacs shell buffer, or without a controlling terminal.)
debconf: falling back to frontend: Readline
debconf: unable to initialize frontend: Readline
debconf: (This frontend requires a controlling tty.)
debconf: falling back to frontend: Teletype
dpkg-preconfigure: unable to re-open stdin: 
Fetched 34.4 MB in 3s (9871 kB/s)
Selecting previously unselected package udev.
(Reading database ... (Reading database ... 5%(Reading database ... 10%(Reading database ... 15%(Reading database ... 20%(Reading database ... 25%(Reading database ... 30%(Reading database ... 35%(Reading database ... 40%(Reading database ... 45%(Reading database ... 50%(Reading database ... 55%(Reading database ... 60%(Reading database ... 65%(Reading database ... 70%(Reading database ... 75%(Reading database ... 80%(Reading database ... 85%(Reading database ... 90%(Reading database ... 95%(Reading database ... 100%(Reading database ... 25448 files and directories currently installed.)
Preparing to unpack .../0-udev_257.4-1ubuntu3.1_amd64.deb ...
Unpacking udev (257.4-1ubuntu3.1) ...
Selecting previously unselected package systemd-hwe-hwdb.
Preparing to unpack .../1-systemd-hwe-hwdb_256.4.1_all.deb ...
Unpacking systemd-hwe-hwdb (256.4.1) ...
Selecting previously unselected package apparmor.
Preparing to unpack .../2-apparmor_4.1.0~beta5-0ubuntu14_amd64.deb ...
Unpacking apparmor (4.1.0~beta5-0ubuntu14) ...
Selecting previously unselected package libfuse3-3:amd64.
Preparing to unpack .../3-libfuse3-3_3.14.0-10_amd64.deb ...
Unpacking libfuse3-3:amd64 (3.14.0-10) ...
Selecting previously unselected package fuse3.
Preparing to unpack .../4-fuse3_3.14.0-10_amd64.deb ...
Adding 'diversion of /bin/fusermount to /bin/fusermount.usr-is-merged by fuse3'
Adding 'diversion of /sbin/mount.fuse to /sbin/mount.fuse.usr-is-merged by fuse3'
Unpacking fuse3 (3.14.0-10) ...
Selecting previously unselected package liblzo2-2:amd64.
Preparing to unpack .../5-liblzo2-2_2.10-3_amd64.deb ...
Unpacking liblzo2-2:amd64 (2.10-3) ...
Selecting previously unselected package squashfs-tools.
Preparing to unpack .../6-squashfs-tools_1%3a4.6.1-1build1_amd64.deb ...
Unpacking squashfs-tools (1:4.6.1-1build1) ...
Selecting previously unselected package snapd.
Preparing to unpack .../7-snapd_2.67.1+25.04_amd64.deb ...
Unpacking snapd (2.67.1+25.04) ...
Setting up liblzo2-2:amd64 (2.10-3) ...
Setting up apparmor (4.1.0~beta5-0ubuntu14) ...
debconf: unable to initialize frontend: Dialog
debconf: (Dialog frontend will not work on a dumb terminal, an emacs shell buffer, or without a controlling terminal.)
debconf: falling back to frontend: Readline
debconf: unable to initialize frontend: Readline
debconf: (This frontend requires a controlling tty.)
debconf: falling back to frontend: Teletype
Created symlink '/etc/systemd/system/sysinit.target.wants/apparmor.service' → '/usr/lib/systemd/system/apparmor.service'.
Setting up udev (257.4-1ubuntu3.1) ...
Creating group 'input' with GID 993.
Creating group 'sgx' with GID 992.
Creating group 'kvm' with GID 991.
Creating group 'render' with GID 990.
Setting up libfuse3-3:amd64 (3.14.0-10) ...
Setting up systemd-hwe-hwdb (256.4.1) ...
Setting up squashfs-tools (1:4.6.1-1build1) ...
Setting up fuse3 (3.14.0-10) ...
Removing 'diversion of /bin/fusermount to /bin/fusermount.usr-is-merged by fuse3'
Removing 'diversion of /sbin/mount.fuse to /sbin/mount.fuse.usr-is-merged by fuse3'
Setting up snapd (2.67.1+25.04) ...
Created symlink '/etc/systemd/system/multi-user.target.wants/snapd.apparmor.service' → '/usr/lib/systemd/system/snapd.apparmor.service'.
Created symlink '/etc/systemd/system/multi-user.target.wants/snapd.autoimport.service' → '/usr/lib/systemd/system/snapd.autoimport.service'.
Created symlink '/etc/systemd/system/multi-user.target.wants/snapd.core-fixup.service' → '/usr/lib/systemd/system/snapd.core-fixup.service'.
Created symlink '/etc/systemd/system/multi-user.target.wants/snapd.recovery-chooser-trigger.service' → '/usr/lib/systemd/system/snapd.recovery-chooser-trigger.service'.
Created symlink '/etc/systemd/system/multi-user.target.wants/snapd.seeded.service' → '/usr/lib/systemd/system/snapd.seeded.service'.
Created symlink '/etc/systemd/system/cloud-final.service.wants/snapd.seeded.service' → '/usr/lib/systemd/system/snapd.seeded.service'.
Unit /usr/lib/systemd/system/snapd.seeded.service is added as a dependency to a non-existent unit cloud-final.service.
Created symlink '/etc/systemd/system/multi-user.target.wants/snapd.service' → '/usr/lib/systemd/system/snapd.service'.
Created symlink '/etc/systemd/system/timers.target.wants/snapd.snap-repair.timer' → '/usr/lib/systemd/system/snapd.snap-repair.timer'.
Created symlink '/etc/systemd/system/sockets.target.wants/snapd.socket' → '/usr/lib/systemd/system/snapd.socket'.
Created symlink '/etc/systemd/system/final.target.wants/snapd.system-shutdown.service' → '/usr/lib/systemd/system/snapd.system-shutdown.service'.
Processing triggers for systemd (257.4-1ubuntu3.1) ...
Processing triggers for dbus (1.16.2-2ubuntu1) ...
Processing triggers for procps (2:4.0.4-7ubuntu1) ...
grep: /proc/1/environ: Permission denied
procps: Applying updated sysctl configuration
sysctl: setting key "kernel.apparmor_restrict_unprivileged_userns", ignoring: Read-only file system
sysctl: setting key "kernel.apparmor_restrict_unprivileged_unconfined", ignoring: Read-only file system
sysctl: setting key "kernel.printk", ignoring: Read-only file system
sysctl: setting key "kernel.core_pattern", ignoring: Read-only file system
sysctl: setting key "net.ipv6.conf.all.use_tempaddr", ignoring: Read-only file system
sysctl: setting key "net.ipv6.conf.default.use_tempaddr", ignoring: Read-only file system
sysctl: setting key "kernel.kptr_restrict", ignoring: Read-only file system
sysctl: setting key "kernel.sysrq", ignoring: Read-only file system
sysctl: setting key "vm.max_map_count", ignoring: Read-only file system
sysctl: setting key "net.ipv4.conf.default.rp_filter", ignoring: Read-only file system
sysctl: setting key "net.ipv4.conf.all.rp_filter", ignoring: Read-only file system
sysctl: setting key "kernel.yama.ptrace_scope", ignoring: Read-only file system
sysctl: setting key "vm.mmap_min_addr", ignoring: Read-only file system
sysctl: setting key "kernel.sysrq", ignoring: Read-only file system
sysctl: setting key "kernel.core_uses_pid", ignoring: Read-only file system
sysctl: setting key "net.ipv4.conf.default.rp_filter", ignoring: Read-only file system
sysctl: setting key "net.ipv4.conf.eth0.rp_filter", ignoring: Read-only file system
sysctl: setting key "net.ipv4.conf.lo.rp_filter", ignoring: Read-only file system
sysctl: setting key "net.ipv4.conf.default.accept_source_route", ignoring: Read-only file system
sysctl: setting key "net.ipv4.conf.eth0.accept_source_route", ignoring: Read-only file system
sysctl: setting key "net.ipv4.conf.lo.accept_source_route", ignoring: Read-only file system
sysctl: setting key "net.ipv4.conf.default.promote_secondaries", ignoring: Read-only file system
sysctl: setting key "net.ipv4.conf.eth0.promote_secondaries", ignoring: Read-only file system
sysctl: setting key "net.ipv4.conf.lo.promote_secondaries", ignoring: Read-only file system
sysctl: setting key "net.ipv4.ping_group_range", ignoring: Read-only file system
sysctl: setting key "fs.protected_hardlinks", ignoring: Read-only file system
sysctl: setting key "fs.protected_symlinks", ignoring: Read-only file system
sysctl: setting key "fs.protected_regular", ignoring: Read-only file system
sysctl: setting key "fs.protected_fifos", ignoring: Read-only file system
sysctl: setting key "kernel.pid_max", ignoring: Read-only file system
Processing triggers for libc-bin (2.41-6ubuntu1.1) ...
[0;32m[TEST][0m ✓ Package manager setup completed successfully
[0;32m[TEST][0m Running: Presentation tools
deb [signed-by=/etc/apt/keyrings/charm.gpg] https://repo.charm.sh/apt/ * *

WARNING: apt does not have a stable CLI interface. Use with caution in scripts.

Get:1 https://repo.charm.sh/apt * InRelease
Get:2 https://repo.charm.sh/apt */* amd64 Packages [19.0 kB]
Fetched 25.7 kB in 0s (54.5 kB/s)
Reading package lists...
Building dependency tree...
Reading state information...
All packages are up to date.

WARNING: apt does not have a stable CLI interface. Use with caution in scripts.

Reading package lists...
Building dependency tree...
Reading state information...
Installing:
  gum

Summary:
  Upgrading: 0, Installing: 1, Removing: 0, Not Upgrading: 0
  Download size: 4718 kB
  Space needed: 13.9 MB / 918 GB available

Get:1 https://repo.charm.sh/apt */* amd64 gum amd64 0.16.2 [4718 kB]
debconf: unable to initialize frontend: Dialog
debconf: (Dialog frontend will not work on a dumb terminal, an emacs shell buffer, or without a controlling terminal.)
debconf: falling back to frontend: Readline
debconf: unable to initialize frontend: Readline
debconf: (This frontend requires a controlling tty.)
debconf: falling back to frontend: Teletype
dpkg-preconfigure: unable to re-open stdin: 
Fetched 4718 kB in 2s (2235 kB/s)
Selecting previously unselected package gum.
(Reading database ... (Reading database ... 5%(Reading database ... 10%(Reading database ... 15%(Reading database ... 20%(Reading database ... 25%(Reading database ... 30%(Reading database ... 35%(Reading database ... 40%(Reading database ... 45%(Reading database ... 50%(Reading database ... 55%(Reading database ... 60%(Reading database ... 65%(Reading database ... 70%(Reading database ... 75%(Reading database ... 80%(Reading database ... 85%(Reading database ... 90%(Reading database ... 95%(Reading database ... 100%(Reading database ... 26086 files and directories currently installed.)
Preparing to unpack .../archives/gum_0.16.2_amd64.deb ...
Unpacking gum (0.16.2) ...
Setting up gum (0.16.2) ...
creating virtual environment...
creating shared libraries...
upgrading shared libraries...
installing terminaltexteffects...
done! ✨ 🌟 ✨
  installed package terminaltexteffects 0.12.0, installed using Python 3.13.3
  These apps are now globally available
    - tte
[0;32m[TEST][0m ✓ Presentation tools completed successfully
[0;32m[TEST][0m Running: Terminal tools

WARNING: apt does not have a stable CLI interface. Use with caution in scripts.

Reading package lists...
Building dependency tree...
Reading state information...
Error: Unable to locate package mlocate

WARNING: apt does not have a stable CLI interface. Use with caution in scripts.

Reading package lists...
Building dependency tree...
Reading state information...
gpg is already the newest version (2.4.4-2ubuntu23.1).
gpg set to manually installed.
Summary:
  Upgrading: 0, Installing: 0, Removing: 0, Not Upgrading: 0
deb [signed-by=/etc/apt/keyrings/gierens.gpg] http://deb.gierens.de stable main

WARNING: apt does not have a stable CLI interface. Use with caution in scripts.

Get:1 http://deb.gierens.de stable InRelease [8466 B]
Get:2 http://deb.gierens.de stable/main amd64 Packages [15.5 kB]
Fetched 24.0 kB in 1s (31.4 kB/s)
Reading package lists...
Building dependency tree...
Reading state information...
All packages are up to date.

WARNING: apt does not have a stable CLI interface. Use with caution in scripts.

Reading package lists...
Building dependency tree...
Reading state information...
Installing:
  eza

Summary:
  Upgrading: 0, Installing: 1, Removing: 0, Not Upgrading: 0
  Download size: 1025 kB
  Space needed: 0 B / 918 GB available

Get:1 http://deb.gierens.de stable/main amd64 eza amd64 0.21.6 [1025 kB]
debconf: unable to initialize frontend: Dialog
debconf: (Dialog frontend will not work on a dumb terminal, an emacs shell buffer, or without a controlling terminal.)
debconf: falling back to frontend: Readline
debconf: unable to initialize frontend: Readline
debconf: (This frontend requires a controlling tty.)
debconf: falling back to frontend: Teletype
dpkg-preconfigure: unable to re-open stdin: 
Fetched 1025 kB in 2s (651 kB/s)
Selecting previously unselected package eza.
(Reading database ... (Reading database ... 5%(Reading database ... 10%(Reading database ... 15%(Reading database ... 20%(Reading database ... 25%(Reading database ... 30%(Reading database ... 35%(Reading database ... 40%(Reading database ... 45%(Reading database ... 50%(Reading database ... 55%(Reading database ... 60%(Reading database ... 65%(Reading database ... 70%(Reading database ... 75%(Reading database ... 80%(Reading database ... 85%(Reading database ... 90%(Reading database ... 95%(Reading database ... 100%(Reading database ... 26092 files and directories currently installed.)
Preparing to unpack .../archives/eza_0.21.6_amd64.deb ...
Unpacking eza (0.21.6) ...
Setting up eza (0.21.6) ...
Detected architecture: x86_64-unknown-linux-musl
Downloaded package: zoxide.tar.gz
Installed zoxide to /home/testuser/.local/bin
Installed manpages to /home/testuser/.local/share/man

zoxide is installed!

WARNING: apt does not have a stable CLI interface. Use with caution in scripts.

Reading package lists...
Building dependency tree...
Reading state information...
Installing:
  wl-clipboard

Installing dependencies:
  fontconfig-config           libsensors5
  fonts-dejavu-core           libsm6
  fonts-dejavu-mono           libtext-iconv-perl
  libauthen-sasl-perl         libtie-ixhash-perl
  libclone-perl               libtimedate-perl
  libdata-dump-perl           libtry-tiny-perl
  libdrm-amdgpu1              liburi-perl
  libdrm-common               libvulkan1
  libdrm-intel1               libwayland-client0
  libdrm2                     libwayland-server0
  libegl-mesa0                libwww-perl
  libegl1                     libwww-robotrules-perl
  libencode-locale-perl       libx11-protocol-perl
  libfile-basedir-perl        libx11-xcb1
  libfile-desktopentry-perl   libxaw7
  libfile-listing-perl        libxcb-dri3-0
  libfile-mimeinfo-perl       libxcb-glx0
  libfont-afm-perl            libxcb-present0
  libfontconfig1              libxcb-randr0
  libfreetype6                libxcb-shape0
  libgbm1                     libxcb-shm0
  libgl1                      libxcb-sync1
  libgl1-mesa-dri             libxcb-xfixes0
  libgles2                    libxcomposite1
  libglvnd0                   libxcursor1
  libglx-mesa0                libxfixes3
  libglx0                     libxft2
  libhtml-form-perl           libxi6
  libhtml-format-perl         libxinerama1
  libhtml-parser-perl         libxkbfile1
  libhtml-tagset-perl         libxml-parser-perl
  libhtml-tree-perl           libxml-twig-perl
  libhttp-cookies-perl        libxml-xpathengine-perl
  libhttp-daemon-perl         libxmu6
  libhttp-date-perl           libxpm4
  libhttp-message-perl        libxrandr2
  libhttp-negotiate-perl      libxrender1
  libice6                     libxshmfence1
  libio-html-perl             libxt6t64
  libio-socket-ssl-perl       libxtst6
  libio-stringy-perl          libxv1
  libipc-system-simple-perl   libxxf86dga1
  libllvm19                   libxxf86vm1
  liblwp-mediatypes-perl      luit
  liblwp-protocol-https-perl  mesa-libgallium
  libmailtools-perl           mesa-vulkan-drivers
  libnet-dbus-perl            perl-openssl-defaults
  libnet-http-perl            x11-common
  libnet-smtp-ssl-perl        x11-utils
  libnet-ssleay-perl          x11-xserver-utils
  libpciaccess0               xdg-utils
  libpng16-16t64              zutty
  libsensors-config

Suggested packages:
  libdigest-hmac-perl         libbusiness-isbn-perl   debhelper
  libgssapi-perl              libmime-base32-perl     mesa-utils
  libio-compress-brotli-perl  libregexp-ipv6-perl     nickle
  libcrypt-ssleay-perl        libauthen-ntlm-perl     cairo-5c
  pciutils                    libunicode-map8-perl    xorg-docs-core
  lm-sensors                  libunicode-string-perl
  libsub-name-perl            xml-twig-tools

Summary:
  Upgrading: 0, Installing: 106, Removing: 0, Not Upgrading: 0
  Download size: 65.7 MB
  Space needed: 292 MB / 918 GB available

Get:1 http://archive.ubuntu.com/ubuntu plucky/main amd64 libtext-iconv-perl amd64 1.7-8build4 [13.6 kB]
Get:2 http://archive.ubuntu.com/ubuntu plucky/main amd64 libdrm-common all 2.4.124-2 [8644 B]
Get:3 http://archive.ubuntu.com/ubuntu plucky/main amd64 libdrm2 amd64 2.4.124-2 [44.1 kB]
Get:4 http://archive.ubuntu.com/ubuntu plucky/main amd64 libpng16-16t64 amd64 1.6.47-1.1 [217 kB]
Get:5 http://archive.ubuntu.com/ubuntu plucky/main amd64 libsensors-config all 1:3.6.0-10 [5532 B]
Get:6 http://archive.ubuntu.com/ubuntu plucky/main amd64 libsensors5 amd64 1:3.6.0-10 [26.6 kB]
Get:7 http://archive.ubuntu.com/ubuntu plucky/main amd64 fonts-dejavu-mono all 2.37-8 [502 kB]
Get:8 http://archive.ubuntu.com/ubuntu plucky/main amd64 fonts-dejavu-core all 2.37-8 [835 kB]
Get:9 http://archive.ubuntu.com/ubuntu plucky/main amd64 fontconfig-config amd64 2.15.0-2.2ubuntu1 [37.8 kB]
Get:10 http://archive.ubuntu.com/ubuntu plucky/main amd64 libclone-perl amd64 0.47-1 [10.7 kB]
Get:11 http://archive.ubuntu.com/ubuntu plucky/main amd64 libdata-dump-perl all 1.25-1 [25.9 kB]
Get:12 http://archive.ubuntu.com/ubuntu plucky/main amd64 libdrm-amdgpu1 amd64 2.4.124-2 [21.7 kB]
Get:13 http://archive.ubuntu.com/ubuntu plucky-updates/main amd64 libpciaccess0 amd64 0.17-3ubuntu0.25.04.2 [19.6 kB]
Get:14 http://archive.ubuntu.com/ubuntu plucky/main amd64 libdrm-intel1 amd64 2.4.124-2 [68.9 kB]
Get:15 http://archive.ubuntu.com/ubuntu plucky/main amd64 libwayland-server0 amd64 1.23.1-3 [37.2 kB]
Get:16 http://archive.ubuntu.com/ubuntu plucky/main amd64 libllvm19 amd64 1:19.1.7-3ubuntu1 [28.6 MB]
Get:17 http://archive.ubuntu.com/ubuntu plucky/main amd64 libx11-xcb1 amd64 2:1.8.10-2 [7944 B]
Get:18 http://archive.ubuntu.com/ubuntu plucky/main amd64 libxcb-dri3-0 amd64 1.17.0-2 [7508 B]
Get:19 http://archive.ubuntu.com/ubuntu plucky/main amd64 libxcb-present0 amd64 1.17.0-2 [6064 B]
Get:20 http://archive.ubuntu.com/ubuntu plucky/main amd64 libxcb-randr0 amd64 1.17.0-2 [17.9 kB]
Get:21 http://archive.ubuntu.com/ubuntu plucky/main amd64 libxcb-sync1 amd64 1.17.0-2 [9312 B]
Get:22 http://archive.ubuntu.com/ubuntu plucky/main amd64 libxcb-xfixes0 amd64 1.17.0-2 [10.2 kB]
Get:23 http://archive.ubuntu.com/ubuntu plucky/main amd64 libxshmfence1 amd64 1.3-1build5 [4764 B]
Get:24 http://archive.ubuntu.com/ubuntu plucky-updates/main amd64 mesa-libgallium amd64 25.0.7-0ubuntu0.25.04.1 [12.1 MB]
Get:25 http://archive.ubuntu.com/ubuntu plucky-updates/main amd64 libgbm1 amd64 25.0.7-0ubuntu0.25.04.1 [33.4 kB]
Get:26 http://archive.ubuntu.com/ubuntu plucky/main amd64 libwayland-client0 amd64 1.23.1-3 [29.7 kB]
Get:27 http://archive.ubuntu.com/ubuntu plucky/main amd64 libxcb-shm0 amd64 1.17.0-2 [5758 B]
Get:28 http://archive.ubuntu.com/ubuntu plucky-updates/main amd64 libegl-mesa0 amd64 25.0.7-0ubuntu0.25.04.1 [136 kB]
Get:29 http://archive.ubuntu.com/ubuntu plucky/main amd64 libencode-locale-perl all 1.05-3 [11.6 kB]
Get:30 http://archive.ubuntu.com/ubuntu plucky/main amd64 libipc-system-simple-perl all 1.30-2 [22.3 kB]
Get:31 http://archive.ubuntu.com/ubuntu plucky/main amd64 libfile-basedir-perl all 0.09-2 [14.4 kB]
Get:32 http://archive.ubuntu.com/ubuntu plucky/main amd64 liburi-perl all 5.30-1 [94.4 kB]
Get:33 http://archive.ubuntu.com/ubuntu plucky/main amd64 libfile-desktopentry-perl all 0.22-3 [16.8 kB]
Get:34 http://archive.ubuntu.com/ubuntu plucky/main amd64 libtimedate-perl all 2.3300-2 [34.0 kB]
Get:35 http://archive.ubuntu.com/ubuntu plucky/main amd64 libhttp-date-perl all 6.06-1 [10.2 kB]
Get:36 http://archive.ubuntu.com/ubuntu plucky/main amd64 libfile-listing-perl all 6.16-1 [11.3 kB]
Get:37 http://archive.ubuntu.com/ubuntu plucky/main amd64 libfile-mimeinfo-perl all 0.35-1 [40.3 kB]
Get:38 http://archive.ubuntu.com/ubuntu plucky/main amd64 libfont-afm-perl all 1.20-4 [13.0 kB]
Get:39 http://archive.ubuntu.com/ubuntu plucky/main amd64 libfreetype6 amd64 2.13.3+dfsg-1 [402 kB]
Get:40 http://archive.ubuntu.com/ubuntu plucky/main amd64 libfontconfig1 amd64 2.15.0-2.2ubuntu1 [164 kB]
Get:41 http://archive.ubuntu.com/ubuntu plucky/main amd64 libvulkan1 amd64 1.4.304.0-1 [147 kB]
Get:42 http://archive.ubuntu.com/ubuntu plucky-updates/main amd64 libgl1-mesa-dri amd64 25.0.7-0ubuntu0.25.04.1 [35.8 kB]
Get:43 http://archive.ubuntu.com/ubuntu plucky/main amd64 libxcb-glx0 amd64 1.17.0-2 [24.8 kB]
Get:44 http://archive.ubuntu.com/ubuntu plucky/main amd64 libxxf86vm1 amd64 1:1.1.4-1build4 [9282 B]
Get:45 http://archive.ubuntu.com/ubuntu plucky-updates/main amd64 libglx-mesa0 amd64 25.0.7-0ubuntu0.25.04.1 [146 kB]
Get:46 http://archive.ubuntu.com/ubuntu plucky/main amd64 libhtml-tagset-perl all 3.24-1 [14.1 kB]
Get:47 http://archive.ubuntu.com/ubuntu plucky/main amd64 libhtml-parser-perl amd64 3.83-1build1 [86.2 kB]
Get:48 http://archive.ubuntu.com/ubuntu plucky/main amd64 libio-html-perl all 1.004-3 [15.9 kB]
Get:49 http://archive.ubuntu.com/ubuntu plucky/main amd64 liblwp-mediatypes-perl all 6.04-2 [20.1 kB]
Get:50 http://archive.ubuntu.com/ubuntu plucky/main amd64 libhttp-message-perl all 7.00-2ubuntu1 [75.9 kB]
Get:51 http://archive.ubuntu.com/ubuntu plucky/main amd64 libhtml-form-perl all 6.12-1 [31.1 kB]
Get:52 http://archive.ubuntu.com/ubuntu plucky/main amd64 libhtml-tree-perl all 5.07-3 [200 kB]
Get:53 http://archive.ubuntu.com/ubuntu plucky/main amd64 libhtml-format-perl all 2.16-2 [36.9 kB]
Get:54 http://archive.ubuntu.com/ubuntu plucky/main amd64 libhttp-cookies-perl all 6.11-1 [18.2 kB]
Get:55 http://archive.ubuntu.com/ubuntu plucky/main amd64 libhttp-daemon-perl all 6.16-1 [22.4 kB]
Get:56 http://archive.ubuntu.com/ubuntu plucky/main amd64 libhttp-negotiate-perl all 6.01-2 [12.4 kB]
Get:57 http://archive.ubuntu.com/ubuntu plucky/main amd64 x11-common all 1:7.7+23ubuntu4 [21.8 kB]
Get:58 http://archive.ubuntu.com/ubuntu plucky/main amd64 libice6 amd64 2:1.1.1-1 [44.1 kB]
Get:59 http://archive.ubuntu.com/ubuntu plucky/main amd64 perl-openssl-defaults amd64 7build3 [6626 B]
Get:60 http://archive.ubuntu.com/ubuntu plucky/main amd64 libnet-ssleay-perl amd64 1.94-3 [318 kB]
Get:61 http://archive.ubuntu.com/ubuntu plucky/main amd64 libio-socket-ssl-perl all 2.089-1 [200 kB]
Get:62 http://archive.ubuntu.com/ubuntu plucky/main amd64 libio-stringy-perl all 2.113-2 [45.3 kB]
Get:63 http://archive.ubuntu.com/ubuntu plucky/main amd64 libnet-http-perl all 6.23-1 [22.3 kB]
Get:64 http://archive.ubuntu.com/ubuntu plucky/main amd64 libtry-tiny-perl all 0.32-1 [21.2 kB]
Get:65 http://archive.ubuntu.com/ubuntu plucky/main amd64 libwww-robotrules-perl all 6.02-1 [12.6 kB]
Get:66 http://archive.ubuntu.com/ubuntu plucky/main amd64 libwww-perl all 6.78-1 [139 kB]
Get:67 http://archive.ubuntu.com/ubuntu plucky/main amd64 liblwp-protocol-https-perl all 6.14-1 [9040 B]
Get:68 http://archive.ubuntu.com/ubuntu plucky/main amd64 libnet-smtp-ssl-perl all 1.04-2 [6218 B]
Get:69 http://archive.ubuntu.com/ubuntu plucky/main amd64 libmailtools-perl all 2.22-1 [77.1 kB]
Get:70 http://archive.ubuntu.com/ubuntu plucky/main amd64 libxml-parser-perl amd64 2.47-1build4 [202 kB]
Get:71 http://archive.ubuntu.com/ubuntu plucky/main amd64 libxml-twig-perl all 1:3.52-3 [158 kB]
Get:72 http://archive.ubuntu.com/ubuntu plucky/main amd64 libnet-dbus-perl amd64 1.2.0-2build4 [165 kB]
Get:73 http://archive.ubuntu.com/ubuntu plucky/main amd64 libsm6 amd64 2:1.2.4-1 [17.4 kB]
Get:74 http://archive.ubuntu.com/ubuntu plucky/main amd64 libtie-ixhash-perl all 1.23-4 [11.3 kB]
Get:75 http://archive.ubuntu.com/ubuntu plucky/main amd64 libx11-protocol-perl all 0.56-9 [122 kB]
Get:76 http://archive.ubuntu.com/ubuntu plucky/main amd64 libxt6t64 amd64 1:1.2.1-1.2build1 [171 kB]
Get:77 http://archive.ubuntu.com/ubuntu plucky/main amd64 libxmu6 amd64 2:1.1.3-3build2 [47.6 kB]
Get:78 http://archive.ubuntu.com/ubuntu plucky/main amd64 libxpm4 amd64 1:3.5.17-1build2 [36.5 kB]
Get:79 http://archive.ubuntu.com/ubuntu plucky/main amd64 libxaw7 amd64 2:1.0.16-1 [207 kB]
Get:80 http://archive.ubuntu.com/ubuntu plucky/main amd64 libxcb-shape0 amd64 1.17.0-2 [6092 B]
Get:81 http://archive.ubuntu.com/ubuntu plucky/main amd64 libxcomposite1 amd64 1:0.4.6-1 [6642 B]
Get:82 http://archive.ubuntu.com/ubuntu plucky/main amd64 libxfixes3 amd64 1:6.0.0-2build1 [10.8 kB]
Get:83 http://archive.ubuntu.com/ubuntu plucky/main amd64 libxrender1 amd64 1:0.9.10-1.1build1 [19.0 kB]
Get:84 http://archive.ubuntu.com/ubuntu plucky/main amd64 libxcursor1 amd64 1:1.2.3-1 [23.1 kB]
Get:85 http://archive.ubuntu.com/ubuntu plucky/main amd64 libxft2 amd64 2.3.6-1build1 [45.3 kB]
Get:86 http://archive.ubuntu.com/ubuntu plucky/main amd64 libxi6 amd64 2:1.8.2-1 [32.4 kB]
Get:87 http://archive.ubuntu.com/ubuntu plucky/main amd64 libxinerama1 amd64 2:1.1.4-3build1 [6396 B]
Get:88 http://archive.ubuntu.com/ubuntu plucky/main amd64 libxkbfile1 amd64 1:1.1.0-1build4 [70.0 kB]
Get:89 http://archive.ubuntu.com/ubuntu plucky/main amd64 libxml-xpathengine-perl all 0.14-2 [32.6 kB]
Get:90 http://archive.ubuntu.com/ubuntu plucky/main amd64 libxrandr2 amd64 2:1.5.4-1 [19.6 kB]
Get:91 http://archive.ubuntu.com/ubuntu plucky/main amd64 libxtst6 amd64 2:1.2.5-1 [13.0 kB]
Get:92 http://archive.ubuntu.com/ubuntu plucky/main amd64 libxv1 amd64 2:1.0.11-1.1build1 [10.7 kB]
Get:93 http://archive.ubuntu.com/ubuntu plucky/main amd64 libxxf86dga1 amd64 2:1.1.5-1build1 [11.6 kB]
Get:94 http://archive.ubuntu.com/ubuntu plucky/main amd64 luit amd64 2.0.20240910-1 [43.8 kB]
Get:95 http://archive.ubuntu.com/ubuntu plucky-updates/main amd64 mesa-vulkan-drivers amd64 25.0.7-0ubuntu0.25.04.1 [17.8 MB]
Get:96 http://archive.ubuntu.com/ubuntu plucky/universe amd64 wl-clipboard amd64 2.2.1-2 [34.1 kB]
Get:97 http://archive.ubuntu.com/ubuntu plucky/main amd64 libglvnd0 amd64 1.7.0-1build1 [69.6 kB]
Get:98 http://archive.ubuntu.com/ubuntu plucky/main amd64 libglx0 amd64 1.7.0-1build1 [38.6 kB]
Get:99 http://archive.ubuntu.com/ubuntu plucky/main amd64 libgl1 amd64 1.7.0-1build1 [102 kB]
Get:100 http://archive.ubuntu.com/ubuntu plucky/main amd64 x11-utils amd64 7.7+7 [190 kB]
Get:101 http://archive.ubuntu.com/ubuntu plucky/main amd64 x11-xserver-utils amd64 7.7+11 [180 kB]
Get:102 http://archive.ubuntu.com/ubuntu plucky/main amd64 xdg-utils all 1.2.1-2ubuntu1 [66.0 kB]
Get:103 http://archive.ubuntu.com/ubuntu plucky/main amd64 libegl1 amd64 1.7.0-1build1 [28.7 kB]
Get:104 http://archive.ubuntu.com/ubuntu plucky/main amd64 libgles2 amd64 1.7.0-1build1 [17.1 kB]
Get:105 http://archive.ubuntu.com/ubuntu plucky/universe amd64 zutty amd64 0.16.2.20241020+dfsg1-1 [188 kB]
Get:106 http://archive.ubuntu.com/ubuntu plucky/main amd64 libauthen-sasl-perl all 2.1700-1 [42.9 kB]
debconf: unable to initialize frontend: Dialog
debconf: (Dialog frontend will not work on a dumb terminal, an emacs shell buffer, or without a controlling terminal.)
debconf: falling back to frontend: Readline
debconf: unable to initialize frontend: Readline
debconf: (This frontend requires a controlling tty.)
debconf: falling back to frontend: Teletype
dpkg-preconfigure: unable to re-open stdin: 
Fetched 65.7 MB in 8s (8026 kB/s)
Selecting previously unselected package libtext-iconv-perl:amd64.
(Reading database ... (Reading database ... 5%(Reading database ... 10%(Reading database ... 15%(Reading database ... 20%(Reading database ... 25%(Reading database ... 30%(Reading database ... 35%(Reading database ... 40%(Reading database ... 45%(Reading database ... 50%(Reading database ... 55%(Reading database ... 60%(Reading database ... 65%(Reading database ... 70%(Reading database ... 75%(Reading database ... 80%(Reading database ... 85%(Reading database ... 90%(Reading database ... 95%(Reading database ... 100%(Reading database ... 26102 files and directories currently installed.)
Preparing to unpack .../000-libtext-iconv-perl_1.7-8build4_amd64.deb ...
Unpacking libtext-iconv-perl:amd64 (1.7-8build4) ...
Selecting previously unselected package libdrm-common.
Preparing to unpack .../001-libdrm-common_2.4.124-2_all.deb ...
Unpacking libdrm-common (2.4.124-2) ...
Selecting previously unselected package libdrm2:amd64.
Preparing to unpack .../002-libdrm2_2.4.124-2_amd64.deb ...
Unpacking libdrm2:amd64 (2.4.124-2) ...
Selecting previously unselected package libpng16-16t64:amd64.
Preparing to unpack .../003-libpng16-16t64_1.6.47-1.1_amd64.deb ...
Unpacking libpng16-16t64:amd64 (1.6.47-1.1) ...
Selecting previously unselected package libsensors-config.
Preparing to unpack .../004-libsensors-config_1%3a3.6.0-10_all.deb ...
Unpacking libsensors-config (1:3.6.0-10) ...
Selecting previously unselected package libsensors5:amd64.
Preparing to unpack .../005-libsensors5_1%3a3.6.0-10_amd64.deb ...
Unpacking libsensors5:amd64 (1:3.6.0-10) ...
Selecting previously unselected package fonts-dejavu-mono.
Preparing to unpack .../006-fonts-dejavu-mono_2.37-8_all.deb ...
Unpacking fonts-dejavu-mono (2.37-8) ...
Selecting previously unselected package fonts-dejavu-core.
Preparing to unpack .../007-fonts-dejavu-core_2.37-8_all.deb ...
Unpacking fonts-dejavu-core (2.37-8) ...
Selecting previously unselected package fontconfig-config.
Preparing to unpack .../008-fontconfig-config_2.15.0-2.2ubuntu1_amd64.deb ...
Unpacking fontconfig-config (2.15.0-2.2ubuntu1) ...
Selecting previously unselected package libclone-perl:amd64.
Preparing to unpack .../009-libclone-perl_0.47-1_amd64.deb ...
Unpacking libclone-perl:amd64 (0.47-1) ...
Selecting previously unselected package libdata-dump-perl.
Preparing to unpack .../010-libdata-dump-perl_1.25-1_all.deb ...
Unpacking libdata-dump-perl (1.25-1) ...
Selecting previously unselected package libdrm-amdgpu1:amd64.
Preparing to unpack .../011-libdrm-amdgpu1_2.4.124-2_amd64.deb ...
Unpacking libdrm-amdgpu1:amd64 (2.4.124-2) ...
Selecting previously unselected package libpciaccess0:amd64.
Preparing to unpack .../012-libpciaccess0_0.17-3ubuntu0.25.04.2_amd64.deb ...
Unpacking libpciaccess0:amd64 (0.17-3ubuntu0.25.04.2) ...
Selecting previously unselected package libdrm-intel1:amd64.
Preparing to unpack .../013-libdrm-intel1_2.4.124-2_amd64.deb ...
Unpacking libdrm-intel1:amd64 (2.4.124-2) ...
Selecting previously unselected package libwayland-server0:amd64.
Preparing to unpack .../014-libwayland-server0_1.23.1-3_amd64.deb ...
Unpacking libwayland-server0:amd64 (1.23.1-3) ...
Selecting previously unselected package libllvm19:amd64.
Preparing to unpack .../015-libllvm19_1%3a19.1.7-3ubuntu1_amd64.deb ...
Unpacking libllvm19:amd64 (1:19.1.7-3ubuntu1) ...
Selecting previously unselected package libx11-xcb1:amd64.
Preparing to unpack .../016-libx11-xcb1_2%3a1.8.10-2_amd64.deb ...
Unpacking libx11-xcb1:amd64 (2:1.8.10-2) ...
Selecting previously unselected package libxcb-dri3-0:amd64.
Preparing to unpack .../017-libxcb-dri3-0_1.17.0-2_amd64.deb ...
Unpacking libxcb-dri3-0:amd64 (1.17.0-2) ...
Selecting previously unselected package libxcb-present0:amd64.
Preparing to unpack .../018-libxcb-present0_1.17.0-2_amd64.deb ...
Unpacking libxcb-present0:amd64 (1.17.0-2) ...
Selecting previously unselected package libxcb-randr0:amd64.
Preparing to unpack .../019-libxcb-randr0_1.17.0-2_amd64.deb ...
Unpacking libxcb-randr0:amd64 (1.17.0-2) ...
Selecting previously unselected package libxcb-sync1:amd64.
Preparing to unpack .../020-libxcb-sync1_1.17.0-2_amd64.deb ...
Unpacking libxcb-sync1:amd64 (1.17.0-2) ...
Selecting previously unselected package libxcb-xfixes0:amd64.
Preparing to unpack .../021-libxcb-xfixes0_1.17.0-2_amd64.deb ...
Unpacking libxcb-xfixes0:amd64 (1.17.0-2) ...
Selecting previously unselected package libxshmfence1:amd64.
Preparing to unpack .../022-libxshmfence1_1.3-1build5_amd64.deb ...
Unpacking libxshmfence1:amd64 (1.3-1build5) ...
Selecting previously unselected package mesa-libgallium:amd64.
Preparing to unpack .../023-mesa-libgallium_25.0.7-0ubuntu0.25.04.1_amd64.deb ...
Unpacking mesa-libgallium:amd64 (25.0.7-0ubuntu0.25.04.1) ...
Selecting previously unselected package libgbm1:amd64.
Preparing to unpack .../024-libgbm1_25.0.7-0ubuntu0.25.04.1_amd64.deb ...
Unpacking libgbm1:amd64 (25.0.7-0ubuntu0.25.04.1) ...
Selecting previously unselected package libwayland-client0:amd64.
Preparing to unpack .../025-libwayland-client0_1.23.1-3_amd64.deb ...
Unpacking libwayland-client0:amd64 (1.23.1-3) ...
Selecting previously unselected package libxcb-shm0:amd64.
Preparing to unpack .../026-libxcb-shm0_1.17.0-2_amd64.deb ...
Unpacking libxcb-shm0:amd64 (1.17.0-2) ...
Selecting previously unselected package libegl-mesa0:amd64.
Preparing to unpack .../027-libegl-mesa0_25.0.7-0ubuntu0.25.04.1_amd64.deb ...
Unpacking libegl-mesa0:amd64 (25.0.7-0ubuntu0.25.04.1) ...
Selecting previously unselected package libencode-locale-perl.
Preparing to unpack .../028-libencode-locale-perl_1.05-3_all.deb ...
Unpacking libencode-locale-perl (1.05-3) ...
Selecting previously unselected package libipc-system-simple-perl.
Preparing to unpack .../029-libipc-system-simple-perl_1.30-2_all.deb ...
Unpacking libipc-system-simple-perl (1.30-2) ...
Selecting previously unselected package libfile-basedir-perl.
Preparing to unpack .../030-libfile-basedir-perl_0.09-2_all.deb ...
Unpacking libfile-basedir-perl (0.09-2) ...
Selecting previously unselected package liburi-perl.
Preparing to unpack .../031-liburi-perl_5.30-1_all.deb ...
Unpacking liburi-perl (5.30-1) ...
Selecting previously unselected package libfile-desktopentry-perl.
Preparing to unpack .../032-libfile-desktopentry-perl_0.22-3_all.deb ...
Unpacking libfile-desktopentry-perl (0.22-3) ...
Selecting previously unselected package libtimedate-perl.
Preparing to unpack .../033-libtimedate-perl_2.3300-2_all.deb ...
Unpacking libtimedate-perl (2.3300-2) ...
Selecting previously unselected package libhttp-date-perl.
Preparing to unpack .../034-libhttp-date-perl_6.06-1_all.deb ...
Unpacking libhttp-date-perl (6.06-1) ...
Selecting previously unselected package libfile-listing-perl.
Preparing to unpack .../035-libfile-listing-perl_6.16-1_all.deb ...
Unpacking libfile-listing-perl (6.16-1) ...
Selecting previously unselected package libfile-mimeinfo-perl.
Preparing to unpack .../036-libfile-mimeinfo-perl_0.35-1_all.deb ...
Unpacking libfile-mimeinfo-perl (0.35-1) ...
Selecting previously unselected package libfont-afm-perl.
Preparing to unpack .../037-libfont-afm-perl_1.20-4_all.deb ...
Unpacking libfont-afm-perl (1.20-4) ...
Selecting previously unselected package libfreetype6:amd64.
Preparing to unpack .../038-libfreetype6_2.13.3+dfsg-1_amd64.deb ...
Unpacking libfreetype6:amd64 (2.13.3+dfsg-1) ...
Selecting previously unselected package libfontconfig1:amd64.
Preparing to unpack .../039-libfontconfig1_2.15.0-2.2ubuntu1_amd64.deb ...
Unpacking libfontconfig1:amd64 (2.15.0-2.2ubuntu1) ...
Selecting previously unselected package libvulkan1:amd64.
Preparing to unpack .../040-libvulkan1_1.4.304.0-1_amd64.deb ...
Unpacking libvulkan1:amd64 (1.4.304.0-1) ...
Selecting previously unselected package libgl1-mesa-dri:amd64.
Preparing to unpack .../041-libgl1-mesa-dri_25.0.7-0ubuntu0.25.04.1_amd64.deb ...
Unpacking libgl1-mesa-dri:amd64 (25.0.7-0ubuntu0.25.04.1) ...
Selecting previously unselected package libxcb-glx0:amd64.
Preparing to unpack .../042-libxcb-glx0_1.17.0-2_amd64.deb ...
Unpacking libxcb-glx0:amd64 (1.17.0-2) ...
Selecting previously unselected package libxxf86vm1:amd64.
Preparing to unpack .../043-libxxf86vm1_1%3a1.1.4-1build4_amd64.deb ...
Unpacking libxxf86vm1:amd64 (1:1.1.4-1build4) ...
Selecting previously unselected package libglx-mesa0:amd64.
Preparing to unpack .../044-libglx-mesa0_25.0.7-0ubuntu0.25.04.1_amd64.deb ...
Unpacking libglx-mesa0:amd64 (25.0.7-0ubuntu0.25.04.1) ...
Selecting previously unselected package libhtml-tagset-perl.
Preparing to unpack .../045-libhtml-tagset-perl_3.24-1_all.deb ...
Unpacking libhtml-tagset-perl (3.24-1) ...
Selecting previously unselected package libhtml-parser-perl:amd64.
Preparing to unpack .../046-libhtml-parser-perl_3.83-1build1_amd64.deb ...
Unpacking libhtml-parser-perl:amd64 (3.83-1build1) ...
Selecting previously unselected package libio-html-perl.
Preparing to unpack .../047-libio-html-perl_1.004-3_all.deb ...
Unpacking libio-html-perl (1.004-3) ...
Selecting previously unselected package liblwp-mediatypes-perl.
Preparing to unpack .../048-liblwp-mediatypes-perl_6.04-2_all.deb ...
Unpacking liblwp-mediatypes-perl (6.04-2) ...
Selecting previously unselected package libhttp-message-perl.
Preparing to unpack .../049-libhttp-message-perl_7.00-2ubuntu1_all.deb ...
Unpacking libhttp-message-perl (7.00-2ubuntu1) ...
Selecting previously unselected package libhtml-form-perl.
Preparing to unpack .../050-libhtml-form-perl_6.12-1_all.deb ...
Unpacking libhtml-form-perl (6.12-1) ...
Selecting previously unselected package libhtml-tree-perl.
Preparing to unpack .../051-libhtml-tree-perl_5.07-3_all.deb ...
Unpacking libhtml-tree-perl (5.07-3) ...
Selecting previously unselected package libhtml-format-perl.
Preparing to unpack .../052-libhtml-format-perl_2.16-2_all.deb ...
Unpacking libhtml-format-perl (2.16-2) ...
Selecting previously unselected package libhttp-cookies-perl.
Preparing to unpack .../053-libhttp-cookies-perl_6.11-1_all.deb ...
Unpacking libhttp-cookies-perl (6.11-1) ...
Selecting previously unselected package libhttp-daemon-perl.
Preparing to unpack .../054-libhttp-daemon-perl_6.16-1_all.deb ...
Unpacking libhttp-daemon-perl (6.16-1) ...
Selecting previously unselected package libhttp-negotiate-perl.
Preparing to unpack .../055-libhttp-negotiate-perl_6.01-2_all.deb ...
Unpacking libhttp-negotiate-perl (6.01-2) ...
Selecting previously unselected package x11-common.
Preparing to unpack .../056-x11-common_1%3a7.7+23ubuntu4_all.deb ...
Unpacking x11-common (1:7.7+23ubuntu4) ...
Selecting previously unselected package libice6:amd64.
Preparing to unpack .../057-libice6_2%3a1.1.1-1_amd64.deb ...
Unpacking libice6:amd64 (2:1.1.1-1) ...
Selecting previously unselected package perl-openssl-defaults:amd64.
Preparing to unpack .../058-perl-openssl-defaults_7build3_amd64.deb ...
Unpacking perl-openssl-defaults:amd64 (7build3) ...
Selecting previously unselected package libnet-ssleay-perl:amd64.
Preparing to unpack .../059-libnet-ssleay-perl_1.94-3_amd64.deb ...
Unpacking libnet-ssleay-perl:amd64 (1.94-3) ...
Selecting previously unselected package libio-socket-ssl-perl.
Preparing to unpack .../060-libio-socket-ssl-perl_2.089-1_all.deb ...
Unpacking libio-socket-ssl-perl (2.089-1) ...
Selecting previously unselected package libio-stringy-perl.
Preparing to unpack .../061-libio-stringy-perl_2.113-2_all.deb ...
Unpacking libio-stringy-perl (2.113-2) ...
Selecting previously unselected package libnet-http-perl.
Preparing to unpack .../062-libnet-http-perl_6.23-1_all.deb ...
Unpacking libnet-http-perl (6.23-1) ...
Selecting previously unselected package libtry-tiny-perl.
Preparing to unpack .../063-libtry-tiny-perl_0.32-1_all.deb ...
Unpacking libtry-tiny-perl (0.32-1) ...
Selecting previously unselected package libwww-robotrules-perl.
Preparing to unpack .../064-libwww-robotrules-perl_6.02-1_all.deb ...
Unpacking libwww-robotrules-perl (6.02-1) ...
Selecting previously unselected package libwww-perl.
Preparing to unpack .../065-libwww-perl_6.78-1_all.deb ...
Unpacking libwww-perl (6.78-1) ...
Selecting previously unselected package liblwp-protocol-https-perl.
Preparing to unpack .../066-liblwp-protocol-https-perl_6.14-1_all.deb ...
Unpacking liblwp-protocol-https-perl (6.14-1) ...
Selecting previously unselected package libnet-smtp-ssl-perl.
Preparing to unpack .../067-libnet-smtp-ssl-perl_1.04-2_all.deb ...
Unpacking libnet-smtp-ssl-perl (1.04-2) ...
Selecting previously unselected package libmailtools-perl.
Preparing to unpack .../068-libmailtools-perl_2.22-1_all.deb ...
Unpacking libmailtools-perl (2.22-1) ...
Selecting previously unselected package libxml-parser-perl.
Preparing to unpack .../069-libxml-parser-perl_2.47-1build4_amd64.deb ...
Unpacking libxml-parser-perl (2.47-1build4) ...
Selecting previously unselected package libxml-twig-perl.
Preparing to unpack .../070-libxml-twig-perl_1%3a3.52-3_all.deb ...
Unpacking libxml-twig-perl (1:3.52-3) ...
Selecting previously unselected package libnet-dbus-perl.
Preparing to unpack .../071-libnet-dbus-perl_1.2.0-2build4_amd64.deb ...
Unpacking libnet-dbus-perl (1.2.0-2build4) ...
Selecting previously unselected package libsm6:amd64.
Preparing to unpack .../072-libsm6_2%3a1.2.4-1_amd64.deb ...
Unpacking libsm6:amd64 (2:1.2.4-1) ...
Selecting previously unselected package libtie-ixhash-perl.
Preparing to unpack .../073-libtie-ixhash-perl_1.23-4_all.deb ...
Unpacking libtie-ixhash-perl (1.23-4) ...
Selecting previously unselected package libx11-protocol-perl.
Preparing to unpack .../074-libx11-protocol-perl_0.56-9_all.deb ...
Unpacking libx11-protocol-perl (0.56-9) ...
Selecting previously unselected package libxt6t64:amd64.
Preparing to unpack .../075-libxt6t64_1%3a1.2.1-1.2build1_amd64.deb ...
Unpacking libxt6t64:amd64 (1:1.2.1-1.2build1) ...
Selecting previously unselected package libxmu6:amd64.
Preparing to unpack .../076-libxmu6_2%3a1.1.3-3build2_amd64.deb ...
Unpacking libxmu6:amd64 (2:1.1.3-3build2) ...
Selecting previously unselected package libxpm4:amd64.
Preparing to unpack .../077-libxpm4_1%3a3.5.17-1build2_amd64.deb ...
Unpacking libxpm4:amd64 (1:3.5.17-1build2) ...
Selecting previously unselected package libxaw7:amd64.
Preparing to unpack .../078-libxaw7_2%3a1.0.16-1_amd64.deb ...
Unpacking libxaw7:amd64 (2:1.0.16-1) ...
Selecting previously unselected package libxcb-shape0:amd64.
Preparing to unpack .../079-libxcb-shape0_1.17.0-2_amd64.deb ...
Unpacking libxcb-shape0:amd64 (1.17.0-2) ...
Selecting previously unselected package libxcomposite1:amd64.
Preparing to unpack .../080-libxcomposite1_1%3a0.4.6-1_amd64.deb ...
Unpacking libxcomposite1:amd64 (1:0.4.6-1) ...
Selecting previously unselected package libxfixes3:amd64.
Preparing to unpack .../081-libxfixes3_1%3a6.0.0-2build1_amd64.deb ...
Unpacking libxfixes3:amd64 (1:6.0.0-2build1) ...
Selecting previously unselected package libxrender1:amd64.
Preparing to unpack .../082-libxrender1_1%3a0.9.10-1.1build1_amd64.deb ...
Unpacking libxrender1:amd64 (1:0.9.10-1.1build1) ...
Selecting previously unselected package libxcursor1:amd64.
Preparing to unpack .../083-libxcursor1_1%3a1.2.3-1_amd64.deb ...
Unpacking libxcursor1:amd64 (1:1.2.3-1) ...
Selecting previously unselected package libxft2:amd64.
Preparing to unpack .../084-libxft2_2.3.6-1build1_amd64.deb ...
Unpacking libxft2:amd64 (2.3.6-1build1) ...
Selecting previously unselected package libxi6:amd64.
Preparing to unpack .../085-libxi6_2%3a1.8.2-1_amd64.deb ...
Unpacking libxi6:amd64 (2:1.8.2-1) ...
Selecting previously unselected package libxinerama1:amd64.
Preparing to unpack .../086-libxinerama1_2%3a1.1.4-3build1_amd64.deb ...
Unpacking libxinerama1:amd64 (2:1.1.4-3build1) ...
Selecting previously unselected package libxkbfile1:amd64.
Preparing to unpack .../087-libxkbfile1_1%3a1.1.0-1build4_amd64.deb ...
Unpacking libxkbfile1:amd64 (1:1.1.0-1build4) ...
Selecting previously unselected package libxml-xpathengine-perl.
Preparing to unpack .../088-libxml-xpathengine-perl_0.14-2_all.deb ...
Unpacking libxml-xpathengine-perl (0.14-2) ...
Selecting previously unselected package libxrandr2:amd64.
Preparing to unpack .../089-libxrandr2_2%3a1.5.4-1_amd64.deb ...
Unpacking libxrandr2:amd64 (2:1.5.4-1) ...
Selecting previously unselected package libxtst6:amd64.
Preparing to unpack .../090-libxtst6_2%3a1.2.5-1_amd64.deb ...
Unpacking libxtst6:amd64 (2:1.2.5-1) ...
Selecting previously unselected package libxv1:amd64.
Preparing to unpack .../091-libxv1_2%3a1.0.11-1.1build1_amd64.deb ...
Unpacking libxv1:amd64 (2:1.0.11-1.1build1) ...
Selecting previously unselected package libxxf86dga1:amd64.
Preparing to unpack .../092-libxxf86dga1_2%3a1.1.5-1build1_amd64.deb ...
Unpacking libxxf86dga1:amd64 (2:1.1.5-1build1) ...
Selecting previously unselected package luit.
Preparing to unpack .../093-luit_2.0.20240910-1_amd64.deb ...
Adding 'diversion of /usr/bin/luit to /usr/bin/luit.x11-utils by luit'
Adding 'diversion of /usr/share/man/man1/luit.1.gz to /usr/share/man/man1/luit.x11-utils.1.gz by luit'
Unpacking luit (2.0.20240910-1) ...
Selecting previously unselected package mesa-vulkan-drivers:amd64.
Preparing to unpack .../094-mesa-vulkan-drivers_25.0.7-0ubuntu0.25.04.1_amd64.deb ...
Unpacking mesa-vulkan-drivers:amd64 (25.0.7-0ubuntu0.25.04.1) ...
Selecting previously unselected package wl-clipboard.
Preparing to unpack .../095-wl-clipboard_2.2.1-2_amd64.deb ...
Unpacking wl-clipboard (2.2.1-2) ...
Selecting previously unselected package libglvnd0:amd64.
Preparing to unpack .../096-libglvnd0_1.7.0-1build1_amd64.deb ...
Unpacking libglvnd0:amd64 (1.7.0-1build1) ...
Selecting previously unselected package libglx0:amd64.
Preparing to unpack .../097-libglx0_1.7.0-1build1_amd64.deb ...
Unpacking libglx0:amd64 (1.7.0-1build1) ...
Selecting previously unselected package libgl1:amd64.
Preparing to unpack .../098-libgl1_1.7.0-1build1_amd64.deb ...
Unpacking libgl1:amd64 (1.7.0-1build1) ...
Selecting previously unselected package x11-utils.
Preparing to unpack .../099-x11-utils_7.7+7_amd64.deb ...
Unpacking x11-utils (7.7+7) ...
Selecting previously unselected package x11-xserver-utils.
Preparing to unpack .../100-x11-xserver-utils_7.7+11_amd64.deb ...
Unpacking x11-xserver-utils (7.7+11) ...
Selecting previously unselected package xdg-utils.
Preparing to unpack .../101-xdg-utils_1.2.1-2ubuntu1_all.deb ...
Unpacking xdg-utils (1.2.1-2ubuntu1) ...
Selecting previously unselected package libegl1:amd64.
Preparing to unpack .../102-libegl1_1.7.0-1build1_amd64.deb ...
Unpacking libegl1:amd64 (1.7.0-1build1) ...
Selecting previously unselected package libgles2:amd64.
Preparing to unpack .../103-libgles2_1.7.0-1build1_amd64.deb ...
Unpacking libgles2:amd64 (1.7.0-1build1) ...
Selecting previously unselected package zutty.
Preparing to unpack .../104-zutty_0.16.2.20241020+dfsg1-1_amd64.deb ...
Unpacking zutty (0.16.2.20241020+dfsg1-1) ...
Selecting previously unselected package libauthen-sasl-perl.
Preparing to unpack .../105-libauthen-sasl-perl_2.1700-1_all.deb ...
Unpacking libauthen-sasl-perl (2.1700-1) ...
Setting up libtext-iconv-perl:amd64 (1.7-8build4) ...
Setting up libxcb-dri3-0:amd64 (1.17.0-2) ...
Setting up libllvm19:amd64 (1:19.1.7-3ubuntu1) ...
Setting up libwayland-server0:amd64 (1.23.1-3) ...
Setting up libx11-xcb1:amd64 (2:1.8.10-2) ...
Setting up libpciaccess0:amd64 (0.17-3ubuntu0.25.04.2) ...
Setting up luit (2.0.20240910-1) ...
Setting up libtie-ixhash-perl (1.23-4) ...
Setting up libxcb-xfixes0:amd64 (1.17.0-2) ...
Setting up libxpm4:amd64 (1:3.5.17-1build2) ...
Setting up libxi6:amd64 (2:1.8.2-1) ...
Setting up libfont-afm-perl (1.20-4) ...
Setting up libxrender1:amd64 (1:0.9.10-1.1build1) ...
Setting up libclone-perl:amd64 (0.47-1) ...
Setting up libglvnd0:amd64 (1.7.0-1build1) ...
Setting up libio-stringy-perl (2.113-2) ...
Setting up libhtml-tagset-perl (3.24-1) ...
Setting up libauthen-sasl-perl (2.1700-1) ...
Setting up libxcb-glx0:amd64 (1.17.0-2) ...
Setting up liblwp-mediatypes-perl (6.04-2) ...
Setting up libxcb-shape0:amd64 (1.17.0-2) ...
Setting up x11-common (1:7.7+23ubuntu4) ...
debconf: unable to initialize frontend: Dialog
debconf: (Dialog frontend will not work on a dumb terminal, an emacs shell buffer, or without a controlling terminal.)
debconf: falling back to frontend: Readline
debconf: unable to initialize frontend: Readline
debconf: (This frontend requires a controlling tty.)
debconf: falling back to frontend: Teletype
invoke-rc.d: could not determine current runlevel
invoke-rc.d: policy-rc.d denied execution of start.
Setting up libtry-tiny-perl (0.32-1) ...
Setting up libsensors-config (1:3.6.0-10) ...
Setting up libxxf86dga1:amd64 (2:1.1.5-1build1) ...
Setting up perl-openssl-defaults:amd64 (7build3) ...
Setting up libencode-locale-perl (1.05-3) ...
Setting up libxcb-shm0:amd64 (1.17.0-2) ...
Setting up libxxf86vm1:amd64 (1:1.1.4-1build4) ...
Setting up libxcb-present0:amd64 (1.17.0-2) ...
Setting up libgles2:amd64 (1.7.0-1build1) ...
Setting up libdata-dump-perl (1.25-1) ...
Setting up libxfixes3:amd64 (1:6.0.0-2build1) ...
Setting up libxcb-sync1:amd64 (1.17.0-2) ...
Setting up libipc-system-simple-perl (1.30-2) ...
Setting up libxml-xpathengine-perl (0.14-2) ...
Setting up libxinerama1:amd64 (2:1.1.4-3build1) ...
Setting up libxv1:amd64 (2:1.0.11-1.1build1) ...
Setting up fonts-dejavu-mono (2.37-8) ...
Setting up libpng16-16t64:amd64 (1.6.47-1.1) ...
Setting up libio-html-perl (1.004-3) ...
Setting up libxrandr2:amd64 (2:1.5.4-1) ...
Setting up fonts-dejavu-core (2.37-8) ...
Setting up libsensors5:amd64 (1:3.6.0-10) ...
Setting up libvulkan1:amd64 (1.4.304.0-1) ...
Setting up libtimedate-perl (2.3300-2) ...
Setting up libxshmfence1:amd64 (1.3-1build5) ...
Setting up libxcb-randr0:amd64 (1.17.0-2) ...
Setting up libxkbfile1:amd64 (1:1.1.0-1build4) ...
Setting up libdrm-common (2.4.124-2) ...
Setting up libxcomposite1:amd64 (1:0.4.6-1) ...
Setting up xdg-utils (1.2.1-2ubuntu1) ...
update-alternatives: using /usr/bin/xdg-open to provide /usr/bin/open (open) in auto mode
update-alternatives: warning: skip creation of /usr/share/man/man1/open.1.gz because associated file /usr/share/man/man1/xdg-open.1.gz (of link group open) doesn't exist
Setting up liburi-perl (5.30-1) ...
Setting up libx11-protocol-perl (0.56-9) ...
Setting up libwayland-client0:amd64 (1.23.1-3) ...
Setting up libnet-ssleay-perl:amd64 (1.94-3) ...
Setting up wl-clipboard (2.2.1-2) ...
Setting up libice6:amd64 (2:1.1.1-1) ...
Setting up libhttp-date-perl (6.06-1) ...
Setting up libfile-basedir-perl (0.09-2) ...
Setting up libfile-listing-perl (6.16-1) ...
Setting up fontconfig-config (2.15.0-2.2ubuntu1) ...
Setting up libxtst6:amd64 (2:1.2.5-1) ...
Setting up libxcursor1:amd64 (1:1.2.3-1) ...
Setting up libnet-http-perl (6.23-1) ...
Setting up libfreetype6:amd64 (2.13.3+dfsg-1) ...
Setting up libfile-desktopentry-perl (0.22-3) ...
Setting up libwww-robotrules-perl (6.02-1) ...
Setting up libdrm2:amd64 (2.4.124-2) ...
Setting up libhtml-parser-perl:amd64 (3.83-1build1) ...
Setting up libsm6:amd64 (2:1.2.4-1) ...
Setting up libio-socket-ssl-perl (2.089-1) ...
Setting up libhttp-message-perl (7.00-2ubuntu1) ...
Setting up libdrm-amdgpu1:amd64 (2.4.124-2) ...
Setting up libhtml-form-perl (6.12-1) ...
Setting up mesa-vulkan-drivers:amd64 (25.0.7-0ubuntu0.25.04.1) ...
Setting up libfile-mimeinfo-perl (0.35-1) ...
Setting up libhttp-negotiate-perl (6.01-2) ...
Setting up libhttp-cookies-perl (6.11-1) ...
Setting up libhtml-tree-perl (5.07-3) ...
Setting up libdrm-intel1:amd64 (2.4.124-2) ...
Setting up libhtml-format-perl (2.16-2) ...
Setting up libnet-smtp-ssl-perl (1.04-2) ...
Setting up libmailtools-perl (2.22-1) ...
Setting up libxt6t64:amd64 (1:1.2.1-1.2build1) ...
Setting up libhttp-daemon-perl (6.16-1) ...
Setting up mesa-libgallium:amd64 (25.0.7-0ubuntu0.25.04.1) ...
Setting up libxmu6:amd64 (2:1.1.3-3build2) ...
Setting up libgbm1:amd64 (25.0.7-0ubuntu0.25.04.1) ...
Setting up libgl1-mesa-dri:amd64 (25.0.7-0ubuntu0.25.04.1) ...
Setting up libxaw7:amd64 (2:1.0.16-1) ...
Setting up x11-xserver-utils (7.7+11) ...
Setting up libegl-mesa0:amd64 (25.0.7-0ubuntu0.25.04.1) ...
Setting up libegl1:amd64 (1.7.0-1build1) ...
Setting up libglx-mesa0:amd64 (25.0.7-0ubuntu0.25.04.1) ...
Setting up libglx0:amd64 (1.7.0-1build1) ...
Setting up libgl1:amd64 (1.7.0-1build1) ...
Setting up zutty (0.16.2.20241020+dfsg1-1) ...
update-alternatives: using /usr/bin/zutty to provide /usr/bin/x-terminal-emulator (x-terminal-emulator) in auto mode
update-alternatives: warning: skip creation of /usr/share/man/man1/x-terminal-emulator.1.gz because associated file /usr/share/man/man1/zutty.1.gz (of link group x-terminal-emulator) doesn't exist
Setting up liblwp-protocol-https-perl (6.14-1) ...
Setting up libwww-perl (6.78-1) ...
Setting up libxml-parser-perl (2.47-1build4) ...
Setting up libxml-twig-perl (1:3.52-3) ...
Setting up libnet-dbus-perl (1.2.0-2build4) ...
Processing triggers for sgml-base (1.31) ...
Setting up libfontconfig1:amd64 (2.15.0-2.2ubuntu1) ...
Setting up libxft2:amd64 (2.3.6-1build1) ...
Processing triggers for libc-bin (2.41-6ubuntu1.1) ...
Setting up x11-utils (7.7+7) ...
Hit:1 http://archive.ubuntu.com/ubuntu plucky InRelease
Hit:2 http://archive.ubuntu.com/ubuntu plucky-updates InRelease
Hit:3 http://security.ubuntu.com/ubuntu plucky-security InRelease
Get:4 https://repo.charm.sh/apt * InRelease
Hit:5 http://archive.ubuntu.com/ubuntu plucky-backports InRelease
Hit:6 http://deb.gierens.de stable InRelease
Get:7 https://ppa.launchpadcontent.net/zhangsongcui3371/fastfetch/ubuntu plucky InRelease [24.1 kB]
Get:8 https://ppa.launchpadcontent.net/zhangsongcui3371/fastfetch/ubuntu plucky/main amd64 Packages [419 B]
Fetched 31.2 kB in 1s (25.6 kB/s)
Reading package lists...
PPA publishes dbgsym, you may need to include 'main/debug' component
Repository: 'Types: deb
URIs: https://ppa.launchpadcontent.net/zhangsongcui3371/fastfetch/ubuntu/
Suites: plucky
Components: main
'
Description:
Fastfetch is a neofetch-like tool for fetching system information and displaying them in a pretty way.

https://github.com/fastfetch-cli/fastfetch
More info: https://launchpad.net/~zhangsongcui3371/+archive/ubuntu/fastfetch
Adding repository.

WARNING: apt does not have a stable CLI interface. Use with caution in scripts.

Reading package lists...
Building dependency tree...
Reading state information...
All packages are up to date.
Warning: Unable to read /etc/apt/-/ - DirectoryExists (2: No such file or directory)
Warning: Unable to read /etc/apt/sources.list.d/zhangsongcui3371-ubuntu-fastfetch-*.list - RealFileExists (2: No such file or directory)

WARNING: apt does not have a stable CLI interface. Use with caution in scripts.

Reading package lists...
Building dependency tree...
Reading state information...
Installing:
  fastfetch

Summary:
  Upgrading: 0, Installing: 1, Removing: 0, Not Upgrading: 0
  Download size: 677 kB
  Space needed: 3304 kB / 917 GB available

Get:1 https://ppa.launchpadcontent.net/zhangsongcui3371/fastfetch/ubuntu plucky/main amd64 fastfetch amd64 2.47.0 [677 kB]
debconf: unable to initialize frontend: Dialog
debconf: (Dialog frontend will not work on a dumb terminal, an emacs shell buffer, or without a controlling terminal.)
debconf: falling back to frontend: Readline
debconf: unable to initialize frontend: Readline
debconf: (This frontend requires a controlling tty.)
debconf: falling back to frontend: Teletype
dpkg-preconfigure: unable to re-open stdin: 
Fetched 677 kB in 2s (369 kB/s)
Selecting previously unselected package fastfetch.
(Reading database ... (Reading database ... 5%(Reading database ... 10%(Reading database ... 15%(Reading database ... 20%(Reading database ... 25%(Reading database ... 30%(Reading database ... 35%(Reading database ... 40%(Reading database ... 45%(Reading database ... 50%(Reading database ... 55%(Reading database ... 60%(Reading database ... 65%(Reading database ... 70%(Reading database ... 75%(Reading database ... 80%(Reading database ... 85%(Reading database ... 90%(Reading database ... 95%(Reading database ... 100%(Reading database ... 27817 files and directories currently installed.)
Preparing to unpack .../fastfetch_2.47.0_amd64.deb ...
Unpacking fastfetch (2.47.0) ...
Setting up fastfetch (2.47.0) ...

WARNING: apt does not have a stable CLI interface. Use with caution in scripts.

Reading package lists...
Building dependency tree...
Reading state information...
Installing:
  btop

Summary:
  Upgrading: 0, Installing: 1, Removing: 0, Not Upgrading: 0
  Download size: 566 kB
  Space needed: 1620 kB / 917 GB available

Get:1 http://archive.ubuntu.com/ubuntu plucky/universe amd64 btop amd64 1.3.0-1 [566 kB]
debconf: unable to initialize frontend: Dialog
debconf: (Dialog frontend will not work on a dumb terminal, an emacs shell buffer, or without a controlling terminal.)
debconf: falling back to frontend: Readline
debconf: unable to initialize frontend: Readline
debconf: (This frontend requires a controlling tty.)
debconf: falling back to frontend: Teletype
dpkg-preconfigure: unable to re-open stdin: 
Fetched 566 kB in 1s (465 kB/s)
Selecting previously unselected package btop.
(Reading database ... (Reading database ... 5%(Reading database ... 10%(Reading database ... 15%(Reading database ... 20%(Reading database ... 25%(Reading database ... 30%(Reading database ... 35%(Reading database ... 40%(Reading database ... 45%(Reading database ... 50%(Reading database ... 55%(Reading database ... 60%(Reading database ... 65%(Reading database ... 70%(Reading database ... 75%(Reading database ... 80%(Reading database ... 85%(Reading database ... 90%(Reading database ... 95%(Reading database ... 100%(Reading database ... 27863 files and directories currently installed.)
Preparing to unpack .../btop_1.3.0-1_amd64.deb ...
Unpacking btop (1.3.0-1) ...
Setting up btop (1.3.0-1) ...
Hit:1 http://archive.ubuntu.com/ubuntu plucky InRelease
Hit:2 http://archive.ubuntu.com/ubuntu plucky-updates InRelease
Hit:3 http://archive.ubuntu.com/ubuntu plucky-backports InRelease
Hit:4 http://security.ubuntu.com/ubuntu plucky-security InRelease
Hit:5 http://deb.gierens.de stable InRelease
Get:6 https://repo.charm.sh/apt * InRelease
Ign:7 https://ppa.launchpadcontent.net/aslatter/ppa/ubuntu plucky InRelease
Hit:8 https://ppa.launchpadcontent.net/zhangsongcui3371/fastfetch/ubuntu plucky InRelease
Err:9 https://ppa.launchpadcontent.net/aslatter/ppa/ubuntu plucky Release
  404  Not Found [IP: 185.125.190.80 443]
Reading package lists...
E: The repository 'https://ppa.launchpadcontent.net/aslatter/ppa/ubuntu plucky Release' does not have a Release file.
Repository: 'Types: deb
URIs: https://ppa.launchpadcontent.net/aslatter/ppa/ubuntu/
Suites: plucky
Components: main
'
More info: https://launchpad.net/~aslatter/+archive/ubuntu/ppa
Adding repository.

WARNING: apt does not have a stable CLI interface. Use with caution in scripts.

Reading package lists...
Building dependency tree...
Reading state information...
All packages are up to date.
Warning: Unable to read /etc/apt/-/ - DirectoryExists (2: No such file or directory)
Warning: Unable to read /etc/apt/sources.list.d/aslatter-ubuntu-ppa-*.list - RealFileExists (2: No such file or directory)

WARNING: apt does not have a stable CLI interface. Use with caution in scripts.

Reading package lists...
Building dependency tree...
Reading state information...
Installing:
  alacritty

Installing dependencies:
  libxcb-xkb1  libxkbcommon-x11-0  libxkbcommon0  xkb-data

Summary:
  Upgrading: 0, Installing: 5, Removing: 0, Not Upgrading: 0
  Download size: 3283 kB
  Space needed: 14.0 MB / 917 GB available

Get:1 http://archive.ubuntu.com/ubuntu plucky/main amd64 xkb-data all 2.42-1ubuntu1 [385 kB]
Get:2 http://archive.ubuntu.com/ubuntu plucky/main amd64 libxkbcommon0 amd64 1.7.0-2 [131 kB]
Get:3 http://archive.ubuntu.com/ubuntu plucky/main amd64 libxcb-xkb1 amd64 1.17.0-2 [32.3 kB]
Get:4 http://archive.ubuntu.com/ubuntu plucky/main amd64 libxkbcommon-x11-0 amd64 1.7.0-2 [15.2 kB]
Get:5 http://archive.ubuntu.com/ubuntu plucky/universe amd64 alacritty amd64 0.15.1-2 [2720 kB]
debconf: unable to initialize frontend: Dialog
debconf: (Dialog frontend will not work on a dumb terminal, an emacs shell buffer, or without a controlling terminal.)
debconf: falling back to frontend: Readline
debconf: unable to initialize frontend: Readline
debconf: (This frontend requires a controlling tty.)
debconf: falling back to frontend: Teletype
dpkg-preconfigure: unable to re-open stdin: 
Fetched 3283 kB in 2s (2020 kB/s)
Selecting previously unselected package xkb-data.
(Reading database ... (Reading database ... 5%(Reading database ... 10%(Reading database ... 15%(Reading database ... 20%(Reading database ... 25%(Reading database ... 30%(Reading database ... 35%(Reading database ... 40%(Reading database ... 45%(Reading database ... 50%(Reading database ... 55%(Reading database ... 60%(Reading database ... 65%(Reading database ... 70%(Reading database ... 75%(Reading database ... 80%(Reading database ... 85%(Reading database ... 90%(Reading database ... 95%(Reading database ... 100%(Reading database ... 27902 files and directories currently installed.)
Preparing to unpack .../xkb-data_2.42-1ubuntu1_all.deb ...
Unpacking xkb-data (2.42-1ubuntu1) ...
Selecting previously unselected package libxkbcommon0:amd64.
Preparing to unpack .../libxkbcommon0_1.7.0-2_amd64.deb ...
Unpacking libxkbcommon0:amd64 (1.7.0-2) ...
Selecting previously unselected package libxcb-xkb1:amd64.
Preparing to unpack .../libxcb-xkb1_1.17.0-2_amd64.deb ...
Unpacking libxcb-xkb1:amd64 (1.17.0-2) ...
Selecting previously unselected package libxkbcommon-x11-0:amd64.
Preparing to unpack .../libxkbcommon-x11-0_1.7.0-2_amd64.deb ...
Unpacking libxkbcommon-x11-0:amd64 (1.7.0-2) ...
Selecting previously unselected package alacritty.
Preparing to unpack .../alacritty_0.15.1-2_amd64.deb ...
Unpacking alacritty (0.15.1-2) ...
Setting up xkb-data (2.42-1ubuntu1) ...
Setting up libxcb-xkb1:amd64 (1.17.0-2) ...
Setting up libxkbcommon0:amd64 (1.7.0-2) ...
Setting up libxkbcommon-x11-0:amd64 (1.7.0-2) ...
Setting up alacritty (0.15.1-2) ...
Processing triggers for libc-bin (2.41-6ubuntu1.1) ...
    Updating crates.io index
 Downloading crates ...
  Downloaded impala v0.3.0
  Installing impala v0.3.0
    Updating crates.io index
     Locking 307 packages to latest compatible versions
      Adding tui-input v0.12.1 (available: v0.14.0)
      Adding unicode-width v0.2.0 (available: v0.2.1)
 Downloading crates ...
  Downloaded anstyle-parse v0.2.7
  Downloaded allocator-api2 v0.2.21
  Downloaded bit-set v0.5.3
  Downloaded async-channel v2.5.0
  Downloaded async-broadcast v0.7.2
  Downloaded atomic-waker v1.1.2
  Downloaded anstyle-query v1.1.3
  Downloaded anstyle v1.0.11
  Downloaded bitflags v1.3.2
  Downloaded toml_writer v1.0.2
  Downloaded darling_macro v0.20.11
  Downloaded ident_case v1.0.1
  Downloaded endi v1.1.0
  Downloaded equivalent v1.0.2
  Downloaded cfg_aliases v0.2.1
  Downloaded futures-core v0.3.31
  Downloaded async-process v2.4.0
  Downloaded bit-vec v0.6.3
  Downloaded autocfg v1.5.0
  Downloaded async-signal v0.2.12
  Downloaded tracing-core v0.1.34
  Downloaded generic-array v0.14.7
  Downloaded indoc v2.0.6
  Downloaded dirs v6.0.0
  Downloaded env_filter v0.1.3
  Downloaded xterm-query v0.5.2
  Downloaded wezterm-dynamic-derive v0.1.1
  Downloaded heck v0.5.0
  Downloaded fnv v1.0.7
  Downloaded option-ext v0.2.0
  Downloaded hex v0.4.3
  Downloaded fixedbitset v0.4.2
  Downloaded wezterm-color-types v0.3.0
  Downloaded digest v0.10.7
  Downloaded rustversion v1.0.21
  Downloaded num-conv v0.1.0
  Downloaded env_logger v0.11.8
  Downloaded tracing-attributes v0.1.30
  Downloaded ucd-trie v0.1.7
  Downloaded itertools v0.14.0
  Downloaded foldhash v0.1.5
  Downloaded darling v0.20.11
  Downloaded num_threads v0.1.7
  Downloaded futures-sink v0.3.31
  Downloaded futures-channel v0.3.31
  Downloaded crossbeam-utils v0.8.21
  Downloaded clap_derive v4.5.41
  Downloaded cassowary v0.3.0
  Downloaded toml_parser v1.0.1
  Downloaded iana-time-zone v0.1.63
  Downloaded bitflags v2.9.1
  Downloaded siphasher v1.0.1
  Downloaded signal-hook-registry v1.4.5
  Downloaded clap v4.5.42
  Downloaded serde_spanned v1.0.0
  Downloaded typenum v1.18.0
  Downloaded serde_repr v0.1.20
  Downloaded slab v0.4.10
  Downloaded wezterm-input-types v0.1.0
  Downloaded wezterm-blob-leases v0.1.1
  Downloaded zbus_names v4.2.0
  Downloaded ordered-stream v0.2.0
  Downloaded thiserror-impl v2.0.12
  Downloaded phf_shared v0.11.3
  Downloaded phf v0.11.3
  Downloaded num-derive v0.4.2
  Downloaded parking v2.2.1
  Downloaded strum v0.26.3
  Downloaded scopeguard v1.2.0
  Downloaded thiserror v1.0.69
  Downloaded toml_datetime v0.6.11
  Downloaded toml_datetime v0.7.0
  Downloaded termios v0.3.3
  Downloaded time-core v0.1.4
  Downloaded memmem v0.1.1
  Downloaded lru v0.14.0
  Downloaded zvariant_utils v3.2.0
  Downloaded zvariant_derive v5.6.0
  Downloaded quote v1.0.40
  Downloaded version_check v0.9.5
  Downloaded strum_macros v0.27.2
  Downloaded mac_address v1.1.8
  Downloaded fancy-regex v0.11.0
  Downloaded strum_macros v0.26.4
  Downloaded serde_derive v1.0.219
  Downloaded pin-utils v0.1.0
  Downloaded parking_lot_core v0.9.11
  Downloaded proc-macro-crate v3.3.0
  Downloaded utf8parse v0.2.2
  Downloaded bytes v1.10.1
  Downloaded terminfo v0.9.0
  Downloaded ryu v1.0.20
  Downloaded serde v1.0.219
  Downloaded pest_derive v2.8.1
  Downloaded lock_api v0.4.13
  Downloaded socket2 v0.6.0
  Downloaded indexmap v2.10.0
  Downloaded sha2 v0.10.9
  Downloaded terminal-light v1.8.0
  Downloaded toml_edit v0.22.27
  Downloaded litrs v0.4.2
  Downloaded enumflags2_derive v0.7.12
  Downloaded hashbrown v0.15.4
  Downloaded proc-macro2 v1.0.95
  Downloaded aho-corasick v1.1.3
  Downloaded unicode-ident v1.0.18
  Downloaded wezterm-bidi v0.2.3
  Downloaded time v0.3.41
  Downloaded polling v3.9.0
  Downloaded uuid v1.17.0
  Downloaded log v0.4.27
  Downloaded euclid v0.22.11
  Downloaded clap_builder v4.5.42
  Downloaded num-traits v0.2.19
  Downloaded ratatui-termwiz v0.1.0-alpha.5
  Downloaded unicode-truncate v2.0.0
  Downloaded chrono v0.4.41
  Downloaded ratatui-macros v0.7.0-alpha.4
  Downloaded syn v1.0.109
  Downloaded zvariant v5.6.0
  Downloaded syn v2.0.104
  Downloaded mio v1.0.4
  Downloaded tui-input v0.12.1
  Downloaded rand v0.8.5
  Downloaded termwiz v0.23.3
  Downloaded nom v7.1.3
  Downloaded iwdrs v0.1.6
  Downloaded minimal-lexical v0.2.1
  Downloaded memchr v2.7.5
  Downloaded pest v2.8.1
  Downloaded unicode-segmentation v1.12.0
  Downloaded kasuari v0.4.7
  Downloaded ratatui-crossterm v0.1.0-alpha.5
  Downloaded line-clipping v0.3.3
  Downloaded itertools v0.13.0
  Downloaded futures-util v0.3.31
  Downloaded tokio v1.47.1
  Downloaded ratatui v0.30.0-alpha.5
  Downloaded zbus v5.9.0
  Downloaded winnow v0.7.12
  Downloaded parking_lot v0.12.4
  Downloaded crossterm v0.29.0
  Downloaded coolor v1.1.0
  Downloaded pest_meta v2.8.1
  Downloaded tracing v0.1.41
  Downloaded crossterm v0.28.1
  Downloaded atomic v0.6.1
  Downloaded smallvec v1.15.1
  Downloaded pin-project-lite v0.2.16
  Downloaded once_cell v1.21.3
  Downloaded zbus_macros v5.9.0
  Downloaded vtparse v0.6.2
  Downloaded static_assertions v1.1.0
  Downloaded pest_generator v2.8.1
  Downloaded derive_more-impl v2.0.1
  Downloaded compact_str v0.9.0
  Downloaded signal-hook v0.3.18
  Downloaded strum v0.27.2
  Downloaded strsim v0.11.1
  Downloaded lazy_static v1.5.0
  Downloaded phf_generator v0.11.3
  Downloaded paste v1.0.15
  Downloaded lab v0.11.0
  Downloaded itoa v1.0.15
  Downloaded unicode-truncate v1.1.0
  Downloaded thiserror v2.0.12
  Downloaded rand_core v0.6.4
  Downloaded phf_codegen v0.11.3
  Downloaded memoffset v0.9.1
  Downloaded lru v0.12.5
  Downloaded tokio-macros v2.5.0
  Downloaded piper v0.2.4
  Downloaded derive_more v2.0.1
  Downloaded ordered-float v4.6.0
  Downloaded darling_core v0.20.11
  Downloaded compact_str v0.8.1
  Downloaded finl_unicode v1.3.0
  Downloaded phf_macros v0.11.3
  Downloaded thiserror-impl v1.0.69
  Downloaded powerfmt v0.2.0
  Downloaded wezterm-dynamic v0.2.1
  Downloaded base64 v0.22.1
  Downloaded unicode-width v0.2.0
  Downloaded bytemuck v1.23.1
  Downloaded signal-hook-mio v0.2.4
  Downloaded regex v1.11.1
  Downloaded ratatui-core v0.1.0-alpha.6
  Downloaded toml v0.9.4
  Downloaded unicode-width v0.1.14
  Downloaded getrandom v0.3.3
  Downloaded futures-lite v2.6.0
  Downloaded futures v0.3.31
  Downloaded event-listener v5.4.0
  Downloaded async-trait v0.1.88
  Downloaded async-io v2.5.0
  Downloaded anstream v0.6.19
  Downloaded csscolorparser v0.6.2
  Downloaded convert_case v0.7.1
  Downloaded ratatui-widgets v0.3.0-alpha.5
  Downloaded nix v0.29.0
  Downloaded blocking v1.6.2
  Downloaded event-listener-strategy v0.5.4
  Downloaded is_terminal_polyfill v1.70.1
  Downloaded instability v0.3.9
  Downloaded concurrent-queue v2.5.0
  Downloaded colorchoice v1.0.4
  Downloaded clap_lex v0.7.5
  Downloaded cfg-if v1.0.1
  Downloaded castaway v0.2.4
  Downloaded block-buffer v0.10.4
  Downloaded regex-syntax v0.8.5
  Downloaded nix v0.30.1
  Downloaded async-task v4.7.1
  Downloaded rustix v0.38.44
  Downloaded async-lock v3.4.0
  Downloaded rustix v1.0.8
  Downloaded async-executor v1.13.2
  Downloaded anyhow v1.0.98
  Downloaded futures-task v0.3.31
  Downloaded futures-macro v0.3.31
  Downloaded futures-io v0.3.31
  Downloaded futures-executor v0.3.31
  Downloaded filedescriptor v0.8.3
  Downloaded fastrand v2.3.0
  Downloaded errno v0.3.13
  Downloaded enumflags2 v0.7.12
  Downloaded either v1.15.0
  Downloaded document-features v0.2.11
  Downloaded dirs-sys v0.5.0
  Downloaded deranged v0.4.0
  Downloaded crypto-common v0.1.6
  Downloaded cpufeatures v0.2.17
  Downloaded deltae v0.3.2
  Downloaded ratatui v0.29.0
  Downloaded regex-automata v0.4.9
  Downloaded jiff v0.2.15
  Downloaded libc v0.2.174
  Downloaded linux-raw-sys v0.4.15
  Downloaded linux-raw-sys v0.9.4
   Compiling proc-macro2 v1.0.95
   Compiling unicode-ident v1.0.18
   Compiling libc v0.2.174
   Compiling cfg-if v1.0.1
   Compiling bitflags v2.9.1
   Compiling autocfg v1.5.0
   Compiling futures-core v0.3.31
   Compiling pin-project-lite v0.2.16
   Compiling crossbeam-utils v0.8.21
   Compiling static_assertions v1.1.0
   Compiling rustversion v1.0.21
   Compiling parking v2.2.1
   Compiling rustix v1.0.8
   Compiling heck v0.5.0
   Compiling log v0.4.27
   Compiling futures-io v0.3.31
   Compiling linux-raw-sys v0.9.4
   Compiling serde v1.0.219
   Compiling lock_api v0.4.13
   Compiling allocator-api2 v0.2.21
   Compiling concurrent-queue v2.5.0
   Compiling parking_lot_core v0.9.11
   Compiling quote v1.0.40
   Compiling hashbrown v0.15.4
   Compiling syn v2.0.104
   Compiling winnow v0.7.12
   Compiling equivalent v1.0.2
   Compiling foldhash v0.1.5
   Compiling either v1.15.0
   Compiling event-listener v5.4.0
   Compiling toml_datetime v0.6.11
   Compiling indexmap v2.10.0
   Compiling scopeguard v1.2.0
   Compiling fnv v1.0.7
   Compiling ident_case v1.0.1
   Compiling cfg_aliases v0.2.1
   Compiling strsim v0.11.1
   Compiling smallvec v1.15.1
   Compiling signal-hook v0.3.18
   Compiling event-listener-strategy v0.5.4
   Compiling itertools v0.13.0
   Compiling castaway v0.2.4
   Compiling fastrand v2.3.0
   Compiling signal-hook-registry v1.4.5
   Compiling mio v1.0.4
   Compiling unicode-segmentation v1.12.0
   Compiling slab v0.4.10
   Compiling ryu v1.0.20
   Compiling itoa v1.0.15
   Compiling toml_edit v0.22.27
   Compiling thiserror v2.0.12
   Compiling parking_lot v0.12.4
   Compiling indoc v2.0.6
   Compiling instability v0.3.9
   Compiling unicode-width v0.2.0
   Compiling memchr v2.7.5
   Compiling convert_case v0.7.1
   Compiling signal-hook-mio v0.2.4
   Compiling futures-lite v2.6.0
   Compiling unicode-truncate v2.0.0
   Compiling compact_str v0.9.0
   Compiling proc-macro-crate v3.3.0
   Compiling darling_core v0.20.11
   Compiling lru v0.14.0
   Compiling itertools v0.14.0
   Compiling litrs v0.4.2
   Compiling powerfmt v0.2.0
   Compiling deranged v0.4.0
   Compiling document-features v0.2.11
   Compiling async-lock v3.4.0
   Compiling memoffset v0.9.1
   Compiling polling v3.9.0
   Compiling utf8parse v0.2.2
   Compiling serde_derive v1.0.219
   Compiling enumflags2_derive v0.7.12
   Compiling thiserror-impl v2.0.12
   Compiling strum_macros v0.27.2
   Compiling derive_more-impl v2.0.1
   Compiling num_threads v0.1.7
   Compiling num-conv v0.1.0
   Compiling endi v1.1.0
   Compiling darling_macro v0.20.11
   Compiling time-core v0.1.4
   Compiling async-task v4.7.1
   Compiling time v0.3.41
   Compiling derive_more v2.0.1
   Compiling crossterm v0.29.0
   Compiling async-io v2.5.0
   Compiling darling v0.20.11
   Compiling kasuari v0.4.7
   Compiling anstyle-parse v0.2.7
   Compiling aho-corasick v1.1.3
   Compiling async-channel v2.5.0
   Compiling nix v0.29.0
   Compiling nix v0.30.1
   Compiling strum v0.27.2
   Compiling ratatui-core v0.1.0-alpha.6
   Compiling line-clipping v0.3.3
   Compiling once_cell v1.21.3
   Compiling rustix v0.38.44
   Compiling anstyle-query v1.1.3
   Compiling regex-syntax v0.8.5
   Compiling colorchoice v1.0.4
   Compiling thiserror v1.0.69
   Compiling anstyle v1.0.11
   Compiling is_terminal_polyfill v1.70.1
   Compiling futures-sink v0.3.31
   Compiling getrandom v0.3.3
   Compiling atomic-waker v1.1.2
   Compiling piper v0.2.4
   Compiling ratatui-widgets v0.3.0-alpha.5
   Compiling futures-channel v0.3.31
   Compiling regex-automata v0.4.9
   Compiling zvariant_utils v3.2.0
   Compiling enumflags2 v0.7.12
   Compiling anstream v0.6.19
   Compiling zvariant_derive v5.6.0
   Compiling tracing-core v0.1.34
   Compiling async-signal v0.2.12
   Compiling futures-macro v0.3.31
   Compiling thiserror-impl v1.0.69
   Compiling tracing-attributes v0.1.30
   Compiling num-traits v0.2.19
   Compiling zvariant v5.6.0
   Compiling anyhow v1.0.98
   Compiling linux-raw-sys v0.4.15
   Compiling paste v1.0.15
   Compiling futures-task v0.3.31
   Compiling pin-utils v0.1.0
   Compiling futures-util v0.3.31
   Compiling tracing v0.1.41
   Compiling regex v1.11.1
   Compiling async-process v2.4.0
   Compiling zbus_names v4.2.0
   Compiling zbus_macros v5.9.0
   Compiling ratatui-macros v0.7.0-alpha.4
   Compiling blocking v1.6.2
   Compiling ratatui-crossterm v0.1.0-alpha.5
   Compiling async-executor v1.13.2
   Compiling serde_repr v0.1.20
   Compiling async-trait v0.1.88
   Compiling strum_macros v0.26.4
   Compiling async-broadcast v0.7.2
   Compiling ordered-stream v0.2.0
   Compiling clap_lex v0.7.5
   Compiling unicode-width v0.1.14
   Compiling option-ext v0.2.0
   Compiling hex v0.4.3
   Compiling unicode-truncate v1.1.0
   Compiling dirs-sys v0.5.0
   Compiling clap_builder v4.5.42
   Compiling futures-executor v0.3.31
   Compiling ratatui v0.30.0-alpha.5
   Compiling uuid v1.17.0
   Compiling xterm-query v0.5.2
   Compiling env_filter v0.1.3
   Compiling crossterm v0.28.1
   Compiling toml_datetime v0.7.0
   Compiling serde_spanned v1.0.0
   Compiling clap_derive v4.5.41
   Compiling tokio-macros v2.5.0
   Compiling toml_parser v1.0.1
   Compiling strum v0.26.3
   Compiling compact_str v0.8.1
   Compiling zbus v5.9.0
   Compiling socket2 v0.6.0
   Compiling lru v0.12.5
   Compiling cassowary v0.3.0
   Compiling jiff v0.2.15
   Compiling bytes v1.10.1
   Compiling toml_writer v1.0.2
   Compiling iana-time-zone v0.1.63
   Compiling coolor v1.1.0
   Compiling chrono v0.4.41
   Compiling tokio v1.47.1
   Compiling terminal-light v1.8.0
   Compiling toml v0.9.4
   Compiling ratatui v0.29.0
   Compiling clap v4.5.42
   Compiling tui-input v0.12.1
   Compiling futures v0.3.31
   Compiling dirs v6.0.0
   Compiling env_logger v0.11.8
   Compiling iwdrs v0.1.6
   Compiling impala v0.3.0
    Finished `release` profile [optimized] target(s) in 1m 32s
  Installing /home/testuser/.cargo/bin/impala
   Installed package `impala v0.3.0` (executable `impala`)
[0;32m[TEST][0m ✓ Terminal tools completed successfully
[0;32m[TEST][0m Running: Development tools

WARNING: apt does not have a stable CLI interface. Use with caution in scripts.

Reading package lists...
Building dependency tree...
Reading state information...
Installing:
  clang  gh  imagemagick  libmariadb-dev  libpq-dev  llvm

Installing dependencies:
  binutils-gold                   libjxr0t64
  binutils-gold-x86-64-linux-gnu  liblcms2-2
  clang-20                        liblerc4
  clang-tools-20                  libllvm20
  fontconfig                      liblqr-1-0
  fonts-droid-fallback            libltdl7
  fonts-noto-mono                 libmagickcore-7.q16-10
  fonts-urw-base35                libmagickcore-7.q16-10-extra
  ghostscript                     libmagickwand-7.q16-10
  hicolor-icon-theme              libmariadb3
  imagemagick-7-common            libncurses-dev
  imagemagick-7.q16               libncurses6
  lib32gcc-s1                     libnetpbm11t64
  lib32stdc++6                    libobjc-14-dev
  libaom3                         libobjc4
  libavahi-client3                libopenexr-3-1-30
  libavahi-common-data            libopenjp2-7
  libavahi-common3                libpango-1.0-0
  libc6-i386                      libpangocairo-1.0-0
  libcairo2                       libpangoft2-1.0-0
  libclang-common-20-dev          libpaper-utils
  libclang-cpp20                  libpaper2
  libclang-rt-20-dev              libpfm4
  libclang1-20                    libpixman-1-0
  libcups2t64                     libpq5
  libdatrie1                      libraw23t64
  libde265-0                      libsharpyuv0
  libdeflate0                     libssl-dev
  libdjvulibre-text               libthai-data
  libdjvulibre21                  libthai0
  libffi-dev                      libtiff6
  libfftw3-double3                libwebp7
  libfontenc1                     libwebpdemux2
  libfribidi0                     libwebpmux3
  libgc1                          libwmflite-0.2-7
  libgpm2                         libxcb-render0
  libgraphite2-3                  libxml2-dev
  libgs-common                    llvm-20
  libgs10                         llvm-20-dev
  libgs10-common                  llvm-20-linker-tools
  libharfbuzz0b                   llvm-20-runtime
  libheif-plugin-aomdec           llvm-20-tools
  libheif-plugin-aomenc           llvm-runtime
  libheif-plugin-libde265         mariadb-common
  libheif1                        mysql-common
  libidn12                        netpbm
  libijs-0.35                     poppler-data
  libimath-3-1-29t64              python3-pygments
  libjbig0                        python3-yaml
  libjbig2dec0                    xfonts-encodings
  libjpeg-turbo8                  xfonts-utils
  libjpeg8                        zlib1g-dev
  libjxr-tools

Suggested packages:
  clang-20-doc          html2ps                   libheif-plugin-rav1e
  wasi-libc             libwmf-bin                libheif-plugin-svtenc
  fonts-noto            mplayer                   liblcms2-utils
  fonts-freefont-otf    povray                    inkscape
  | fonts-freefont-ttf  radiance                  ncurses-doc
  fonts-texgyre         sane-utils                postgresql-doc-17
  texlive-binaries      texlive-base-bin          libssl-doc
  imagemagick-7-doc     transfig                  llvm-20-doc
  autotrace             libraw-bin                poppler-utils
  cups-bsd              cups-common               fonts-japanese-mincho
  | lpr                 libfftw3-bin              | fonts-ipafont-mincho
  | lprng               libfftw3-dev              fonts-japanese-gothic
  enscript              gpm                       | fonts-ipafont-gothic
  ffmpeg                libheif-plugin-x265       fonts-arphic-ukai
  gimp                  libheif-plugin-ffmpegdec  fonts-arphic-uming
  gnuplot               libheif-plugin-jpegdec    fonts-nanum
  grads                 libheif-plugin-jpegenc    python-pygments-doc
  graphviz              libheif-plugin-j2kdec     ttf-bitstream-vera
  groff-base            libheif-plugin-j2kenc
  hp2xx                 libheif-plugin-kvazaar

Summary:
  Upgrading: 0, Installing: 111, Removing: 0, Not Upgrading: 0
  Download size: 200 MB
  Space needed: 1068 MB / 917 GB available

Get:1 http://archive.ubuntu.com/ubuntu plucky/main amd64 libfftw3-double3 amd64 3.3.10-2fakesync1build1 [839 kB]
Get:2 http://archive.ubuntu.com/ubuntu plucky/main amd64 libsharpyuv0 amd64 1.5.0-0.1 [25.9 kB]
Get:3 http://archive.ubuntu.com/ubuntu plucky/main amd64 libaom3 amd64 3.12.0-1 [2742 kB]
Get:4 http://archive.ubuntu.com/ubuntu plucky/main amd64 libheif-plugin-aomdec amd64 1.19.7-1 [11.6 kB]
Get:5 http://archive.ubuntu.com/ubuntu plucky/main amd64 libde265-0 amd64 1.0.15-1build5 [285 kB]
Get:6 http://archive.ubuntu.com/ubuntu plucky/main amd64 libheif-plugin-libde265 amd64 1.19.7-1 [9060 B]
Get:7 http://archive.ubuntu.com/ubuntu plucky/main amd64 libheif1 amd64 1.19.7-1 [428 kB]
Get:8 http://archive.ubuntu.com/ubuntu plucky/main amd64 libjbig0 amd64 2.1-6.1ubuntu2 [29.7 kB]
Get:9 http://archive.ubuntu.com/ubuntu plucky/main amd64 libjpeg-turbo8 amd64 2.1.5-3ubuntu2 [179 kB]
Get:10 http://archive.ubuntu.com/ubuntu plucky/main amd64 libjpeg8 amd64 8c-2ubuntu11 [2148 B]
Get:11 http://archive.ubuntu.com/ubuntu plucky/main amd64 liblcms2-2 amd64 2.16-2 [212 kB]
Get:12 http://archive.ubuntu.com/ubuntu plucky/universe amd64 liblqr-1-0 amd64 0.4.2-2.1build2 [28.5 kB]
Get:13 http://archive.ubuntu.com/ubuntu plucky/main amd64 libltdl7 amd64 2.5.4-4 [46.5 kB]
Get:14 http://archive.ubuntu.com/ubuntu plucky/main amd64 libopenjp2-7 amd64 2.5.3-2 [218 kB]
Get:15 http://archive.ubuntu.com/ubuntu plucky-updates/main amd64 libraw23t64 amd64 0.21.3-1ubuntu0.25.04.1 [433 kB]
Get:16 http://archive.ubuntu.com/ubuntu plucky/main amd64 libdeflate0 amd64 1.23-1 [64.1 kB]
Get:17 http://archive.ubuntu.com/ubuntu plucky/main amd64 liblerc4 amd64 4.0.0+ds-5ubuntu1 [271 kB]
Get:18 http://archive.ubuntu.com/ubuntu plucky/main amd64 libwebp7 amd64 1.5.0-0.1 [378 kB]
Get:19 http://archive.ubuntu.com/ubuntu plucky/main amd64 libtiff6 amd64 4.5.1+git230720-4ubuntu4 [200 kB]
Get:20 http://archive.ubuntu.com/ubuntu plucky/main amd64 libwebpdemux2 amd64 1.5.0-0.1 [13.0 kB]
Get:21 http://archive.ubuntu.com/ubuntu plucky/main amd64 libwebpmux3 amd64 1.5.0-0.1 [27.6 kB]
Get:22 http://archive.ubuntu.com/ubuntu plucky/universe amd64 imagemagick-7-common all 8:7.1.1.43+dfsg1-1 [69.7 kB]
Get:23 http://archive.ubuntu.com/ubuntu plucky/universe amd64 libmagickcore-7.q16-10 amd64 8:7.1.1.43+dfsg1-1 [2306 kB]
Get:24 http://archive.ubuntu.com/ubuntu plucky/universe amd64 libmagickwand-7.q16-10 amd64 8:7.1.1.43+dfsg1-1 [347 kB]
Get:25 http://archive.ubuntu.com/ubuntu plucky/main amd64 poppler-data all 0.4.12-1 [2060 kB]
Get:26 http://archive.ubuntu.com/ubuntu plucky/main amd64 libfribidi0 amd64 1.0.16-1 [26.4 kB]
Get:27 http://archive.ubuntu.com/ubuntu plucky/main amd64 python3-pygments all 2.18.0+dfsg-2 [835 kB]
Get:28 http://archive.ubuntu.com/ubuntu plucky/main amd64 python3-yaml amd64 6.0.2-1build2 [144 kB]
Get:29 http://archive.ubuntu.com/ubuntu plucky/main amd64 libgpm2 amd64 1.20.7-11 [14.1 kB]
Get:30 http://archive.ubuntu.com/ubuntu plucky/main amd64 libncurses6 amd64 6.5+20250216-2 [126 kB]
Get:31 http://archive.ubuntu.com/ubuntu plucky/main amd64 binutils-gold-x86-64-linux-gnu amd64 2.44-2 [1278 kB]
Get:32 http://archive.ubuntu.com/ubuntu plucky/main amd64 binutils-gold amd64 2.44-2 [2208 B]
Get:33 http://archive.ubuntu.com/ubuntu plucky/main amd64 libllvm20 amd64 1:20.1.2-0ubuntu1 [30.5 MB]
Get:34 http://archive.ubuntu.com/ubuntu plucky/universe amd64 libclang-cpp20 amd64 1:20.1.2-0ubuntu1 [14.2 MB]
Get:35 http://archive.ubuntu.com/ubuntu plucky/main amd64 libgc1 amd64 1:8.2.8-1 [102 kB]
Get:36 http://archive.ubuntu.com/ubuntu plucky/universe amd64 libobjc4 amd64 15-20250404-0ubuntu1 [47.8 kB]
Get:37 http://archive.ubuntu.com/ubuntu plucky/universe amd64 libobjc-14-dev amd64 14.2.0-19ubuntu2 [195 kB]
Get:38 http://archive.ubuntu.com/ubuntu plucky/universe amd64 libclang-common-20-dev amd64 1:20.1.2-0ubuntu1 [782 kB]
Get:39 http://archive.ubuntu.com/ubuntu plucky/universe amd64 llvm-20-linker-tools amd64 1:20.1.2-0ubuntu1 [1337 kB]
Get:40 http://archive.ubuntu.com/ubuntu plucky/universe amd64 libclang1-20 amd64 1:20.1.2-0ubuntu1 [8255 kB]
Get:41 http://archive.ubuntu.com/ubuntu plucky/universe amd64 clang-20 amd64 1:20.1.2-0ubuntu1 [77.6 kB]
Get:42 http://archive.ubuntu.com/ubuntu plucky/universe amd64 clang amd64 1:20.0-63ubuntu1 [6312 B]
Get:43 http://archive.ubuntu.com/ubuntu plucky/universe amd64 clang-tools-20 amd64 1:20.1.2-0ubuntu1 [9546 kB]
Get:44 http://archive.ubuntu.com/ubuntu plucky/main amd64 fontconfig amd64 2.15.0-2.2ubuntu1 [180 kB]
Get:45 http://archive.ubuntu.com/ubuntu plucky/main amd64 fonts-droid-fallback all 1:8.1.0r7-1~1.gbp36536b [2012 kB]
Get:46 http://archive.ubuntu.com/ubuntu plucky/main amd64 fonts-noto-mono all 20201225-2 [435 kB]
Get:47 http://archive.ubuntu.com/ubuntu plucky/main amd64 libfontenc1 amd64 1:1.1.8-1build1 [14.0 kB]
Get:48 http://archive.ubuntu.com/ubuntu plucky/main amd64 xfonts-encodings all 1:1.0.5-0ubuntu2 [578 kB]
Get:49 http://archive.ubuntu.com/ubuntu plucky/main amd64 xfonts-utils amd64 1:7.7+7 [97.1 kB]
Get:50 http://archive.ubuntu.com/ubuntu plucky/main amd64 fonts-urw-base35 all 20200910-8 [11.0 MB]
Get:51 http://archive.ubuntu.com/ubuntu plucky/universe amd64 gh amd64 2.46.0-3 [8303 kB]
Get:52 http://archive.ubuntu.com/ubuntu plucky-updates/main amd64 libgs-common all 10.05.0dfsg1-0ubuntu1.1 [176 kB]
Get:53 http://archive.ubuntu.com/ubuntu plucky-updates/main amd64 libgs10-common all 10.05.0dfsg1-0ubuntu1.1 [490 kB]
Get:54 http://archive.ubuntu.com/ubuntu plucky/main amd64 libavahi-common-data amd64 0.8-16ubuntu2 [31.0 kB]
Get:55 http://archive.ubuntu.com/ubuntu plucky/main amd64 libavahi-common3 amd64 0.8-16ubuntu2 [23.6 kB]
Get:56 http://archive.ubuntu.com/ubuntu plucky/main amd64 libavahi-client3 amd64 0.8-16ubuntu2 [27.5 kB]
Get:57 http://archive.ubuntu.com/ubuntu plucky/main amd64 libcups2t64 amd64 2.4.12-0ubuntu1 [292 kB]
Get:58 http://archive.ubuntu.com/ubuntu plucky/main amd64 libidn12 amd64 1.43-1 [60.4 kB]
Get:59 http://archive.ubuntu.com/ubuntu plucky/main amd64 libijs-0.35 amd64 0.35-15.2 [15.4 kB]
Get:60 http://archive.ubuntu.com/ubuntu plucky/main amd64 libjbig2dec0 amd64 0.20-1build3 [65.0 kB]
Get:61 http://archive.ubuntu.com/ubuntu plucky/main amd64 libpaper2 amd64 2.2.5-0.3 [17.4 kB]
Get:62 http://archive.ubuntu.com/ubuntu plucky-updates/main amd64 libgs10 amd64 10.05.0dfsg1-0ubuntu1.1 [4615 kB]
Get:63 http://archive.ubuntu.com/ubuntu plucky-updates/main amd64 ghostscript amd64 10.05.0dfsg1-0ubuntu1.1 [42.8 kB]
Get:64 http://archive.ubuntu.com/ubuntu plucky/main amd64 hicolor-icon-theme all 0.18-2 [13.3 kB]
Get:65 http://archive.ubuntu.com/ubuntu plucky/universe amd64 imagemagick-7.q16 amd64 8:7.1.1.43+dfsg1-1 [704 kB]
Get:66 http://archive.ubuntu.com/ubuntu plucky/universe amd64 imagemagick amd64 8:7.1.1.43+dfsg1-1 [14.1 kB]
Get:67 http://archive.ubuntu.com/ubuntu plucky-updates/main amd64 libc6-i386 amd64 2.41-6ubuntu1.1 [2837 kB]
Get:68 http://archive.ubuntu.com/ubuntu plucky/main amd64 lib32gcc-s1 amd64 15-20250404-0ubuntu1 [91.0 kB]
Get:69 http://archive.ubuntu.com/ubuntu plucky/main amd64 libpixman-1-0 amd64 0.44.0-3 [427 kB]
Get:70 http://archive.ubuntu.com/ubuntu plucky/main amd64 libxcb-render0 amd64 1.17.0-2 [16.2 kB]
Get:71 http://archive.ubuntu.com/ubuntu plucky/main amd64 libcairo2 amd64 1.18.4-1 [662 kB]
Get:72 http://archive.ubuntu.com/ubuntu plucky/main amd64 lib32stdc++6 amd64 15-20250404-0ubuntu1 [825 kB]
Get:73 http://archive.ubuntu.com/ubuntu plucky/universe amd64 libclang-rt-20-dev amd64 1:20.1.2-0ubuntu1 [4057 kB]
Get:74 http://archive.ubuntu.com/ubuntu plucky/main amd64 libdatrie1 amd64 0.2.13-3build1 [19.0 kB]
Get:75 http://archive.ubuntu.com/ubuntu plucky-updates/main amd64 libdjvulibre-text all 3.5.28-2ubuntu0.25.04.1 [50.9 kB]
Get:76 http://archive.ubuntu.com/ubuntu plucky-updates/main amd64 libdjvulibre21 amd64 3.5.28-2ubuntu0.25.04.1 [642 kB]
Get:77 http://archive.ubuntu.com/ubuntu plucky/main amd64 libgraphite2-3 amd64 1.3.14-2ubuntu1 [73.1 kB]
Get:78 http://archive.ubuntu.com/ubuntu plucky/main amd64 libharfbuzz0b amd64 10.2.0-1 [543 kB]
Get:79 http://archive.ubuntu.com/ubuntu plucky/main amd64 libheif-plugin-aomenc amd64 1.19.7-1 [18.9 kB]
Get:80 http://archive.ubuntu.com/ubuntu plucky/universe amd64 libimath-3-1-29t64 amd64 3.1.12-1ubuntu1 [76.3 kB]
Get:81 http://archive.ubuntu.com/ubuntu plucky/universe amd64 libjxr0t64 amd64 1.2~git20170615.f752187-5.3 [183 kB]
Get:82 http://archive.ubuntu.com/ubuntu plucky/universe amd64 libjxr-tools amd64 1.2~git20170615.f752187-5.3 [15.8 kB]
Get:83 http://archive.ubuntu.com/ubuntu plucky/universe amd64 libopenexr-3-1-30 amd64 3.1.13-2 [1063 kB]
Get:84 http://archive.ubuntu.com/ubuntu plucky/main amd64 libthai-data all 0.1.29-2build1 [158 kB]
Get:85 http://archive.ubuntu.com/ubuntu plucky/main amd64 libthai0 amd64 0.1.29-2build1 [18.9 kB]
Get:86 http://archive.ubuntu.com/ubuntu plucky/main amd64 libpango-1.0-0 amd64 1.56.3-1 [256 kB]
Get:87 http://archive.ubuntu.com/ubuntu plucky/main amd64 libpangoft2-1.0-0 amd64 1.56.3-1 [52.9 kB]
Get:88 http://archive.ubuntu.com/ubuntu plucky/main amd64 libpangocairo-1.0-0 amd64 1.56.3-1 [29.1 kB]
Get:89 http://archive.ubuntu.com/ubuntu plucky/main amd64 libwmflite-0.2-7 amd64 0.2.13-1.1build3 [68.6 kB]
Get:90 http://archive.ubuntu.com/ubuntu plucky/universe amd64 libmagickcore-7.q16-10-extra amd64 8:7.1.1.43+dfsg1-1 [71.4 kB]
Get:91 http://archive.ubuntu.com/ubuntu plucky/main amd64 mysql-common all 5.8+1.1.1ubuntu1 [6922 B]
Get:92 http://archive.ubuntu.com/ubuntu plucky-updates/universe amd64 mariadb-common all 1:11.4.7-0ubuntu0.25.04.1 [29.2 kB]
Get:93 http://archive.ubuntu.com/ubuntu plucky-updates/universe amd64 libmariadb3 amd64 1:11.4.7-0ubuntu0.25.04.1 [197 kB]
Get:94 http://archive.ubuntu.com/ubuntu plucky/main amd64 libssl-dev amd64 3.4.1-1ubuntu3 [2872 kB]
Get:95 http://archive.ubuntu.com/ubuntu plucky/main amd64 zlib1g-dev amd64 1:1.3.dfsg+really1.3.1-1ubuntu1 [895 kB]
Get:96 http://archive.ubuntu.com/ubuntu plucky-updates/universe amd64 libmariadb-dev amd64 1:11.4.7-0ubuntu0.25.04.1 [275 kB]
Get:97 http://archive.ubuntu.com/ubuntu plucky/main amd64 libncurses-dev amd64 6.5+20250216-2 [424 kB]
Get:98 http://archive.ubuntu.com/ubuntu plucky/universe amd64 libnetpbm11t64 amd64 2:11.09.02-2 [125 kB]
Get:99 http://archive.ubuntu.com/ubuntu plucky/main amd64 libpaper-utils amd64 2.2.5-0.3 [15.5 kB]
Get:100 http://archive.ubuntu.com/ubuntu plucky-updates/main amd64 libpq5 amd64 17.5-0ubuntu0.25.04.1 [156 kB]
Get:101 http://archive.ubuntu.com/ubuntu plucky-updates/main amd64 libpq-dev amd64 17.5-0ubuntu0.25.04.1 [158 kB]
Get:102 http://archive.ubuntu.com/ubuntu plucky-updates/main amd64 libxml2-dev amd64 2.12.7+dfsg+really2.9.14-0.4ubuntu0.1 [785 kB]
Get:103 http://archive.ubuntu.com/ubuntu plucky/universe amd64 llvm-20-runtime amd64 1:20.1.2-0ubuntu1 [560 kB]
Get:104 http://archive.ubuntu.com/ubuntu plucky/universe amd64 llvm-runtime amd64 1:20.0-63ubuntu1 [5946 B]
Get:105 http://archive.ubuntu.com/ubuntu plucky/universe amd64 libpfm4 amd64 4.13.0+git83-g91970fe-1 [429 kB]
Get:106 http://archive.ubuntu.com/ubuntu plucky/universe amd64 llvm-20 amd64 1:20.1.2-0ubuntu1 [19.7 MB]
Get:107 http://archive.ubuntu.com/ubuntu plucky/universe amd64 llvm amd64 1:20.0-63ubuntu1 [4146 B]
Get:108 http://archive.ubuntu.com/ubuntu plucky/main amd64 libffi-dev amd64 3.4.7-1 [65.5 kB]
Get:109 http://archive.ubuntu.com/ubuntu plucky/universe amd64 llvm-20-tools amd64 1:20.1.2-0ubuntu1 [513 kB]
Get:110 http://archive.ubuntu.com/ubuntu plucky/universe amd64 llvm-20-dev amd64 1:20.1.2-0ubuntu1 [50.5 MB]
Get:111 http://archive.ubuntu.com/ubuntu plucky/universe amd64 netpbm amd64 2:11.09.02-2 [2286 kB]
debconf: unable to initialize frontend: Dialog
debconf: (Dialog frontend will not work on a dumb terminal, an emacs shell buffer, or without a controlling terminal.)
debconf: falling back to frontend: Readline
debconf: unable to initialize frontend: Readline
debconf: (This frontend requires a controlling tty.)
debconf: falling back to frontend: Teletype
dpkg-preconfigure: unable to re-open stdin: 
Fetched 200 MB in 19s (10.4 MB/s)
Selecting previously unselected package libfftw3-double3:amd64.
(Reading database ... (Reading database ... 5%(Reading database ... 10%(Reading database ... 15%(Reading database ... 20%(Reading database ... 25%(Reading database ... 30%(Reading database ... 35%(Reading database ... 40%(Reading database ... 45%(Reading database ... 50%(Reading database ... 55%(Reading database ... 60%(Reading database ... 65%(Reading database ... 70%(Reading database ... 75%(Reading database ... 80%(Reading database ... 85%(Reading database ... 90%(Reading database ... 95%(Reading database ... 100%(Reading database ... 28255 files and directories currently installed.)
Preparing to unpack .../000-libfftw3-double3_3.3.10-2fakesync1build1_amd64.deb ...
Unpacking libfftw3-double3:amd64 (3.3.10-2fakesync1build1) ...
Selecting previously unselected package libsharpyuv0:amd64.
Preparing to unpack .../001-libsharpyuv0_1.5.0-0.1_amd64.deb ...
Unpacking libsharpyuv0:amd64 (1.5.0-0.1) ...
Selecting previously unselected package libaom3:amd64.
Preparing to unpack .../002-libaom3_3.12.0-1_amd64.deb ...
Unpacking libaom3:amd64 (3.12.0-1) ...
Selecting previously unselected package libheif-plugin-aomdec:amd64.
Preparing to unpack .../003-libheif-plugin-aomdec_1.19.7-1_amd64.deb ...
Unpacking libheif-plugin-aomdec:amd64 (1.19.7-1) ...
Selecting previously unselected package libde265-0:amd64.
Preparing to unpack .../004-libde265-0_1.0.15-1build5_amd64.deb ...
Unpacking libde265-0:amd64 (1.0.15-1build5) ...
Selecting previously unselected package libheif-plugin-libde265:amd64.
Preparing to unpack .../005-libheif-plugin-libde265_1.19.7-1_amd64.deb ...
Unpacking libheif-plugin-libde265:amd64 (1.19.7-1) ...
Selecting previously unselected package libheif1:amd64.
Preparing to unpack .../006-libheif1_1.19.7-1_amd64.deb ...
Unpacking libheif1:amd64 (1.19.7-1) ...
Selecting previously unselected package libjbig0:amd64.
Preparing to unpack .../007-libjbig0_2.1-6.1ubuntu2_amd64.deb ...
Unpacking libjbig0:amd64 (2.1-6.1ubuntu2) ...
Selecting previously unselected package libjpeg-turbo8:amd64.
Preparing to unpack .../008-libjpeg-turbo8_2.1.5-3ubuntu2_amd64.deb ...
Unpacking libjpeg-turbo8:amd64 (2.1.5-3ubuntu2) ...
Selecting previously unselected package libjpeg8:amd64.
Preparing to unpack .../009-libjpeg8_8c-2ubuntu11_amd64.deb ...
Unpacking libjpeg8:amd64 (8c-2ubuntu11) ...
Selecting previously unselected package liblcms2-2:amd64.
Preparing to unpack .../010-liblcms2-2_2.16-2_amd64.deb ...
Unpacking liblcms2-2:amd64 (2.16-2) ...
Selecting previously unselected package liblqr-1-0:amd64.
Preparing to unpack .../011-liblqr-1-0_0.4.2-2.1build2_amd64.deb ...
Unpacking liblqr-1-0:amd64 (0.4.2-2.1build2) ...
Selecting previously unselected package libltdl7:amd64.
Preparing to unpack .../012-libltdl7_2.5.4-4_amd64.deb ...
Unpacking libltdl7:amd64 (2.5.4-4) ...
Selecting previously unselected package libopenjp2-7:amd64.
Preparing to unpack .../013-libopenjp2-7_2.5.3-2_amd64.deb ...
Unpacking libopenjp2-7:amd64 (2.5.3-2) ...
Selecting previously unselected package libraw23t64:amd64.
Preparing to unpack .../014-libraw23t64_0.21.3-1ubuntu0.25.04.1_amd64.deb ...
Unpacking libraw23t64:amd64 (0.21.3-1ubuntu0.25.04.1) ...
Selecting previously unselected package libdeflate0:amd64.
Preparing to unpack .../015-libdeflate0_1.23-1_amd64.deb ...
Unpacking libdeflate0:amd64 (1.23-1) ...
Selecting previously unselected package liblerc4:amd64.
Preparing to unpack .../016-liblerc4_4.0.0+ds-5ubuntu1_amd64.deb ...
Unpacking liblerc4:amd64 (4.0.0+ds-5ubuntu1) ...
Selecting previously unselected package libwebp7:amd64.
Preparing to unpack .../017-libwebp7_1.5.0-0.1_amd64.deb ...
Unpacking libwebp7:amd64 (1.5.0-0.1) ...
Selecting previously unselected package libtiff6:amd64.
Preparing to unpack .../018-libtiff6_4.5.1+git230720-4ubuntu4_amd64.deb ...
Unpacking libtiff6:amd64 (4.5.1+git230720-4ubuntu4) ...
Selecting previously unselected package libwebpdemux2:amd64.
Preparing to unpack .../019-libwebpdemux2_1.5.0-0.1_amd64.deb ...
Unpacking libwebpdemux2:amd64 (1.5.0-0.1) ...
Selecting previously unselected package libwebpmux3:amd64.
Preparing to unpack .../020-libwebpmux3_1.5.0-0.1_amd64.deb ...
Unpacking libwebpmux3:amd64 (1.5.0-0.1) ...
Selecting previously unselected package imagemagick-7-common.
Preparing to unpack .../021-imagemagick-7-common_8%3a7.1.1.43+dfsg1-1_all.deb ...
Unpacking imagemagick-7-common (8:7.1.1.43+dfsg1-1) ...
Selecting previously unselected package libmagickcore-7.q16-10:amd64.
Preparing to unpack .../022-libmagickcore-7.q16-10_8%3a7.1.1.43+dfsg1-1_amd64.deb ...
Unpacking libmagickcore-7.q16-10:amd64 (8:7.1.1.43+dfsg1-1) ...
Selecting previously unselected package libmagickwand-7.q16-10:amd64.
Preparing to unpack .../023-libmagickwand-7.q16-10_8%3a7.1.1.43+dfsg1-1_amd64.deb ...
Unpacking libmagickwand-7.q16-10:amd64 (8:7.1.1.43+dfsg1-1) ...
Selecting previously unselected package poppler-data.
Preparing to unpack .../024-poppler-data_0.4.12-1_all.deb ...
Unpacking poppler-data (0.4.12-1) ...
Selecting previously unselected package libfribidi0:amd64.
Preparing to unpack .../025-libfribidi0_1.0.16-1_amd64.deb ...
Unpacking libfribidi0:amd64 (1.0.16-1) ...
Selecting previously unselected package python3-pygments.
Preparing to unpack .../026-python3-pygments_2.18.0+dfsg-2_all.deb ...
Unpacking python3-pygments (2.18.0+dfsg-2) ...
Selecting previously unselected package python3-yaml.
Preparing to unpack .../027-python3-yaml_6.0.2-1build2_amd64.deb ...
Unpacking python3-yaml (6.0.2-1build2) ...
Selecting previously unselected package libgpm2:amd64.
Preparing to unpack .../028-libgpm2_1.20.7-11_amd64.deb ...
Unpacking libgpm2:amd64 (1.20.7-11) ...
Selecting previously unselected package libncurses6:amd64.
Preparing to unpack .../029-libncurses6_6.5+20250216-2_amd64.deb ...
Unpacking libncurses6:amd64 (6.5+20250216-2) ...
Selecting previously unselected package binutils-gold-x86-64-linux-gnu.
Preparing to unpack .../030-binutils-gold-x86-64-linux-gnu_2.44-2_amd64.deb ...
Unpacking binutils-gold-x86-64-linux-gnu (2.44-2) ...
Selecting previously unselected package binutils-gold.
Preparing to unpack .../031-binutils-gold_2.44-2_amd64.deb ...
Unpacking binutils-gold (2.44-2) ...
Selecting previously unselected package libllvm20:amd64.
Preparing to unpack .../032-libllvm20_1%3a20.1.2-0ubuntu1_amd64.deb ...
Unpacking libllvm20:amd64 (1:20.1.2-0ubuntu1) ...
Selecting previously unselected package libclang-cpp20.
Preparing to unpack .../033-libclang-cpp20_1%3a20.1.2-0ubuntu1_amd64.deb ...
Unpacking libclang-cpp20 (1:20.1.2-0ubuntu1) ...
Selecting previously unselected package libgc1:amd64.
Preparing to unpack .../034-libgc1_1%3a8.2.8-1_amd64.deb ...
Unpacking libgc1:amd64 (1:8.2.8-1) ...
Selecting previously unselected package libobjc4:amd64.
Preparing to unpack .../035-libobjc4_15-20250404-0ubuntu1_amd64.deb ...
Unpacking libobjc4:amd64 (15-20250404-0ubuntu1) ...
Selecting previously unselected package libobjc-14-dev:amd64.
Preparing to unpack .../036-libobjc-14-dev_14.2.0-19ubuntu2_amd64.deb ...
Unpacking libobjc-14-dev:amd64 (14.2.0-19ubuntu2) ...
Selecting previously unselected package libclang-common-20-dev:amd64.
Preparing to unpack .../037-libclang-common-20-dev_1%3a20.1.2-0ubuntu1_amd64.deb ...
Unpacking libclang-common-20-dev:amd64 (1:20.1.2-0ubuntu1) ...
Selecting previously unselected package llvm-20-linker-tools.
Preparing to unpack .../038-llvm-20-linker-tools_1%3a20.1.2-0ubuntu1_amd64.deb ...
Unpacking llvm-20-linker-tools (1:20.1.2-0ubuntu1) ...
Selecting previously unselected package libclang1-20.
Preparing to unpack .../039-libclang1-20_1%3a20.1.2-0ubuntu1_amd64.deb ...
Unpacking libclang1-20 (1:20.1.2-0ubuntu1) ...
Selecting previously unselected package clang-20.
Preparing to unpack .../040-clang-20_1%3a20.1.2-0ubuntu1_amd64.deb ...
Unpacking clang-20 (1:20.1.2-0ubuntu1) ...
Selecting previously unselected package clang.
Preparing to unpack .../041-clang_1%3a20.0-63ubuntu1_amd64.deb ...
Unpacking clang (1:20.0-63ubuntu1) ...
Selecting previously unselected package clang-tools-20.
Preparing to unpack .../042-clang-tools-20_1%3a20.1.2-0ubuntu1_amd64.deb ...
Unpacking clang-tools-20 (1:20.1.2-0ubuntu1) ...
Selecting previously unselected package fontconfig.
Preparing to unpack .../043-fontconfig_2.15.0-2.2ubuntu1_amd64.deb ...
Unpacking fontconfig (2.15.0-2.2ubuntu1) ...
Selecting previously unselected package fonts-droid-fallback.
Preparing to unpack .../044-fonts-droid-fallback_1%3a8.1.0r7-1~1.gbp36536b_all.deb ...
Unpacking fonts-droid-fallback (1:8.1.0r7-1~1.gbp36536b) ...
Selecting previously unselected package fonts-noto-mono.
Preparing to unpack .../045-fonts-noto-mono_20201225-2_all.deb ...
Unpacking fonts-noto-mono (20201225-2) ...
Selecting previously unselected package libfontenc1:amd64.
Preparing to unpack .../046-libfontenc1_1%3a1.1.8-1build1_amd64.deb ...
Unpacking libfontenc1:amd64 (1:1.1.8-1build1) ...
Selecting previously unselected package xfonts-encodings.
Preparing to unpack .../047-xfonts-encodings_1%3a1.0.5-0ubuntu2_all.deb ...
Unpacking xfonts-encodings (1:1.0.5-0ubuntu2) ...
Selecting previously unselected package xfonts-utils.
Preparing to unpack .../048-xfonts-utils_1%3a7.7+7_amd64.deb ...
Unpacking xfonts-utils (1:7.7+7) ...
Selecting previously unselected package fonts-urw-base35.
Preparing to unpack .../049-fonts-urw-base35_20200910-8_all.deb ...
Unpacking fonts-urw-base35 (20200910-8) ...
Selecting previously unselected package gh.
Preparing to unpack .../050-gh_2.46.0-3_amd64.deb ...
Unpacking gh (2.46.0-3) ...
Selecting previously unselected package libgs-common.
Preparing to unpack .../051-libgs-common_10.05.0dfsg1-0ubuntu1.1_all.deb ...
Unpacking libgs-common (10.05.0dfsg1-0ubuntu1.1) ...
Selecting previously unselected package libgs10-common.
Preparing to unpack .../052-libgs10-common_10.05.0dfsg1-0ubuntu1.1_all.deb ...
Unpacking libgs10-common (10.05.0dfsg1-0ubuntu1.1) ...
Selecting previously unselected package libavahi-common-data:amd64.
Preparing to unpack .../053-libavahi-common-data_0.8-16ubuntu2_amd64.deb ...
Unpacking libavahi-common-data:amd64 (0.8-16ubuntu2) ...
Selecting previously unselected package libavahi-common3:amd64.
Preparing to unpack .../054-libavahi-common3_0.8-16ubuntu2_amd64.deb ...
Unpacking libavahi-common3:amd64 (0.8-16ubuntu2) ...
Selecting previously unselected package libavahi-client3:amd64.
Preparing to unpack .../055-libavahi-client3_0.8-16ubuntu2_amd64.deb ...
Unpacking libavahi-client3:amd64 (0.8-16ubuntu2) ...
Selecting previously unselected package libcups2t64:amd64.
Preparing to unpack .../056-libcups2t64_2.4.12-0ubuntu1_amd64.deb ...
Unpacking libcups2t64:amd64 (2.4.12-0ubuntu1) ...
Selecting previously unselected package libidn12:amd64.
Preparing to unpack .../057-libidn12_1.43-1_amd64.deb ...
Unpacking libidn12:amd64 (1.43-1) ...
Selecting previously unselected package libijs-0.35:amd64.
Preparing to unpack .../058-libijs-0.35_0.35-15.2_amd64.deb ...
Unpacking libijs-0.35:amd64 (0.35-15.2) ...
Selecting previously unselected package libjbig2dec0:amd64.
Preparing to unpack .../059-libjbig2dec0_0.20-1build3_amd64.deb ...
Unpacking libjbig2dec0:amd64 (0.20-1build3) ...
Selecting previously unselected package libpaper2:amd64.
Preparing to unpack .../060-libpaper2_2.2.5-0.3_amd64.deb ...
Unpacking libpaper2:amd64 (2.2.5-0.3) ...
Selecting previously unselected package libgs10:amd64.
Preparing to unpack .../061-libgs10_10.05.0dfsg1-0ubuntu1.1_amd64.deb ...
Unpacking libgs10:amd64 (10.05.0dfsg1-0ubuntu1.1) ...
Selecting previously unselected package ghostscript.
Preparing to unpack .../062-ghostscript_10.05.0dfsg1-0ubuntu1.1_amd64.deb ...
Unpacking ghostscript (10.05.0dfsg1-0ubuntu1.1) ...
Selecting previously unselected package hicolor-icon-theme.
Preparing to unpack .../063-hicolor-icon-theme_0.18-2_all.deb ...
Unpacking hicolor-icon-theme (0.18-2) ...
Selecting previously unselected package imagemagick-7.q16.
Preparing to unpack .../064-imagemagick-7.q16_8%3a7.1.1.43+dfsg1-1_amd64.deb ...
Unpacking imagemagick-7.q16 (8:7.1.1.43+dfsg1-1) ...
Selecting previously unselected package imagemagick.
Preparing to unpack .../065-imagemagick_8%3a7.1.1.43+dfsg1-1_amd64.deb ...
Unpacking imagemagick (8:7.1.1.43+dfsg1-1) ...
Selecting previously unselected package libc6-i386.
Preparing to unpack .../066-libc6-i386_2.41-6ubuntu1.1_amd64.deb ...
Unpacking libc6-i386 (2.41-6ubuntu1.1) ...
Selecting previously unselected package lib32gcc-s1.
Preparing to unpack .../067-lib32gcc-s1_15-20250404-0ubuntu1_amd64.deb ...
Unpacking lib32gcc-s1 (15-20250404-0ubuntu1) ...
Selecting previously unselected package libpixman-1-0:amd64.
Preparing to unpack .../068-libpixman-1-0_0.44.0-3_amd64.deb ...
Unpacking libpixman-1-0:amd64 (0.44.0-3) ...
Selecting previously unselected package libxcb-render0:amd64.
Preparing to unpack .../069-libxcb-render0_1.17.0-2_amd64.deb ...
Unpacking libxcb-render0:amd64 (1.17.0-2) ...
Selecting previously unselected package libcairo2:amd64.
Preparing to unpack .../070-libcairo2_1.18.4-1_amd64.deb ...
Unpacking libcairo2:amd64 (1.18.4-1) ...
Selecting previously unselected package lib32stdc++6.
Preparing to unpack .../071-lib32stdc++6_15-20250404-0ubuntu1_amd64.deb ...
Unpacking lib32stdc++6 (15-20250404-0ubuntu1) ...
Selecting previously unselected package libclang-rt-20-dev:amd64.
Preparing to unpack .../072-libclang-rt-20-dev_1%3a20.1.2-0ubuntu1_amd64.deb ...
Unpacking libclang-rt-20-dev:amd64 (1:20.1.2-0ubuntu1) ...
Selecting previously unselected package libdatrie1:amd64.
Preparing to unpack .../073-libdatrie1_0.2.13-3build1_amd64.deb ...
Unpacking libdatrie1:amd64 (0.2.13-3build1) ...
Selecting previously unselected package libdjvulibre-text.
Preparing to unpack .../074-libdjvulibre-text_3.5.28-2ubuntu0.25.04.1_all.deb ...
Unpacking libdjvulibre-text (3.5.28-2ubuntu0.25.04.1) ...
Selecting previously unselected package libdjvulibre21:amd64.
Preparing to unpack .../075-libdjvulibre21_3.5.28-2ubuntu0.25.04.1_amd64.deb ...
Unpacking libdjvulibre21:amd64 (3.5.28-2ubuntu0.25.04.1) ...
Selecting previously unselected package libgraphite2-3:amd64.
Preparing to unpack .../076-libgraphite2-3_1.3.14-2ubuntu1_amd64.deb ...
Unpacking libgraphite2-3:amd64 (1.3.14-2ubuntu1) ...
Selecting previously unselected package libharfbuzz0b:amd64.
Preparing to unpack .../077-libharfbuzz0b_10.2.0-1_amd64.deb ...
Unpacking libharfbuzz0b:amd64 (10.2.0-1) ...
Selecting previously unselected package libheif-plugin-aomenc:amd64.
Preparing to unpack .../078-libheif-plugin-aomenc_1.19.7-1_amd64.deb ...
Unpacking libheif-plugin-aomenc:amd64 (1.19.7-1) ...
Selecting previously unselected package libimath-3-1-29t64:amd64.
Preparing to unpack .../079-libimath-3-1-29t64_3.1.12-1ubuntu1_amd64.deb ...
Unpacking libimath-3-1-29t64:amd64 (3.1.12-1ubuntu1) ...
Selecting previously unselected package libjxr0t64:amd64.
Preparing to unpack .../080-libjxr0t64_1.2~git20170615.f752187-5.3_amd64.deb ...
Unpacking libjxr0t64:amd64 (1.2~git20170615.f752187-5.3) ...
Selecting previously unselected package libjxr-tools.
Preparing to unpack .../081-libjxr-tools_1.2~git20170615.f752187-5.3_amd64.deb ...
Unpacking libjxr-tools (1.2~git20170615.f752187-5.3) ...
Selecting previously unselected package libopenexr-3-1-30:amd64.
Preparing to unpack .../082-libopenexr-3-1-30_3.1.13-2_amd64.deb ...
Unpacking libopenexr-3-1-30:amd64 (3.1.13-2) ...
Selecting previously unselected package libthai-data.
Preparing to unpack .../083-libthai-data_0.1.29-2build1_all.deb ...
Unpacking libthai-data (0.1.29-2build1) ...
Selecting previously unselected package libthai0:amd64.
Preparing to unpack .../084-libthai0_0.1.29-2build1_amd64.deb ...
Unpacking libthai0:amd64 (0.1.29-2build1) ...
Selecting previously unselected package libpango-1.0-0:amd64.
Preparing to unpack .../085-libpango-1.0-0_1.56.3-1_amd64.deb ...
Unpacking libpango-1.0-0:amd64 (1.56.3-1) ...
Selecting previously unselected package libpangoft2-1.0-0:amd64.
Preparing to unpack .../086-libpangoft2-1.0-0_1.56.3-1_amd64.deb ...
Unpacking libpangoft2-1.0-0:amd64 (1.56.3-1) ...
Selecting previously unselected package libpangocairo-1.0-0:amd64.
Preparing to unpack .../087-libpangocairo-1.0-0_1.56.3-1_amd64.deb ...
Unpacking libpangocairo-1.0-0:amd64 (1.56.3-1) ...
Selecting previously unselected package libwmflite-0.2-7:amd64.
Preparing to unpack .../088-libwmflite-0.2-7_0.2.13-1.1build3_amd64.deb ...
Unpacking libwmflite-0.2-7:amd64 (0.2.13-1.1build3) ...
Selecting previously unselected package libmagickcore-7.q16-10-extra:amd64.
Preparing to unpack .../089-libmagickcore-7.q16-10-extra_8%3a7.1.1.43+dfsg1-1_amd64.deb ...
Unpacking libmagickcore-7.q16-10-extra:amd64 (8:7.1.1.43+dfsg1-1) ...
Selecting previously unselected package mysql-common.
Preparing to unpack .../090-mysql-common_5.8+1.1.1ubuntu1_all.deb ...
Unpacking mysql-common (5.8+1.1.1ubuntu1) ...
Selecting previously unselected package mariadb-common.
Preparing to unpack .../091-mariadb-common_1%3a11.4.7-0ubuntu0.25.04.1_all.deb ...
Unpacking mariadb-common (1:11.4.7-0ubuntu0.25.04.1) ...
Selecting previously unselected package libmariadb3:amd64.
Preparing to unpack .../092-libmariadb3_1%3a11.4.7-0ubuntu0.25.04.1_amd64.deb ...
Unpacking libmariadb3:amd64 (1:11.4.7-0ubuntu0.25.04.1) ...
Selecting previously unselected package libssl-dev:amd64.
Preparing to unpack .../093-libssl-dev_3.4.1-1ubuntu3_amd64.deb ...
Unpacking libssl-dev:amd64 (3.4.1-1ubuntu3) ...
Selecting previously unselected package zlib1g-dev:amd64.
Preparing to unpack .../094-zlib1g-dev_1%3a1.3.dfsg+really1.3.1-1ubuntu1_amd64.deb ...
Unpacking zlib1g-dev:amd64 (1:1.3.dfsg+really1.3.1-1ubuntu1) ...
Selecting previously unselected package libmariadb-dev.
Preparing to unpack .../095-libmariadb-dev_1%3a11.4.7-0ubuntu0.25.04.1_amd64.deb ...
Unpacking libmariadb-dev (1:11.4.7-0ubuntu0.25.04.1) ...
Selecting previously unselected package libncurses-dev:amd64.
Preparing to unpack .../096-libncurses-dev_6.5+20250216-2_amd64.deb ...
Unpacking libncurses-dev:amd64 (6.5+20250216-2) ...
Selecting previously unselected package libnetpbm11t64:amd64.
Preparing to unpack .../097-libnetpbm11t64_2%3a11.09.02-2_amd64.deb ...
Unpacking libnetpbm11t64:amd64 (2:11.09.02-2) ...
Selecting previously unselected package libpaper-utils.
Preparing to unpack .../098-libpaper-utils_2.2.5-0.3_amd64.deb ...
Unpacking libpaper-utils (2.2.5-0.3) ...
Selecting previously unselected package libpq5:amd64.
Preparing to unpack .../099-libpq5_17.5-0ubuntu0.25.04.1_amd64.deb ...
Unpacking libpq5:amd64 (17.5-0ubuntu0.25.04.1) ...
Selecting previously unselected package libpq-dev.
Preparing to unpack .../100-libpq-dev_17.5-0ubuntu0.25.04.1_amd64.deb ...
Unpacking libpq-dev (17.5-0ubuntu0.25.04.1) ...
Selecting previously unselected package libxml2-dev:amd64.
Preparing to unpack .../101-libxml2-dev_2.12.7+dfsg+really2.9.14-0.4ubuntu0.1_amd64.deb ...
Unpacking libxml2-dev:amd64 (2.12.7+dfsg+really2.9.14-0.4ubuntu0.1) ...
Selecting previously unselected package llvm-20-runtime.
Preparing to unpack .../102-llvm-20-runtime_1%3a20.1.2-0ubuntu1_amd64.deb ...
Unpacking llvm-20-runtime (1:20.1.2-0ubuntu1) ...
Selecting previously unselected package llvm-runtime:amd64.
Preparing to unpack .../103-llvm-runtime_1%3a20.0-63ubuntu1_amd64.deb ...
Unpacking llvm-runtime:amd64 (1:20.0-63ubuntu1) ...
Selecting previously unselected package libpfm4:amd64.
Preparing to unpack .../104-libpfm4_4.13.0+git83-g91970fe-1_amd64.deb ...
Unpacking libpfm4:amd64 (4.13.0+git83-g91970fe-1) ...
Selecting previously unselected package llvm-20.
Preparing to unpack .../105-llvm-20_1%3a20.1.2-0ubuntu1_amd64.deb ...
Unpacking llvm-20 (1:20.1.2-0ubuntu1) ...
Selecting previously unselected package llvm.
Preparing to unpack .../106-llvm_1%3a20.0-63ubuntu1_amd64.deb ...
Unpacking llvm (1:20.0-63ubuntu1) ...
Selecting previously unselected package libffi-dev:amd64.
Preparing to unpack .../107-libffi-dev_3.4.7-1_amd64.deb ...
Unpacking libffi-dev:amd64 (3.4.7-1) ...
Selecting previously unselected package llvm-20-tools.
Preparing to unpack .../108-llvm-20-tools_1%3a20.1.2-0ubuntu1_amd64.deb ...
Unpacking llvm-20-tools (1:20.1.2-0ubuntu1) ...
Selecting previously unselected package llvm-20-dev.
Preparing to unpack .../109-llvm-20-dev_1%3a20.1.2-0ubuntu1_amd64.deb ...
Unpacking llvm-20-dev (1:20.1.2-0ubuntu1) ...
Selecting previously unselected package netpbm.
Preparing to unpack .../110-netpbm_2%3a11.09.02-2_amd64.deb ...
Unpacking netpbm (2:11.09.02-2) ...
Setting up libgraphite2-3:amd64 (1.3.14-2ubuntu1) ...
Setting up liblcms2-2:amd64 (2.16-2) ...
Setting up libpixman-1-0:amd64 (0.44.0-3) ...
Setting up libsharpyuv0:amd64 (1.5.0-0.1) ...
Setting up binutils-gold-x86-64-linux-gnu (2.44-2) ...
Setting up libaom3:amd64 (3.12.0-1) ...
Setting up mysql-common (5.8+1.1.1ubuntu1) ...
update-alternatives: using /etc/mysql/my.cnf.fallback to provide /etc/mysql/my.cnf (my.cnf) in auto mode
Setting up fontconfig (2.15.0-2.2ubuntu1) ...
Regenerating fonts cache... done.
Setting up libgpm2:amd64 (1.20.7-11) ...
Setting up liblerc4:amd64 (4.0.0+ds-5ubuntu1) ...
Setting up fonts-noto-mono (20201225-2) ...
Setting up hicolor-icon-theme (0.18-2) ...
Setting up libwmflite-0.2-7:amd64 (0.2.13-1.1build3) ...
Setting up libdatrie1:amd64 (0.2.13-3build1) ...
Setting up libxcb-render0:amd64 (1.17.0-2) ...
Setting up imagemagick-7-common (8:7.1.1.43+dfsg1-1) ...
Setting up binutils-gold (2.44-2) ...
Setting up libclang-common-20-dev:amd64 (1:20.1.2-0ubuntu1) ...
Setting up libijs-0.35:amd64 (0.35-15.2) ...
Setting up libgs-common (10.05.0dfsg1-0ubuntu1.1) ...
Setting up libpq5:amd64 (17.5-0ubuntu0.25.04.1) ...
Setting up libdeflate0:amd64 (1.23-1) ...
Setting up python3-yaml (6.0.2-1build2) ...
Setting up libffi-dev:amd64 (3.4.7-1) ...
Setting up libjbig0:amd64 (2.1-6.1ubuntu2) ...
Setting up libcairo2:amd64 (1.18.4-1) ...
Setting up libnetpbm11t64:amd64 (2:11.09.02-2) ...
Setting up poppler-data (0.4.12-1) ...
Setting up mariadb-common (1:11.4.7-0ubuntu0.25.04.1) ...
update-alternatives: using /etc/mysql/mariadb.cnf to provide /etc/mysql/my.cnf (my.cnf) in auto mode
Setting up libfontenc1:amd64 (1:1.1.8-1build1) ...
Setting up python3-pygments (2.18.0+dfsg-2) ...
Setting up libxml2-dev:amd64 (2.12.7+dfsg+really2.9.14-0.4ubuntu0.1) ...
Setting up libpfm4:amd64 (4.13.0+git83-g91970fe-1) ...
Setting up libjxr0t64:amd64 (1.2~git20170615.f752187-5.3) ...
Setting up libjbig2dec0:amd64 (0.20-1build3) ...
Setting up libavahi-common-data:amd64 (0.8-16ubuntu2) ...
Setting up libncurses6:amd64 (6.5+20250216-2) ...
Setting up xfonts-encodings (1:1.0.5-0ubuntu2) ...
Setting up libfribidi0:amd64 (1.0.16-1) ...
Setting up libssl-dev:amd64 (3.4.1-1ubuntu3) ...
Setting up libimath-3-1-29t64:amd64 (3.1.12-1ubuntu1) ...
Setting up libidn12:amd64 (1.43-1) ...
Setting up libllvm20:amd64 (1:20.1.2-0ubuntu1) ...
Setting up libmariadb3:amd64 (1:11.4.7-0ubuntu0.25.04.1) ...
Setting up gh (2.46.0-3) ...
Setting up libjpeg-turbo8:amd64 (2.1.5-3ubuntu2) ...
Setting up libgc1:amd64 (1:8.2.8-1) ...
Setting up libltdl7:amd64 (2.5.4-4) ...
Setting up libfftw3-double3:amd64 (3.3.10-2fakesync1build1) ...
Setting up libwebp7:amd64 (1.5.0-0.1) ...
Setting up zlib1g-dev:amd64 (1:1.3.dfsg+really1.3.1-1ubuntu1) ...
Setting up liblqr-1-0:amd64 (0.4.2-2.1build2) ...
Setting up libc6-i386 (2.41-6ubuntu1.1) ...
Setting up libopenjp2-7:amd64 (2.5.3-2) ...
Setting up libharfbuzz0b:amd64 (10.2.0-1) ...
Setting up libthai-data (0.1.29-2build1) ...
Setting up fonts-droid-fallback (1:8.1.0r7-1~1.gbp36536b) ...
Setting up libpaper2:amd64 (2.2.5-0.3) ...
debconf: unable to initialize frontend: Dialog
debconf: (Dialog frontend will not work on a dumb terminal, an emacs shell buffer, or without a controlling terminal.)
debconf: falling back to frontend: Readline
debconf: unable to initialize frontend: Readline
debconf: (This frontend requires a controlling tty.)
debconf: falling back to frontend: Teletype
Setting up libdjvulibre-text (3.5.28-2ubuntu0.25.04.1) ...
Setting up libde265-0:amd64 (1.0.15-1build5) ...
Setting up libwebpmux3:amd64 (1.5.0-0.1) ...
Setting up libclang1-20 (1:20.1.2-0ubuntu1) ...
Setting up libjpeg8:amd64 (8c-2ubuntu11) ...
Setting up libncurses-dev:amd64 (6.5+20250216-2) ...
Setting up libjxr-tools (1.2~git20170615.f752187-5.3) ...
Setting up libwebpdemux2:amd64 (1.5.0-0.1) ...
Setting up libdjvulibre21:amd64 (3.5.28-2ubuntu0.25.04.1) ...
Setting up libavahi-common3:amd64 (0.8-16ubuntu2) ...
Setting up llvm-20-runtime (1:20.1.2-0ubuntu1) ...
Setting up libpq-dev (17.5-0ubuntu0.25.04.1) ...
Setting up libobjc4:amd64 (15-20250404-0ubuntu1) ...
Setting up libobjc-14-dev:amd64 (14.2.0-19ubuntu2) ...
Setting up libpaper-utils (2.2.5-0.3) ...
Setting up xfonts-utils (1:7.7+7) ...
Setting up llvm-20-linker-tools (1:20.1.2-0ubuntu1) ...
Setting up llvm-20-tools (1:20.1.2-0ubuntu1) ...
Setting up libthai0:amd64 (0.1.29-2build1) ...
Setting up lib32gcc-s1 (15-20250404-0ubuntu1) ...
Setting up lib32stdc++6 (15-20250404-0ubuntu1) ...
Setting up libclang-cpp20 (1:20.1.2-0ubuntu1) ...
Setting up llvm-runtime:amd64 (1:20.0-63ubuntu1) ...
Setting up libopenexr-3-1-30:amd64 (3.1.13-2) ...
Setting up llvm-20 (1:20.1.2-0ubuntu1) ...
Setting up llvm-20-dev (1:20.1.2-0ubuntu1) ...
Setting up llvm (1:20.0-63ubuntu1) ...
Setting up libraw23t64:amd64 (0.21.3-1ubuntu0.25.04.1) ...
Setting up libmariadb-dev (1:11.4.7-0ubuntu0.25.04.1) ...
Setting up libtiff6:amd64 (4.5.1+git230720-4ubuntu4) ...
Setting up libavahi-client3:amd64 (0.8-16ubuntu2) ...
Setting up clang-20 (1:20.1.2-0ubuntu1) ...
Setting up clang-tools-20 (1:20.1.2-0ubuntu1) ...
Setting up libpango-1.0-0:amd64 (1.56.3-1) ...
Setting up fonts-urw-base35 (20200910-8) ...
Setting up libclang-rt-20-dev:amd64 (1:20.1.2-0ubuntu1) ...
Setting up clang (1:20.0-63ubuntu1) ...
Setting up netpbm (2:11.09.02-2) ...
Setting up libpangoft2-1.0-0:amd64 (1.56.3-1) ...
Setting up libcups2t64:amd64 (2.4.12-0ubuntu1) ...
Setting up libpangocairo-1.0-0:amd64 (1.56.3-1) ...
Setting up libgs10-common (10.05.0dfsg1-0ubuntu1.1) ...
Setting up libgs10:amd64 (10.05.0dfsg1-0ubuntu1.1) ...
Setting up ghostscript (10.05.0dfsg1-0ubuntu1.1) ...
Setting up libheif-plugin-aomdec:amd64 (1.19.7-1) ...
Setting up libheif-plugin-libde265:amd64 (1.19.7-1) ...
Setting up libheif1:amd64 (1.19.7-1) ...
Setting up libmagickcore-7.q16-10:amd64 (8:7.1.1.43+dfsg1-1) ...
Setting up libmagickwand-7.q16-10:amd64 (8:7.1.1.43+dfsg1-1) ...
Setting up libheif-plugin-aomenc:amd64 (1.19.7-1) ...
Setting up libmagickcore-7.q16-10-extra:amd64 (8:7.1.1.43+dfsg1-1) ...
Setting up imagemagick-7.q16 (8:7.1.1.43+dfsg1-1) ...
update-alternatives: using /usr/bin/compare-im7.q16 to provide /usr/bin/compare (compare) in auto mode
update-alternatives: warning: skip creation of /usr/share/man/man1/compare.1.gz because associated file /usr/share/man/man1/compare-im7.q16.1.gz (of link group compare) doesn't exist
update-alternatives: using /usr/bin/compare-im7.q16 to provide /usr/bin/compare-im7 (compare-im7) in auto mode
update-alternatives: warning: skip creation of /usr/share/man/man1/compare-im7.1.gz because associated file /usr/share/man/man1/compare-im7.q16.1.gz (of link group compare-im7) doesn't exist
update-alternatives: using /usr/bin/animate-im7.q16 to provide /usr/bin/animate (animate) in auto mode
update-alternatives: warning: skip creation of /usr/share/man/man1/animate.1.gz because associated file /usr/share/man/man1/animate-im7.q16.1.gz (of link group animate) doesn't exist
update-alternatives: using /usr/bin/animate-im7.q16 to provide /usr/bin/animate-im7 (animate-im7) in auto mode
update-alternatives: warning: skip creation of /usr/share/man/man1/animate-im7.1.gz because associated file /usr/share/man/man1/animate-im7.q16.1.gz (of link group animate-im7) doesn't exist
update-alternatives: using /usr/bin/convert-im7.q16 to provide /usr/bin/convert (convert) in auto mode
update-alternatives: warning: skip creation of /usr/share/man/man1/convert.1.gz because associated file /usr/share/man/man1/convert-im7.q16.1.gz (of link group convert) doesn't exist
update-alternatives: using /usr/bin/convert-im7.q16 to provide /usr/bin/convert-im7 (convert-im7) in auto mode
update-alternatives: warning: skip creation of /usr/share/man/man1/convert-im7.1.gz because associated file /usr/share/man/man1/convert-im7.q16.1.gz (of link group convert-im7) doesn't exist
update-alternatives: using /usr/bin/composite-im7.q16 to provide /usr/bin/composite (composite) in auto mode
update-alternatives: warning: skip creation of /usr/share/man/man1/composite.1.gz because associated file /usr/share/man/man1/composite-im7.q16.1.gz (of link group composite) doesn't exist
update-alternatives: using /usr/bin/composite-im7.q16 to provide /usr/bin/composite-im7 (composite-im7) in auto mode
update-alternatives: warning: skip creation of /usr/share/man/man1/composite-im7.1.gz because associated file /usr/share/man/man1/composite-im7.q16.1.gz (of link group composite-im7) doesn't exist
update-alternatives: using /usr/bin/conjure-im7.q16 to provide /usr/bin/conjure (conjure) in auto mode
update-alternatives: warning: skip creation of /usr/share/man/man1/conjure.1.gz because associated file /usr/share/man/man1/conjure-im7.q16.1.gz (of link group conjure) doesn't exist
update-alternatives: using /usr/bin/conjure-im7.q16 to provide /usr/bin/conjure-im7 (conjure-im7) in auto mode
update-alternatives: warning: skip creation of /usr/share/man/man1/conjure-im7.1.gz because associated file /usr/share/man/man1/conjure-im7.q16.1.gz (of link group conjure-im7) doesn't exist
update-alternatives: using /usr/bin/import-im7.q16 to provide /usr/bin/import (import) in auto mode
update-alternatives: warning: skip creation of /usr/share/man/man1/import.1.gz because associated file /usr/share/man/man1/import-im7.q16.1.gz (of link group import) doesn't exist
update-alternatives: using /usr/bin/import-im7.q16 to provide /usr/bin/import-im7 (import-im7) in auto mode
update-alternatives: warning: skip creation of /usr/share/man/man1/import-im7.1.gz because associated file /usr/share/man/man1/import-im7.q16.1.gz (of link group import-im7) doesn't exist
update-alternatives: using /usr/bin/identify-im7.q16 to provide /usr/bin/identify (identify) in auto mode
update-alternatives: warning: skip creation of /usr/share/man/man1/identify.1.gz because associated file /usr/share/man/man1/identify-im7.q16.1.gz (of link group identify) doesn't exist
update-alternatives: using /usr/bin/identify-im7.q16 to provide /usr/bin/identify-im7 (identify-im7) in auto mode
update-alternatives: warning: skip creation of /usr/share/man/man1/identify-im7.1.gz because associated file /usr/share/man/man1/identify-im7.q16.1.gz (of link group identify-im7) doesn't exist
update-alternatives: using /usr/bin/stream-im7.q16 to provide /usr/bin/stream (stream) in auto mode
update-alternatives: warning: skip creation of /usr/share/man/man1/stream.1.gz because associated file /usr/share/man/man1/stream-im7.q16.1.gz (of link group stream) doesn't exist
update-alternatives: using /usr/bin/stream-im7.q16 to provide /usr/bin/stream-im7 (stream-im7) in auto mode
update-alternatives: warning: skip creation of /usr/share/man/man1/stream-im7.1.gz because associated file /usr/share/man/man1/stream-im7.q16.1.gz (of link group stream-im7) doesn't exist
update-alternatives: using /usr/bin/display-im7.q16 to provide /usr/bin/display (display) in auto mode
update-alternatives: warning: skip creation of /usr/share/man/man1/display.1.gz because associated file /usr/share/man/man1/display-im7.q16.1.gz (of link group display) doesn't exist
update-alternatives: using /usr/bin/display-im7.q16 to provide /usr/bin/display-im7 (display-im7) in auto mode
update-alternatives: warning: skip creation of /usr/share/man/man1/display-im7.1.gz because associated file /usr/share/man/man1/display-im7.q16.1.gz (of link group display-im7) doesn't exist
update-alternatives: using /usr/bin/montage-im7.q16 to provide /usr/bin/montage (montage) in auto mode
update-alternatives: warning: skip creation of /usr/share/man/man1/montage.1.gz because associated file /usr/share/man/man1/montage-im7.q16.1.gz (of link group montage) doesn't exist
update-alternatives: using /usr/bin/montage-im7.q16 to provide /usr/bin/montage-im7 (montage-im7) in auto mode
update-alternatives: warning: skip creation of /usr/share/man/man1/montage-im7.1.gz because associated file /usr/share/man/man1/montage-im7.q16.1.gz (of link group montage-im7) doesn't exist
update-alternatives: using /usr/bin/mogrify-im7.q16 to provide /usr/bin/mogrify (mogrify) in auto mode
update-alternatives: warning: skip creation of /usr/share/man/man1/mogrify.1.gz because associated file /usr/share/man/man1/mogrify-im7.q16.1.gz (of link group mogrify) doesn't exist
update-alternatives: using /usr/bin/mogrify-im7.q16 to provide /usr/bin/mogrify-im7 (mogrify-im7) in auto mode
update-alternatives: warning: skip creation of /usr/share/man/man1/mogrify-im7.1.gz because associated file /usr/share/man/man1/mogrify-im7.q16.1.gz (of link group mogrify-im7) doesn't exist
update-alternatives: using /usr/bin/magick-im7.q16 to provide /usr/bin/magick (magick) in auto mode
update-alternatives: warning: skip creation of /usr/share/man/man1/magick.1.gz because associated file /usr/share/man/man1/magick-im7.q16.1.gz (of link group magick) doesn't exist
update-alternatives: using /usr/bin/magick-im7.q16 to provide /usr/bin/magick-im7 (magick-im7) in auto mode
update-alternatives: warning: skip creation of /usr/share/man/man1/magick-im7.1.gz because associated file /usr/share/man/man1/magick-im7.q16.1.gz (of link group magick-im7) doesn't exist
update-alternatives: using /usr/bin/magick-script-im7.q16 to provide /usr/bin/magick-script (magick-script) in auto mode
update-alternatives: warning: skip creation of /usr/share/man/man1/magick-script.1.gz because associated file /usr/share/man/man1/magick-script-im7.q16.1.gz (of link group magick-script) doesn't exist
update-alternatives: using /usr/bin/magick-script-im7.q16 to provide /usr/bin/magick-script-im7 (magick-script-im7) in auto mode
update-alternatives: warning: skip creation of /usr/share/man/man1/magick-script-im7.1.gz because associated file /usr/share/man/man1/magick-script-im7.q16.1.gz (of link group magick-script-im7) doesn't exist
Setting up imagemagick (8:7.1.1.43+dfsg1-1) ...
Processing triggers for base-files (13.6ubuntu2) ...
Processing triggers for libc-bin (2.41-6ubuntu1.1) ...
Processing triggers for systemd (257.4-1ubuntu3.1) ...
  % Total    % Received % Xferd  Average Speed   Time    Time     Time  Current
                                 Dload  Upload   Total   Spent    Left  Speed
  0     0    0     0    0     0      0      0 --:--:-- --:--:-- --:--:--     0100  9951  100  9951    0     0  64872      0 --:--:-- --:--:-- --:--:-- 65039
mise: installing mise...
#=#=#                                                                          ##O#-#                                                                         ##O=#  #                                                                       ########                                                                  12.3%####################                                                      28.1%###############################                                           43.2%##########################################                                59.3%##################################################                        69.6%########################################################                  78.6%#################################################################         90.6%######################################################################## 100.0%
mise: installed successfully to /home/testuser/.local/bin/mise
mise: run `/home/testuser/.local/bin/mise --help` to get started
  % Total    % Received % Xferd  Average Speed   Time    Time     Time  Current
                                 Dload  Upload   Total   Spent    Left  Speed
  0     0    0     0    0     0      0      0 --:--:-- --:--:-- --:--:--     0  0     0    0     0    0     0      0      0 --:--:-- --:--:-- --:--:--     0
  0     0    0     0    0     0      0      0 --:--:-- --:--:-- --:--:--     0  0     0    0     0    0     0      0      0 --:--:-- --:--:-- --:--:--     0
100 7719k  100 7719k    0     0  10.2M      0 --:--:-- --:--:-- --:--:-- 10.2M
  % Total    % Received % Xferd  Average Speed   Time    Time     Time  Current
                                 Dload  Upload   Total   Spent    Left  Speed
  0     0    0     0    0     0      0      0 --:--:-- --:--:-- --:--:--     0100   884  100   884    0     0   1808      0 --:--:-- --:--:-- --:--:--  1807100   884  100   884    0     0   1807      0 --:--:-- --:--:-- --:--:--  1807
  % Total    % Received % Xferd  Average Speed   Time    Time     Time  Current
                                 Dload  Upload   Total   Spent    Left  Speed
  0     0    0     0    0     0      0      0 --:--:-- --:--:-- --:--:--     0  0     0    0     0    0     0      0      0 --:--:-- --:--:-- --:--:--     0
 16 4570k   16  751k    0     0  1944k      0  0:00:02 --:--:--  0:00:02 1944k100 4570k  100 4570k    0     0  5667k      0 --:--:-- --:--:-- --:--:-- 9092k
lazydocker
[0;32m[TEST][0m ✓ Development tools completed successfully
[0;32m[TEST][0m Running: Power management
Running in Docker - skipping power-profiles-daemon
[0;32m[TEST][0m ✓ Power management completed successfully
[0;32m[TEST][0m === Checking Key Commands ===
[0;32m[TEST][0m ✓ git is installed
[0;32m[TEST][0m ✓ curl is installed
[0;32m[TEST][0m ✓ wget is installed
[0;32m[TEST][0m ✓ gum is installed
[0;32m[TEST][0m ✓ tte is installed
[1;33m[WARNING][0m ✗ fd is not installed
[1;33m[WARNING][0m ✗ bat is not installed
[1;33m[WARNING][0m ✗ rg is not installed
[0;32m[TEST][0m ✓ eza is installed
[0;32m[TEST][0m ✓ zoxide is installed
[0;32m[TEST][0m ✓ fastfetch is installed
[0;32m[TEST][0m ✓ cargo is installed
[0;32m[TEST][0m ✓ pipx is installed
[0;32m[TEST][0m ✓ mise is installed
[0;32m[TEST][0m ✓ lazygit is installed
[0;32m[TEST][0m ✓ gh is installed
[1;33m[WARNING][0m ✗ docker is not installed
[0;32m[TEST][0m ✓ alacritty is installed
[0;32m[TEST][0m === Testing Package Manager Helper ===

WARNING: apt does not have a stable CLI interface. Use with caution in scripts.

Hit:1 http://archive.ubuntu.com/ubuntu plucky InRelease
Hit:2 http://archive.ubuntu.com/ubuntu plucky-updates InRelease
Hit:3 http://archive.ubuntu.com/ubuntu plucky-backports InRelease
Hit:4 http://security.ubuntu.com/ubuntu plucky-security InRelease
Hit:5 http://deb.gierens.de stable InRelease
Get:6 https://repo.charm.sh/apt * InRelease
Ign:7 https://ppa.launchpadcontent.net/aslatter/ppa/ubuntu plucky InRelease
Hit:8 https://ppa.launchpadcontent.net/zhangsongcui3371/fastfetch/ubuntu plucky InRelease
Err:9 https://ppa.launchpadcontent.net/aslatter/ppa/ubuntu plucky Release
  404  Not Found [IP: 185.125.190.80 443]
Reading package lists...
Error: The repository 'https://ppa.launchpadcontent.net/aslatter/ppa/ubuntu plucky Release' does not have a Release file.
[1;33m[WARNING][0m ⚠ Package update had issues
[0;32m[TEST][0m === Environment Information ===
[0;32m[TEST][0m Current PATH: /home/testuser/.cargo/bin:/home/testuser/.local/bin:/usr/local/bin:/home/testuser/.cargo/bin:/home/testuser/.local/bin:/usr/local/bin:/home/testuser/.cargo/bin:/home/testuser/.local/bin:/usr/local/bin:/home/testuser/.cargo/bin:/home/testuser/.local/bin:/usr/local/bin:/home/testuser/.cargo/bin:/home/testuser/.local/bin:/usr/local/bin:/home/testuser/.cargo/bin:/home/testuser/.local/bin:/usr/local/bin:/usr/local/sbin:/usr/local/bin:/usr/sbin:/usr/bin:/sbin:/bin
[0;32m[TEST][0m HOME: /home/testuser
[0;32m[TEST][0m === Tool Locations ===
[0;32m[TEST][0m pipx: /usr/bin/pipx
[0;32m[TEST][0m tte: /home/testuser/.local/bin/tte
[0;32m[TEST][0m eza: /usr/bin/eza
[0;32m[TEST][0m zoxide: /home/testuser/.local/bin/zoxide
[0;32m[TEST][0m fastfetch: /usr/bin/fastfetch
[0;32m[TEST][0m cargo: /home/testuser/.cargo/bin/cargo
[0;32m[TEST][0m mise: /home/testuser/.local/bin/mise
[0;32m[TEST][0m === Checking expected locations ===
[0;32m[TEST][0m ✓ Found: /home/testuser/.local/bin/tte
[1;33m[WARNING][0m ✗ Missing: /home/testuser/.local/bin/pipx
[0;32m[TEST][0m ✓ Found: /home/testuser/.cargo/bin/cargo
[0;32m[TEST][0m ✓ Found: /home/testuser/.local/bin/mise
[1;33m[WARNING][0m ✗ Missing: /usr/local/bin/fd
[1;33m[WARNING][0m ✗ Missing: /usr/local/bin/bat
[1;33m[WARNING][0m ✗ Missing: /usr/local/bin/rg
[0;32m[TEST][0m === Test Summary ===
[0;32m[TEST][0m Successfully installed: 14 tools
[0;32m[TEST][0m Failed to install: 4 tools
[1;33m[WARNING][0m Commands not found: fd bat rg docker
[0;32m[TEST][0m Note: This test runs in Docker which has systemd limitations
[0;32m[TEST][0m Some services (snapd, power-profiles-daemon) may not start properly
[0;32m[TEST][0m For full testing, run on a real Ubuntu 25.04 system with GUI capabilities
Exit code: 0
